ERC report (2026-07-19T23:21:12, Encoding UTF8)
Report includes: Errors, Warnings, Exclusions

***** Sheet /
[lib_symbol_issues]: The current configuration does not include the symbol library 'elt'
    ; warning
    @(35.56 mm, 26.67 mm): Symbol C1 [SYM_C1]
[lib_symbol_issues]: The current configuration does not include the symbol library 'elt'
    ; warning
    @(35.56 mm, 73.66 mm): Symbol J7 [SYM_J7]
[lib_symbol_issues]: The current configuration does not include the symbol library 'elt'
    ; warning
    @(35.56 mm, 104.14 mm): Symbol R20 [SYM_R20]
[lib_symbol_issues]: The current configuration does not include the symbol library 'elt'
    ; warning
    @(39.37 mm, 130.81 mm): Symbol R44 [SYM_R44]
[lib_symbol_issues]: The current configuration does not include the symbol library 'elt'
    ; warning
    @(44.45 mm, 26.67 mm): Symbol #FLG01 [PWR_FLAG]
[lib_symbol_issues]: The current configuration does not include the symbol library 'elt'
    ; warning
    @(44.45 mm, 26.67 mm): Symbol #PWR01 [GND]
[lib_symbol_issues]: The current configuration does not include the symbol library 'elt'
    ; warning
    @(44.45 mm, 104.14 mm): Symbol #PWR32 [GND]
[lib_symbol_issues]: The current configuration does not include the symbol library 'elt'
    ; warning
    @(80.01 mm, 26.67 mm): Symbol C2 [SYM_C2]
[lib_symbol_issues]: The current configuration does not include the symbol library 'elt'
    ; warning
    @(80.01 mm, 73.66 mm): Symbol J8 [SYM_J8]
[lib_symbol_issues]: The current configuration does not include the symbol library 'elt'
    ; warning
    @(80.01 mm, 104.14 mm): Symbol R21 [SYM_R21]
[lib_symbol_issues]: The current configuration does not include the symbol library 'elt'
    ; warning
    @(88.90 mm, 26.67 mm): Symbol #PWR02 [GND]
[lib_symbol_issues]: The current configuration does not include the symbol library 'elt'
    ; warning
    @(88.90 mm, 104.14 mm): Symbol #PWR33 [GND]
[lib_symbol_issues]: The current configuration does not include the symbol library 'elt'
    ; warning
    @(90.17 mm, 130.81 mm): Symbol R45 [SYM_R45]
[lib_symbol_issues]: The current configuration does not include the symbol library 'elt'
    ; warning
    @(124.46 mm, 73.66 mm): Symbol J9 [SYM_J9]
[lib_symbol_issues]: The current configuration does not include the symbol library 'elt'
    ; warning
    @(124.46 mm, 104.14 mm): Symbol R22 [SYM_R22]
[lib_symbol_issues]: The current configuration does not include the symbol library 'elt'
    ; warning
    @(125.73 mm, 26.67 mm): Symbol C3 [SYM_C3]
[lib_symbol_issues]: The current configuration does not include the symbol library 'elt'
    ; warning
    @(133.35 mm, 104.14 mm): Symbol #PWR34 [GND]
[lib_symbol_issues]: The current configuration does not include the symbol library 'elt'
    ; warning
    @(134.62 mm, 26.67 mm): Symbol #PWR03 [GND]
[lib_symbol_issues]: The current configuration does not include the symbol library 'elt'
    ; warning
    @(138.43 mm, 130.81 mm): Symbol R50 [SYM_R50]
[lib_symbol_issues]: The current configuration does not include the symbol library 'elt'
    ; warning
    @(170.18 mm, 104.14 mm): Symbol R23 [SYM_R23]
[lib_symbol_issues]: The current configuration does not include the symbol library 'elt'
    ; warning
    @(172.72 mm, 26.67 mm): Symbol C4 [SYM_C4]
[lib_symbol_issues]: The current configuration does not include the symbol library 'elt'
    ; warning
    @(172.72 mm, 73.66 mm): Symbol J10 [SYM_J10]
[lib_symbol_issues]: The current configuration does not include the symbol library 'elt'
    ; warning
    @(181.61 mm, 26.67 mm): Symbol #PWR04 [GND]
[lib_symbol_issues]: The current configuration does not include the symbol library 'elt'
    ; warning
    @(181.61 mm, 73.66 mm): Symbol #PWR21 [GND]
[lib_symbol_issues]: The current configuration does not include the symbol library 'elt'
    ; warning
    @(184.15 mm, 130.81 mm): Symbol R51 [SYM_R51]
[lib_symbol_issues]: The current configuration does not include the symbol library 'elt'
    ; warning
    @(215.90 mm, 104.14 mm): Symbol R24 [SYM_R24]
[lib_symbol_issues]: The current configuration does not include the symbol library 'elt'
    ; warning
    @(218.44 mm, 26.67 mm): Symbol C5 [SYM_C5]
[lib_symbol_issues]: The current configuration does not include the symbol library 'elt'
    ; warning
    @(222.25 mm, 73.66 mm): Symbol J11 [SYM_J11]
[lib_symbol_issues]: The current configuration does not include the symbol library 'elt'
    ; warning
    @(227.33 mm, 26.67 mm): Symbol #PWR05 [GND]
[lib_symbol_issues]: The current configuration does not include the symbol library 'elt'
    ; warning
    @(231.14 mm, 73.66 mm): Symbol #PWR22 [GND]
[lib_symbol_issues]: The current configuration does not include the symbol library 'elt'
    ; warning
    @(231.14 mm, 130.81 mm): Symbol SW1 [SYM_SW1]
[lib_symbol_issues]: The current configuration does not include the symbol library 'elt'
    ; warning
    @(240.03 mm, 130.81 mm): Symbol #PWR38 [GND]
[lib_symbol_issues]: The current configuration does not include the symbol library 'elt'
    ; warning
    @(262.89 mm, 104.14 mm): Symbol R25 [SYM_R25]
[lib_symbol_issues]: The current configuration does not include the symbol library 'elt'
    ; warning
    @(264.16 mm, 26.67 mm): Symbol C6 [SYM_C6]
[lib_symbol_issues]: The current configuration does not include the symbol library 'elt'
    ; warning
    @(273.05 mm, 26.67 mm): Symbol #PWR06 [GND]
[lib_symbol_issues]: The current configuration does not include the symbol library 'elt'
    ; warning
    @(273.05 mm, 73.66 mm): Symbol J12 [SYM_J12]
[lib_symbol_issues]: The current configuration does not include the symbol library 'elt'
    ; warning
    @(276.86 mm, 130.81 mm): Symbol SW2 [SYM_SW2]
[lib_symbol_issues]: The current configuration does not include the symbol library 'elt'
    ; warning
    @(281.94 mm, 73.66 mm): Symbol #PWR23 [GND]
[lib_symbol_issues]: The current configuration does not include the symbol library 'elt'
    ; warning
    @(285.75 mm, 130.81 mm): Symbol #PWR39 [GND]
[lib_symbol_issues]: The current configuration does not include the symbol library 'elt'
    ; warning
    @(308.61 mm, 26.67 mm): Symbol C7 [SYM_C7]
[lib_symbol_issues]: The current configuration does not include the symbol library 'elt'
    ; warning
    @(308.61 mm, 104.14 mm): Symbol R26 [SYM_R26]
[lib_symbol_issues]: The current configuration does not include the symbol library 'elt'
    ; warning
    @(313.69 mm, 76.20 mm): Symbol #PWR24 [GND]
[lib_symbol_issues]: The current configuration does not include the symbol library 'elt'
    ; warning
    @(317.50 mm, 26.67 mm): Symbol #PWR07 [GND]
[lib_symbol_issues]: The current configuration does not include the symbol library 'elt'
    ; warning
    @(317.50 mm, 104.14 mm): Symbol #PWR35 [GND]
[lib_symbol_issues]: The current configuration does not include the symbol library 'elt'
    ; warning
    @(322.58 mm, 74.93 mm): Symbol Q1 [SYM_Q1]
[lib_symbol_issues]: The current configuration does not include the symbol library 'elt'
    ; warning
    @(330.20 mm, 130.81 mm): Symbol TP1 [SYM_TP1]
[lib_symbol_issues]: The current configuration does not include the symbol library 'elt'
    ; warning
    @(355.60 mm, 104.14 mm): Symbol R27 [SYM_R27]
[lib_symbol_issues]: The current configuration does not include the symbol library 'elt'
    ; warning
    @(358.14 mm, 26.67 mm): Symbol C8 [SYM_C8]
[lib_symbol_issues]: The current configuration does not include the symbol library 'elt'
    ; warning
    @(361.95 mm, 76.20 mm): Symbol #PWR25 [GND]
[lib_symbol_issues]: The current configuration does not include the symbol library 'elt'
    ; warning
    @(364.49 mm, 104.14 mm): Symbol #PWR36 [GND]
[lib_symbol_issues]: The current configuration does not include the symbol library 'elt'
    ; warning
    @(367.03 mm, 26.67 mm): Symbol #PWR08 [GND]
[lib_symbol_issues]: The current configuration does not include the symbol library 'elt'
    ; warning
    @(370.84 mm, 74.93 mm): Symbol Q2 [SYM_Q2]
[lib_symbol_issues]: The current configuration does not include the symbol library 'elt'
    ; warning
    @(393.70 mm, 130.81 mm): Symbol TP2 [SYM_TP2]
[lib_symbol_issues]: The current configuration does not include the symbol library 'elt'
    ; warning
    @(401.32 mm, 104.14 mm): Symbol R28 [SYM_R28]
[lib_symbol_issues]: The current configuration does not include the symbol library 'elt'
    ; warning
    @(407.67 mm, 26.67 mm): Symbol C9 [SYM_C9]
[lib_symbol_issues]: The current configuration does not include the symbol library 'elt'
    ; warning
    @(410.21 mm, 104.14 mm): Symbol #PWR37 [GND]
[lib_symbol_issues]: The current configuration does not include the symbol library 'elt'
    ; warning
    @(411.48 mm, 76.20 mm): Symbol #PWR26 [GND]
[lib_symbol_issues]: The current configuration does not include the symbol library 'elt'
    ; warning
    @(416.56 mm, 26.67 mm): Symbol #PWR09 [GND]
[lib_symbol_issues]: The current configuration does not include the symbol library 'elt'
    ; warning
    @(420.37 mm, 74.93 mm): Symbol Q3 [SYM_Q3]
[lib_symbol_issues]: The current configuration does not include the symbol library 'elt'
    ; warning
    @(449.58 mm, 104.14 mm): Symbol R29 [SYM_R29]
[lib_symbol_issues]: The current configuration does not include the symbol library 'elt'
    ; warning
    @(458.47 mm, 26.67 mm): Symbol C10 [SYM_C10]
[lib_symbol_issues]: The current configuration does not include the symbol library 'elt'
    ; warning
    @(458.47 mm, 130.81 mm): Symbol TP3 [SYM_TP3]
[lib_symbol_issues]: The current configuration does not include the symbol library 'elt'
    ; warning
    @(466.09 mm, 73.66 mm): Symbol R1 [SYM_R1]
[lib_symbol_issues]: The current configuration does not include the symbol library 'elt'
    ; warning
    @(467.36 mm, 26.67 mm): Symbol #PWR10 [GND]
[lib_symbol_issues]: The current configuration does not include the symbol library 'elt'
    ; warning
    @(474.98 mm, 73.66 mm): Symbol #PWR27 [GND]
[lib_symbol_issues]: The current configuration does not include the symbol library 'elt'
    ; warning
    @(497.84 mm, 104.14 mm): Symbol R30 [SYM_R30]
[lib_symbol_issues]: The current configuration does not include the symbol library 'elt'
    ; warning
    @(506.73 mm, 26.67 mm): Symbol C11 [SYM_C11]
[lib_symbol_issues]: The current configuration does not include the symbol library 'elt'
    ; warning
    @(510.54 mm, 73.66 mm): Symbol R2 [SYM_R2]
[lib_symbol_issues]: The current configuration does not include the symbol library 'elt'
    ; warning
    @(515.62 mm, 26.67 mm): Symbol #PWR11 [GND]
[lib_symbol_issues]: The current configuration does not include the symbol library 'elt'
    ; warning
    @(519.43 mm, 73.66 mm): Symbol #PWR28 [GND]
[lib_symbol_issues]: The current configuration does not include the symbol library 'elt'
    ; warning
    @(519.43 mm, 130.81 mm): Symbol TP4 [SYM_TP4]
[lib_symbol_issues]: The current configuration does not include the symbol library 'elt'
    ; warning
    @(546.10 mm, 104.14 mm): Symbol R31 [SYM_R31]
[lib_symbol_issues]: The current configuration does not include the symbol library 'elt'
    ; warning
    @(549.91 mm, 26.67 mm): Symbol C12 [SYM_C12]
[lib_symbol_issues]: The current configuration does not include the symbol library 'elt'
    ; warning
    @(556.26 mm, 73.66 mm): Symbol R3 [SYM_R3]
[lib_symbol_issues]: The current configuration does not include the symbol library 'elt'
    ; warning
    @(558.80 mm, 26.67 mm): Symbol #PWR12 [GND]
[lib_symbol_issues]: The current configuration does not include the symbol library 'elt'
    ; warning
    @(580.39 mm, 130.81 mm): Symbol TP5 [SYM_TP5]
[lib_symbol_issues]: The current configuration does not include the symbol library 'elt'
    ; warning
    @(589.28 mm, 29.21 mm): Symbol #PWR13 [GND]
[lib_symbol_issues]: The current configuration does not include the symbol library 'elt'
    ; warning
    @(594.36 mm, 104.14 mm): Symbol R32 [SYM_R32]
[lib_symbol_issues]: The current configuration does not include the symbol library 'elt'
    ; warning
    @(599.44 mm, 29.21 mm): Symbol D1 [SYM_D1]
[lib_symbol_issues]: The current configuration does not include the symbol library 'elt'
    ; warning
    @(603.25 mm, 73.66 mm): Symbol R4 [SYM_R4]
[lib_symbol_issues]: The current configuration does not include the symbol library 'elt'
    ; warning
    @(623.57 mm, 130.81 mm): Symbol #PWR40 [GND]
[lib_symbol_issues]: The current configuration does not include the symbol library 'elt'
    ; warning
    @(640.08 mm, 130.81 mm): Symbol TP6 [SYM_TP6]
[lib_symbol_issues]: The current configuration does not include the symbol library 'elt'
    ; warning
    @(641.35 mm, 26.67 mm): Symbol #PWR14 [GND]
[lib_symbol_issues]: The current configuration does not include the symbol library 'elt'
    ; warning
    @(643.89 mm, 104.14 mm): Symbol R33 [SYM_R33]
[lib_symbol_issues]: The current configuration does not include the symbol library 'elt'
    ; warning
    @(650.24 mm, 26.67 mm): Symbol D2 [SYM_D2]
[lib_symbol_issues]: The current configuration does not include the symbol library 'elt'
    ; warning
    @(651.51 mm, 73.66 mm): Symbol R10 [SYM_R10]
[lib_symbol_issues]: The current configuration does not include the symbol library 'elt'
    ; warning
    @(687.07 mm, 130.81 mm): Symbol #PWR41 [GND]
[lib_symbol_issues]: The current configuration does not include the symbol library 'elt'
    ; warning
    @(690.88 mm, 26.67 mm): Symbol #PWR15 [GND]
[lib_symbol_issues]: The current configuration does not include the symbol library 'elt'
    ; warning
    @(690.88 mm, 44.45 mm): Symbol #PWR16 [GND]
[lib_symbol_issues]: The current configuration does not include the symbol library 'elt'
    ; warning
    @(690.88 mm, 46.99 mm): Symbol #PWR17 [GND]
[lib_symbol_issues]: The current configuration does not include the symbol library 'elt'
    ; warning
    @(692.15 mm, 104.14 mm): Symbol R34 [SYM_R34]
[lib_symbol_issues]: The current configuration does not include the symbol library 'elt'
    ; warning
    @(697.23 mm, 156.21 mm): Symbol U1 [SYM_U1]
[lib_symbol_issues]: The current configuration does not include the symbol library 'elt'
    ; warning
    @(699.77 mm, 36.83 mm): Symbol J1 [SYM_J1]
[lib_symbol_issues]: The current configuration does not include the symbol library 'elt'
    ; warning
    @(699.77 mm, 73.66 mm): Symbol R11 [SYM_R11]
[lib_symbol_issues]: The current configuration does not include the symbol library 'elt'
    ; warning
    @(707.39 mm, 176.53 mm): Symbol #PWR42 [GND]
[lib_symbol_issues]: The current configuration does not include the symbol library 'elt'
    ; warning
    @(707.39 mm, 179.07 mm): Symbol #PWR43 [GND]
[lib_symbol_issues]: The current configuration does not include the symbol library 'elt'
    ; warning
    @(708.66 mm, 41.91 mm): Symbol #PWR18 [GND]
[lib_symbol_issues]: The current configuration does not include the symbol library 'elt'
    ; warning
    @(708.66 mm, 44.45 mm): Symbol #PWR19 [GND]
[lib_symbol_issues]: The current configuration does not include the symbol library 'elt'
    ; warning
    @(708.66 mm, 73.66 mm): Symbol #PWR29 [GND]
[lib_symbol_issues]: The current configuration does not include the symbol library 'elt'
    ; warning
    @(737.87 mm, 130.81 mm): Symbol #PWR44 [GND]
[lib_symbol_issues]: The current configuration does not include the symbol library 'elt'
    ; warning
    @(739.14 mm, 26.67 mm): Symbol #PWR20 [GND]
[lib_symbol_issues]: The current configuration does not include the symbol library 'elt'
    ; warning
    @(741.68 mm, 104.14 mm): Symbol R40 [SYM_R40]
[lib_symbol_issues]: The current configuration does not include the symbol library 'elt'
    ; warning
    @(746.76 mm, 132.08 mm): Symbol U2 [SYM_U2]
[lib_symbol_issues]: The current configuration does not include the symbol library 'elt'
    ; warning
    @(748.03 mm, 73.66 mm): Symbol R12 [SYM_R12]
[lib_symbol_issues]: The current configuration does not include the symbol library 'elt'
    ; warning
    @(749.30 mm, 27.94 mm): Symbol J2 [SYM_J2]
[lib_symbol_issues]: The current configuration does not include the symbol library 'elt'
    ; warning
    @(792.48 mm, 104.14 mm): Symbol R41 [SYM_R41]
[lib_symbol_issues]: The current configuration does not include the symbol library 'elt'
    ; warning
    @(793.75 mm, 138.43 mm): Symbol U3 [SYM_U3]
[lib_symbol_issues]: The current configuration does not include the symbol library 'elt'
    ; warning
    @(797.56 mm, 26.67 mm): Symbol J4 [SYM_J4]
[lib_symbol_issues]: The current configuration does not include the symbol library 'elt'
    ; warning
    @(797.56 mm, 73.66 mm): Symbol R13 [SYM_R13]
[lib_symbol_issues]: The current configuration does not include the symbol library 'elt'
    ; warning
    @(802.64 mm, 138.43 mm): Symbol #PWR45 [GND]
[lib_symbol_issues]: The current configuration does not include the symbol library 'elt'
    ; warning
    @(802.64 mm, 140.97 mm): Symbol #PWR46 [GND]
[lib_symbol_issues]: The current configuration does not include the symbol library 'elt'
    ; warning
    @(806.45 mm, 73.66 mm): Symbol #PWR30 [GND]
[lib_symbol_issues]: The current configuration does not include the symbol library 'elt'
    ; warning
    @(842.01 mm, 104.14 mm): Symbol R42 [SYM_R42]
[lib_symbol_issues]: The current configuration does not include the symbol library 'elt'
    ; warning
    @(843.28 mm, 26.67 mm): Symbol J5 [SYM_J5]
[lib_symbol_issues]: The current configuration does not include the symbol library 'elt'
    ; warning
    @(845.82 mm, 73.66 mm): Symbol R14 [SYM_R14]
[lib_symbol_issues]: The current configuration does not include the symbol library 'elt'
    ; warning
    @(890.27 mm, 26.67 mm): Symbol J6 [SYM_J6]
[lib_symbol_issues]: The current configuration does not include the symbol library 'elt'
    ; warning
    @(892.81 mm, 104.14 mm): Symbol R43 [SYM_R43]
[lib_symbol_issues]: The current configuration does not include the symbol library 'elt'
    ; warning
    @(894.08 mm, 73.66 mm): Symbol R15 [SYM_R15]
[lib_symbol_issues]: The current configuration does not include the symbol library 'elt'
    ; warning
    @(902.97 mm, 73.66 mm): Symbol #PWR31 [GND]

 ** ERC messages: 119  Errors 0  Warnings 119

 ** Ignored checks:
    - Global label only appears once in the schematic
    - Four connection points are joined together
    - SPICE model issue
    - Assigned footprint doesn't match footprint filters
