ERC report (2026-07-24T09:01:56, Encoding UTF8)
Report includes: Errors, Warnings, Exclusions

***** Sheet /
[footprint_link_issues]: The current configuration does not include the footprint library 'TestPoint'
    ; warning
    @(30.48 mm, 68.58 mm): Symbol TP_C_U1 [SYM_TP_C_U1]
[lib_symbol_issues]: The current configuration does not include the symbol library 'elt'
    ; warning
    @(30.48 mm, 68.58 mm): Symbol TP_C_U1 [SYM_TP_C_U1]
[footprint_link_issues]: The current configuration does not include the footprint library 'TestPoint'
    ; warning
    @(36.83 mm, 50.80 mm): Symbol TP_C_U3 [SYM_TP_C_U3]
[lib_symbol_issues]: The current configuration does not include the symbol library 'elt'
    ; warning
    @(36.83 mm, 50.80 mm): Symbol TP_C_U3 [SYM_TP_C_U3]
[endpoint_off_grid]: Symbol pin or wire end off connection grid
    ; warning
    @(48.895 mm, 86.36 mm): Horizontal Wire, length 3.175 mm
[endpoint_off_grid]: Symbol pin or wire end off connection grid
    ; warning
    @(48.895 mm, 86.36 mm): Symbol TP_M_U2 Pin 1 [Passive, Line]
[footprint_link_issues]: The current configuration does not include the footprint library 'TestPoint'
    ; warning
    @(50.80 mm, 68.58 mm): Symbol TP_M_U1 [SYM_TP_M_U1]
[lib_symbol_issues]: The current configuration does not include the symbol library 'elt'
    ; warning
    @(50.80 mm, 68.58 mm): Symbol TP_M_U1 [SYM_TP_M_U1]
[footprint_link_issues]: The current configuration does not include the footprint library 'TestPoint'
    ; warning
    @(50.80 mm, 104.14 mm): Symbol TP_C_U2 [SYM_TP_C_U2]
[lib_symbol_issues]: The current configuration does not include the symbol library 'elt'
    ; warning
    @(50.80 mm, 104.14 mm): Symbol TP_C_U2 [SYM_TP_C_U2]
[endpoint_off_grid]: Symbol pin or wire end off connection grid
    ; warning
    @(51.435 mm, 48.26 mm): Horizontal Wire, length 19.685 mm
[endpoint_off_grid]: Symbol pin or wire end off connection grid
    ; warning
    @(51.435 mm, 50.80 mm): Vertical Wire, length 2.54 mm
[footprint_link_issues]: The current configuration does not include the footprint library 'TestPoint'
    ; warning
    @(51.435 mm, 86.36 mm): Symbol TP_M_U2 [SYM_TP_M_U2]
[lib_symbol_issues]: The current configuration does not include the symbol library 'elt'
    ; warning
    @(51.435 mm, 86.36 mm): Symbol TP_M_U2 [SYM_TP_M_U2]
[endpoint_off_grid]: Symbol pin or wire end off connection grid
    ; warning
    @(53.975 mm, 50.80 mm): Horizontal Wire, length 2.54 mm
[endpoint_off_grid]: Symbol pin or wire end off connection grid
    ; warning
    @(53.975 mm, 50.80 mm): Symbol TP_M_U3 Pin 1 [Passive, Line]
[footprint_link_issues]: The current configuration does not include the footprint library 'TestPoint'
    ; warning
    @(56.515 mm, 50.80 mm): Symbol TP_M_U3 [SYM_TP_M_U3]
[lib_symbol_issues]: The current configuration does not include the symbol library 'elt'
    ; warning
    @(56.515 mm, 50.80 mm): Symbol TP_M_U3 [SYM_TP_M_U3]
[endpoint_off_grid]: Symbol pin or wire end off connection grid
    ; warning
    @(65.405 mm, 102.87 mm): Horizontal Wire, length 3.175 mm
[endpoint_off_grid]: Symbol pin or wire end off connection grid
    ; warning
    @(65.405 mm, 120.65 mm): Vertical Wire, length 17.78 mm
[endpoint_off_grid]: Symbol pin or wire end off connection grid
    ; warning
    @(67.945 mm, 120.65 mm): Symbol TP_C_U5 Pin 1 [Passive, Line]
[endpoint_off_grid]: Symbol pin or wire end off connection grid
    ; warning
    @(67.945 mm, 120.65 mm): Horizontal Wire, length 2.54 mm
[footprint_link_issues]: The current configuration does not include the footprint library 'TestPoint'
    ; warning
    @(70.485 mm, 120.65 mm): Symbol TP_C_U5 [SYM_TP_C_U5]
[lib_symbol_issues]: The current configuration does not include the symbol library 'elt'
    ; warning
    @(70.485 mm, 120.65 mm): Symbol TP_C_U5 [SYM_TP_C_U5]
[footprint_link_issues]: The current configuration does not include the footprint library 'TestPoint'
    ; warning
    @(71.12 mm, 102.87 mm): Symbol TP_M_U5 [SYM_TP_M_U5]
[lib_symbol_issues]: The current configuration does not include the symbol library 'elt'
    ; warning
    @(71.12 mm, 102.87 mm): Symbol TP_M_U5 [SYM_TP_M_U5]
[footprint_link_issues]: The current configuration does not include the footprint library 'cooksense'
    ; warning
    @(76.20 mm, 73.66 mm): Symbol J_MEMBRANE [SYM_J_MEMBRANE]
[lib_symbol_issues]: The current configuration does not include the symbol library 'elt'
    ; warning
    @(76.20 mm, 73.66 mm): Symbol J_MEMBRANE [SYM_J_MEMBRANE]
[endpoint_off_grid]: Symbol pin or wire end off connection grid
    ; warning
    @(97.155 mm, 81.28 mm): Horizontal Wire, length 8.255 mm
[endpoint_off_grid]: Symbol pin or wire end off connection grid
    ; warning
    @(97.155 mm, 102.87 mm): Horizontal Wire, length 2.54 mm
[endpoint_off_grid]: Symbol pin or wire end off connection grid
    ; warning
    @(97.155 mm, 102.87 mm): Vertical Wire, length 21.59 mm
[endpoint_off_grid]: Symbol pin or wire end off connection grid
    ; warning
    @(97.155 mm, 120.65 mm): Vertical Wire, length 17.78 mm
[endpoint_off_grid]: Symbol pin or wire end off connection grid
    ; warning
    @(99.695 mm, 68.58 mm): Symbol J_CN1_JUMPER Pin 1 [Passive, Line]
[endpoint_off_grid]: Symbol pin or wire end off connection grid
    ; warning
    @(88.90 mm, 76.20 mm): Horizontal Wire, length 10.795 mm
[endpoint_off_grid]: Symbol pin or wire end off connection grid
    ; warning
    @(99.695 mm, 102.87 mm): Symbol TP_M_U4 Pin 1 [Passive, Line]
[endpoint_off_grid]: Symbol pin or wire end off connection grid
    ; warning
    @(99.695 mm, 102.87 mm): Horizontal Wire, length 2.54 mm
[endpoint_off_grid]: Symbol pin or wire end off connection grid
    ; warning
    @(99.695 mm, 120.65 mm): Symbol TP_C_U4 Pin 1 [Passive, Line]
[endpoint_off_grid]: Symbol pin or wire end off connection grid
    ; warning
    @(99.695 mm, 120.65 mm): Horizontal Wire, length 2.54 mm
[footprint_link_issues]: The current configuration does not include the footprint library 'TestPoint'
    ; warning
    @(102.235 mm, 102.87 mm): Symbol TP_M_U4 [SYM_TP_M_U4]
[lib_symbol_issues]: The current configuration does not include the symbol library 'elt'
    ; warning
    @(102.235 mm, 102.87 mm): Symbol TP_M_U4 [SYM_TP_M_U4]
[footprint_link_issues]: The current configuration does not include the footprint library 'TestPoint'
    ; warning
    @(102.235 mm, 120.65 mm): Symbol TP_C_U4 [SYM_TP_C_U4]
[lib_symbol_issues]: The current configuration does not include the symbol library 'elt'
    ; warning
    @(102.235 mm, 120.65 mm): Symbol TP_C_U4 [SYM_TP_C_U4]
[footprint_link_issues]: The current configuration does not include the footprint library 'cooksense'
    ; warning
    @(107.315 mm, 73.66 mm): Symbol J_CN1_JUMPER [SYM_J_CN1_JUMPER]
[lib_symbol_issues]: The current configuration does not include the symbol library 'elt'
    ; warning
    @(107.315 mm, 73.66 mm): Symbol J_CN1_JUMPER [SYM_J_CN1_JUMPER]
[endpoint_off_grid]: Symbol pin or wire end off connection grid
    ; warning
    @(112.395 mm, 26.67 mm): Vertical Wire, length 17.78 mm
[endpoint_off_grid]: Symbol pin or wire end off connection grid
    ; warning
    @(112.395 mm, 44.45 mm): Horizontal Wire, length 2.54 mm
[endpoint_off_grid]: Symbol pin or wire end off connection grid
    ; warning
    @(114.935 mm, 26.67 mm): Symbol TP_C_D3 Pin 1 [Passive, Line]
[endpoint_off_grid]: Symbol pin or wire end off connection grid
    ; warning
    @(114.935 mm, 26.67 mm): Horizontal Wire, length 2.54 mm
[endpoint_off_grid]: Symbol pin or wire end off connection grid
    ; warning
    @(114.935 mm, 44.45 mm): Horizontal Wire, length 15.875 mm
[endpoint_off_grid]: Symbol pin or wire end off connection grid
    ; warning
    @(114.935 mm, 44.45 mm): Symbol TP_M_D3 Pin 1 [Passive, Line]
[footprint_link_issues]: The current configuration does not include the footprint library 'TestPoint'
    ; warning
    @(117.475 mm, 26.67 mm): Symbol TP_C_D3 [SYM_TP_C_D3]
[lib_symbol_issues]: The current configuration does not include the symbol library 'elt'
    ; warning
    @(117.475 mm, 26.67 mm): Symbol TP_C_D3 [SYM_TP_C_D3]
[footprint_link_issues]: The current configuration does not include the footprint library 'TestPoint'
    ; warning
    @(117.475 mm, 44.45 mm): Symbol TP_M_D3 [SYM_TP_M_D3]
[lib_symbol_issues]: The current configuration does not include the symbol library 'elt'
    ; warning
    @(117.475 mm, 44.45 mm): Symbol TP_M_D3 [SYM_TP_M_D3]
[endpoint_off_grid]: Symbol pin or wire end off connection grid
    ; warning
    @(117.475 mm, 71.12 mm): Horizontal Wire, length 2.54 mm
[endpoint_off_grid]: Symbol pin or wire end off connection grid
    ; warning
    @(99.06 mm, 83.82 mm): Horizontal Wire, length 18.415 mm
[endpoint_off_grid]: Symbol pin or wire end off connection grid
    ; warning
    @(117.475 mm, 83.82 mm): Vertical Wire, length 12.70 mm
[endpoint_off_grid]: Symbol pin or wire end off connection grid
    ; warning
    @(130.175 mm, 68.58 mm): Symbol J_KEY_MATRIX Pin 1 [Passive, Line]
[endpoint_off_grid]: Symbol pin or wire end off connection grid
    ; warning
    @(136.525 mm, 26.67 mm): Vertical Wire, length 17.78 mm
[endpoint_off_grid]: Symbol pin or wire end off connection grid
    ; warning
    @(136.525 mm, 44.45 mm): Horizontal Wire, length 3.175 mm
[endpoint_off_grid]: Symbol pin or wire end off connection grid
    ; warning
    @(137.16 mm, 56.515 mm): Horizontal Wire, length 19.685 mm
[endpoint_off_grid]: Symbol pin or wire end off connection grid
    ; warning
    @(137.16 mm, 44.45 mm): Vertical Wire, length 12.065 mm
[footprint_link_issues]: The current configuration does not include the footprint library 'Connector_JST'
    ; warning
    @(137.795 mm, 73.66 mm): Symbol J_KEY_MATRIX [SYM_J_KEY_MATRIX]
[lib_symbol_issues]: The current configuration does not include the symbol library 'elt'
    ; warning
    @(137.795 mm, 73.66 mm): Symbol J_KEY_MATRIX [SYM_J_KEY_MATRIX]
[endpoint_off_grid]: Symbol pin or wire end off connection grid
    ; warning
    @(139.065 mm, 26.67 mm): Symbol TP_C_D4 Pin 1 [Passive, Line]
[endpoint_off_grid]: Symbol pin or wire end off connection grid
    ; warning
    @(139.065 mm, 26.67 mm): Horizontal Wire, length 2.54 mm
[footprint_link_issues]: The current configuration does not include the footprint library 'TestPoint'
    ; warning
    @(141.605 mm, 26.67 mm): Symbol TP_C_D4 [SYM_TP_C_D4]
[lib_symbol_issues]: The current configuration does not include the symbol library 'elt'
    ; warning
    @(141.605 mm, 26.67 mm): Symbol TP_C_D4 [SYM_TP_C_D4]
[footprint_link_issues]: The current configuration does not include the footprint library 'TestPoint'
    ; warning
    @(142.24 mm, 44.45 mm): Symbol TP_M_D4 [SYM_TP_M_D4]
[lib_symbol_issues]: The current configuration does not include the symbol library 'elt'
    ; warning
    @(142.24 mm, 44.45 mm): Symbol TP_M_D4 [SYM_TP_M_D4]
[endpoint_off_grid]: Symbol pin or wire end off connection grid
    ; warning
    @(149.86 mm, 78.74 mm): Horizontal Wire, length 4.445 mm
[endpoint_off_grid]: Symbol pin or wire end off connection grid
    ; warning
    @(153.035 mm, 76.20 mm): Horizontal Wire, length 7.62 mm
[endpoint_off_grid]: Symbol pin or wire end off connection grid
    ; warning
    @(153.035 mm, 77.47 mm): Vertical Wire, length 1.27 mm
[endpoint_off_grid]: Symbol pin or wire end off connection grid
    ; warning
    @(156.845 mm, 41.91 mm): Vertical Wire, length 17.78 mm
[endpoint_off_grid]: Symbol pin or wire end off connection grid
    ; warning
    @(156.845 mm, 56.515 mm): Horizontal Wire, length 0.635 mm
[endpoint_off_grid]: Symbol pin or wire end off connection grid
    ; warning
    @(156.845 mm, 59.69 mm): Horizontal Wire, length 3.175 mm
[endpoint_off_grid]: Symbol pin or wire end off connection grid
    ; warning
    @(157.48 mm, 56.515 mm): Horizontal Wire, length 8.255 mm
[footprint_link_issues]: The current configuration does not include the footprint library 'TestPoint'
    ; warning
    @(157.48 mm, 95.25 mm): Symbol TP_M_U6 [SYM_TP_M_U6]
[lib_symbol_issues]: The current configuration does not include the symbol library 'elt'
    ; warning
    @(157.48 mm, 95.25 mm): Symbol TP_M_U6 [SYM_TP_M_U6]
[endpoint_off_grid]: Symbol pin or wire end off connection grid
    ; warning
    @(177.80 mm, 74.93 mm): Horizontal Wire, length 19.685 mm
[endpoint_off_grid]: Symbol pin or wire end off connection grid
    ; warning
    @(158.115 mm, 74.93 mm): Vertical Wire, length 2.54 mm
[endpoint_off_grid]: Symbol pin or wire end off connection grid
    ; warning
    @(158.115 mm, 77.47 mm): Horizontal Wire, length 2.54 mm
[endpoint_off_grid]: Symbol pin or wire end off connection grid
    ; warning
    @(159.385 mm, 41.91 mm): Symbol TP_C_D2 Pin 1 [Passive, Line]
[endpoint_off_grid]: Symbol pin or wire end off connection grid
    ; warning
    @(159.385 mm, 41.91 mm): Horizontal Wire, length 2.54 mm
[endpoint_off_grid]: Symbol pin or wire end off connection grid
    ; warning
    @(160.655 mm, 77.47 mm): Horizontal Wire, length 7.62 mm
[endpoint_off_grid]: Symbol pin or wire end off connection grid
    ; warning
    @(160.655 mm, 77.47 mm): Symbol TP_M_D1 Pin 1 [Passive, Line]
[footprint_link_issues]: The current configuration does not include the footprint library 'TestPoint'
    ; warning
    @(161.925 mm, 41.91 mm): Symbol TP_C_D2 [SYM_TP_C_D2]
[lib_symbol_issues]: The current configuration does not include the symbol library 'elt'
    ; warning
    @(161.925 mm, 41.91 mm): Symbol TP_C_D2 [SYM_TP_C_D2]
[footprint_link_issues]: The current configuration does not include the footprint library 'TestPoint'
    ; warning
    @(162.56 mm, 59.69 mm): Symbol TP_M_D2 [SYM_TP_M_D2]
[lib_symbol_issues]: The current configuration does not include the symbol library 'elt'
    ; warning
    @(162.56 mm, 59.69 mm): Symbol TP_M_D2 [SYM_TP_M_D2]
[footprint_link_issues]: The current configuration does not include the footprint library 'TestPoint'
    ; warning
    @(163.195 mm, 77.47 mm): Symbol TP_M_D1 [SYM_TP_M_D1]
[lib_symbol_issues]: The current configuration does not include the symbol library 'elt'
    ; warning
    @(163.195 mm, 77.47 mm): Symbol TP_M_D1 [SYM_TP_M_D1]
[endpoint_off_grid]: Symbol pin or wire end off connection grid
    ; warning
    @(165.735 mm, 56.515 mm): Vertical Wire, length 12.065 mm
[endpoint_off_grid]: Symbol pin or wire end off connection grid
    ; warning
    @(165.735 mm, 68.58 mm): Horizontal Wire, length 20.32 mm
[endpoint_off_grid]: Symbol pin or wire end off connection grid
    ; warning
    @(172.085 mm, 92.71 mm): Horizontal Wire, length 22.225 mm
[endpoint_off_grid]: Symbol pin or wire end off connection grid
    ; warning
    @(172.085 mm, 95.25 mm): Vertical Wire, length 2.54 mm
[endpoint_off_grid]: Symbol pin or wire end off connection grid
    ; warning
    @(174.625 mm, 95.25 mm): Symbol TP_C_U6 Pin 1 [Passive, Line]
[endpoint_off_grid]: Symbol pin or wire end off connection grid
    ; warning
    @(174.625 mm, 95.25 mm): Horizontal Wire, length 2.54 mm
[footprint_link_issues]: The current configuration does not include the footprint library 'TestPoint'
    ; warning
    @(177.165 mm, 95.25 mm): Symbol TP_C_U6 [SYM_TP_C_U6]
[lib_symbol_issues]: The current configuration does not include the symbol library 'elt'
    ; warning
    @(177.165 mm, 95.25 mm): Symbol TP_C_U6 [SYM_TP_C_U6]
[footprint_link_issues]: The current configuration does not include the footprint library 'TestPoint'
    ; warning
    @(182.88 mm, 77.47 mm): Symbol TP_C_D1 [SYM_TP_C_D1]
[lib_symbol_issues]: The current configuration does not include the symbol library 'elt'
    ; warning
    @(182.88 mm, 77.47 mm): Symbol TP_C_D1 [SYM_TP_C_D1]

 ** ERC messages: 102  Errors 0  Warnings 102

 ** Ignored checks:
    - Global label only appears once in the schematic
    - Four connection points are joined together
    - SPICE model issue
    - Assigned footprint doesn't match footprint filters
