Loading 06_build/route/r0.kicad_pcb to expand net patterns...
Routing 9 nets: ['SDA', 'SCL', 'ALERT', 'LED_ST', 'EN']...
Loading 06_build/route/r0.kicad_pcb...
Using 2 routing layers: ['F.Cu', 'B.Cu']
  Layer costs: F.Cu=1.0x, B.Cu=3.0x
No BGA components detected - no exclusion zones needed
Keepout: blocking routes from 8 polygon(s) on User.2

Using MPS ordering strategy...
MPS: Using segment intersection method (no nets on BGA chips)
MPS: 9 nets with 5 crossing conflicts detected
MPS Round 1: 6 units: BOOT9, FLASH_CS, SDA, IO8, SCL, ALERT
MPS Round 2: 2 units: EN, SPI_MISO
MPS Round 3: 1 units: LED_ST

Routing 9 single-ended net(s)...
============================================================
Building base obstacle map...
Base obstacle map built in 6.77s
Found 55 unrouted nets in PCB for stub proximity
Pre-computing net obstacle cache...
Net obstacle cache built in 0.18s (55 nets)

[1/9] Routing BOOT9 (id=55)
----------------------------------------
  Detected multi-point net with 3 pads (Phase 1: main route only)
  Multi-point net Phase 1: routing longest MST edge (pads 1 and 2, length=9.58mm)
  Probe: forward=5000, backward=5000 iters, trying forward with full iterations...
  Phase 1 routed in 21312 iterations, 12 segments
  SUCCESS: 12 segments, 0 vias, 21312 iterations, length=12.89mm (stubs=0.00mm) (0.02s)

[2/9] Routing FLASH_CS (id=22)
----------------------------------------
  Detected multi-point net with 3 pads (Phase 1: main route only)
  Multi-point net Phase 1: routing longest MST edge (pads 0 and 1, length=18.57mm)
  Probe: forward=5000, backward=5000 iters, trying forward with full iterations...
  Phase 1 routed in 156785 iterations, 11 segments
  SUCCESS: 11 segments, 2 vias, 156785 iterations, length=19.80mm (stubs=0.00mm) (0.04s)

[3/9] Routing SDA (id=13)
----------------------------------------
  Detected multi-point net with 8 pads (Phase 1: main route only)
  Existing copper joins 8 terminals into 2 group(s)
  Multi-point net Phase 1: routing longest MST edge (pads 3 and 7, length=55.95mm)
  forward stuck (1 < 5000), backward=5000
    forward cell (2348, 1324, layer=0): ok, 8/8 neighbors blocked
      ALL neighbors blocked: (2347,1323), (2347,1324), (2347,1325), (2348,1323), (2348,1325), (2349,1323), (2349,1324), (2349,1325)
  Phase 1 edge (pads 3,7) failed after 5001 iterations
  Phase 1 exhausted from the pads; deferring 1 edge(s) to Phase 3's island-copper sources (base component: 7 terminal(s))
  SUCCESS: 0 segments, 0 vias, 5001 iterations, length=157.74mm (stubs=157.74mm) (0.03s)

[4/9] Routing IO8 (id=20)
----------------------------------------
Probe: forward=5000, backward=5000 iters, trying forward with full iterations...
Route found in 30666 iterations, path length: 529
  SUCCESS: 22 segments, 0 vias, 30666 iterations, length=30.37mm (stubs=0.00mm) (0.01s)

[5/9] Routing SCL (id=15)
----------------------------------------
  Detected multi-point net with 8 pads (Phase 1: main route only)
  Existing copper joins 8 terminals into 2 group(s)
  Multi-point net Phase 1: routing longest MST edge (pads 0 and 7, length=54.25mm)
  forward stuck (1 < 5000), backward=5000
    forward cell (2360, 1340, layer=0): ok, 8/8 neighbors blocked
      ALL neighbors blocked: (2359,1339), (2359,1340), (2359,1341), (2360,1339), (2360,1341), (2361,1339), (2361,1340), (2361,1341)
  Phase 1 edge (pads 0,7) failed after 5001 iterations
  Phase 1 exhausted from the pads; deferring 1 edge(s) to Phase 3's island-copper sources (base component: 7 terminal(s))
  SUCCESS: 0 segments, 0 vias, 5001 iterations, length=173.54mm (stubs=173.54mm) (0.03s)

[6/9] Routing ALERT (id=14)
----------------------------------------
  Detected multi-point net with 7 pads (Phase 1: main route only)
  Existing copper joins 7 terminals into 2 group(s)
  Multi-point net Phase 1: routing longest MST edge (pads 1 and 6, length=65.85mm)
  forward stuck (1 < 5000), backward=5000
    forward cell (2336, 1356, layer=0): ok, 8/8 neighbors blocked
      ALL neighbors blocked: (2335,1355), (2335,1356), (2335,1357), (2336,1355), (2336,1357), (2337,1355), (2337,1356), (2337,1357)
  Phase 1 edge (pads 1,6) failed after 5001 iterations
  Phase 1 exhausted from the pads; deferring 1 edge(s) to Phase 3's island-copper sources (base component: 6 terminal(s))
  SUCCESS: 0 segments, 0 vias, 5001 iterations, length=162.84mm (stubs=162.84mm) (0.03s)

[7/9] Routing EN (id=33)
----------------------------------------
  Detected multi-point net with 5 pads (Phase 1: main route only)
  Multi-point net Phase 1: routing longest MST edge (pads 3 and 2, length=6.00mm)
  Phase 1 routed in 121 iterations, 3 segments
  SUCCESS: 3 segments, 0 vias, 121 iterations, length=6.05mm (stubs=0.00mm) (0.01s)

[8/9] Routing SPI_MISO (id=12)
----------------------------------------
  Detected multi-point net with 3 pads (Phase 1: main route only)
  Multi-point net Phase 1: routing longest MST edge (pads 0 and 1, length=22.44mm)
  Probe: forward=5000, backward=5000 iters, trying forward with full iterations...
  Phase 1 routed in 134842 iterations, 21 segments
  SUCCESS: 21 segments, 0 vias, 134842 iterations, length=32.55mm (stubs=0.00mm) (0.03s)

[9/9] Routing LED_ST (id=6)
----------------------------------------
Probe: forward=5000, backward=5000 iters, trying forward with full iterations...
Route found in 33274 iterations, path length: 798
  SUCCESS: 13 segments, 0 vias, 33274 iterations, length=41.44mm (stubs=0.00mm) (0.01s)

Sync pcb_data: 249 -> 167 (kept stubs) -> 249 (after adding 82)

============================================================
Multi-point Phase 3: Routing 9 tap connections
============================================================

BOOT9 (net 55):
  Multi-point net Phase 3: routing 1 remaining MST edges (longest first)
    [1/9] Routing MST edge: pad 1 -> pad 0 (length=6.00mm) target=(66.50, 79.33)
      Routed in 121 iterations (0.00s)
  Phase 3 routing complete: 1 edges, 15 total segments, 0 total vias
  Added 3 tap segments, 0 tap vias
  Net total time: 0.12s, 21433 iterations

FLASH_CS (net 22):
  Multi-point net Phase 3: routing 1 remaining MST edges (longest first)
    [2/9] Routing MST edge: pad 1 -> pad 2 (length=9.26mm) target=(74.00, 52.25)
      Probe: forward=5000, backward=5000 iters, trying forward with full iterations...
      Routed in 21177 iterations (0.00s)
  Phase 3 routing complete: 1 edges, 14 total segments, 3 total vias
  Added 3 tap segments, 1 tap vias
  Net total time: 0.12s, 177962 iterations

SDA (net 13):
  Seeding tap sources from the base island's existing copper: 16 segment(s), 8 via(s)
  Multi-point net Phase 3: routing 1 remaining MST edges (longest first)
    [3/9] Routing MST edge: pad 3 -> pad 7 (length=55.95mm) target=(65.00, 69.75)
      Probe: forward=5000, backward=5000 iters, trying forward with full iterations...
      Routed in 146745 iterations (0.03s)
  Phase 3 routing complete: 1 edges, 10 total segments, 1 total vias
  Added 10 tap segments, 1 tap vias
  Net total time: 0.09s, 151746 iterations

SCL (net 15):
  Seeding tap sources from the base island's existing copper: 16 segment(s), 8 via(s)
  Multi-point net Phase 3: routing 1 remaining MST edges (longest first)
    [3/9] Routing MST edge: pad 0 -> pad 7 (length=54.25mm) target=(66.50, 69.75)
      Probe: forward=5000, backward=5000 iters, trying forward with full iterations...
      Routed in 174041 iterations (0.03s)
  Phase 3 routing complete: 1 edges, 14 total segments, 3 total vias
  Added 14 tap segments, 3 tap vias
  Net total time: 0.10s, 179042 iterations

ALERT (net 14):
  Seeding tap sources from the base island's existing copper: 14 segment(s), 7 via(s)
  Multi-point net Phase 3: routing 1 remaining MST edges (longest first)
    [3/9] Routing MST edge: pad 1 -> pad 6 (length=65.85mm) target=(66.50, 52.25)
      Probe: forward=5000, backward=5000 iters, trying forward with full iterations...
      No route found after 8581 iterations (forward), trying backward...
      [93mFailed to route MST edge after 318581 iterations (0.06s)[0m
    Fallback: attempting orphaned pad 6 directly from connected copper
    [4/9] (1 failed) Routing MST edge: pad 1 -> pad 6 (length=65.85mm) target=(66.50, 52.25)
      Probe: forward=5000, backward=5000 iters, trying forward with full iterations...
      No route found after 8581 iterations (forward), trying backward...
      [93mFailed to route MST edge after 318581 iterations (0.06s)[0m
  [93mWarning: 1 pad(s) not connected (1 MST edge(s) failed)[0m
  Phase 3 routing complete: 0 edges, 0 total segments, 0 total vias
    Ripping SPI_MISO (net 12) to retry tap route...
  Seeding tap sources from the base island's existing copper: 14 segment(s), 7 via(s)
  Multi-point net Phase 3: routing 1 remaining MST edges (longest first)
    [3/9] (1 failed) Routing MST edge: pad 1 -> pad 6 (length=65.85mm) target=(66.50, 52.25)
      Probe: forward=5000, backward=5000 iters, trying forward with full iterations...
      No route found after 8581 iterations (forward), trying backward...
      [93mFailed to route MST edge after 318581 iterations (0.06s)[0m
    Fallback: attempting orphaned pad 6 directly from connected copper
    [4/9] (2 failed) Routing MST edge: pad 0 -> pad 6 (length=122.85mm) target=(66.50, 52.25)
      Probe: forward=5000, backward=5000 iters, trying forward with full iterations...
      No route found after 8581 iterations (forward), trying backward...
      [93mFailed to route MST edge after 318581 iterations (0.06s)[0m
  [93mWarning: 1 pad(s) not connected (2 MST edge(s) failed)[0m
  Phase 3 routing complete: 0 edges, 0 total segments, 0 total vias
    ALERT: Retry FAILED (N=1): still 2 failed edges
      Retry had 21894 blocked cells
    Re-analyzing 21894 blocked cells from N=1 retry:
      Frontier blocked by 3 nets (911 cells, 911 unique)
      Top blockers:
        1. FLASH_CS: 685 (75.2%), 685 uniq (100%)
        2. IO8: 193 (21.2%), 193 uniq (100%)
        3. LED_ST: 33 (3.6%), 33 uniq (100%)
    Extending to N=2: ripping FLASH_CS (net 22)...
  Seeding tap sources from the base island's existing copper: 14 segment(s), 7 via(s)
  Multi-point net Phase 3: routing 1 remaining MST edges (longest first)
    [3/9] (1 failed) Routing MST edge: pad 1 -> pad 6 (length=65.85mm) target=(66.50, 52.25)
      Probe: forward=5000, backward=5000 iters, trying forward with full iterations...
      No route found after 8581 iterations (forward), trying backward...
      [93mFailed to route MST edge after 318581 iterations (0.07s)[0m
    Fallback: attempting orphaned pad 6 directly from connected copper
    [4/9] (2 failed) Routing MST edge: pad 0 -> pad 6 (length=122.85mm) target=(66.50, 52.25)
      Probe: forward=5000, backward=5000 iters, trying forward with full iterations...
      No route found after 8581 iterations (forward), trying backward...
      [93mFailed to route MST edge after 318581 iterations (0.06s)[0m
  [93mWarning: 1 pad(s) not connected (2 MST edge(s) failed)[0m
  Phase 3 routing complete: 0 edges, 0 total segments, 0 total vias
    ALERT: Retry FAILED (N=2): still 2 failed edges
      Retry had 20282 blocked cells
    Re-analyzing 20282 blocked cells from N=2 retry:
      Frontier blocked by 2 nets (482 cells, 482 unique)
      Top blockers:
        1. LED_ST: 343 (71.2%), 343 uniq (100%)
        2. IO8: 139 (28.8%), 139 uniq (100%)
    Extending to N=3: ripping IO8 (net 20)...
  Seeding tap sources from the base island's existing copper: 14 segment(s), 7 via(s)
  Multi-point net Phase 3: routing 1 remaining MST edges (longest first)
    [3/9] (1 failed) Routing MST edge: pad 1 -> pad 6 (length=65.85mm) target=(66.50, 52.25)
      Probe: forward=5000, backward=5000 iters, trying forward with full iterations...
      Routed in 74987 iterations (0.01s)
  Phase 3 routing complete: 1 edges, 17 total segments, 2 total vias
    ALERT: Retry SUCCESS (N=3): 1 -> 0 failed edges
    Adding 17 tap segments, 2 tap vias to obstacles before re-routing...
    Re-routing 3 ripped net(s)...

  Re-routing SPI_MISO (net 12)...
  Multi-point net Phase 1: routing longest MST edge (pads 0 and 1, length=22.44mm)
  Probe: forward=5000, backward=5000 iters, trying forward with full iterations...
  Phase 1 routed in 122531 iterations, 14 segments
    Re-routed main path: 14 segments, 2 vias
  Multi-point net Phase 3: routing 1 remaining MST edges (longest first)
    [1/0] Routing MST edge: pad 1 -> pad 2 (length=19.53mm) target=(65.00, 52.25)
      Probe: forward=5000, backward=5000 iters, trying forward with full iterations...
      Routed in 89136 iterations (0.02s)
  Phase 3 routing complete: 1 edges, 20 total segments, 4 total vias
    Re-routed 6 tap segments, 2 tap vias

  Re-routing FLASH_CS (net 22)...
  Multi-point net Phase 1: routing longest MST edge (pads 0 and 1, length=18.57mm)
  Probe: forward=5000, backward=5000 iters, trying forward with full iterations...
  Phase 1 routed in 144045 iterations, 14 segments
    Re-routed main path: 14 segments, 2 vias
  Multi-point net Phase 3: routing 1 remaining MST edges (longest first)
    [1/0] Routing MST edge: pad 1 -> pad 2 (length=9.26mm) target=(74.00, 52.25)
      Probe: forward=5000, backward=5000 iters, trying forward with full iterations...
      Routed in 42437 iterations (0.01s)
  Phase 3 routing complete: 1 edges, 17 total segments, 3 total vias
    Re-routed 3 tap segments, 1 tap vias

  Re-routing IO8 (net 20)...
Probe: forward=5000, backward=5000 iters, trying forward with full iterations...
No route found after 300000 iterations (forward), trying backward...
No route found after 610000 iterations (both directions)
    IO8: main re-route blocked, ripping LED_ST (N=1) to retry...
Probe: forward=5000, backward=5000 iters, trying forward with full iterations...
No route found after 300000 iterations (forward), trying backward...
No route found after 610000 iterations (both directions)
    IO8: main re-route blocked, ripping SPI_MISO (N=2) to retry...
Probe: forward=5000, backward=5000 iters, trying forward with full iterations...
Route found in 307776 iterations, path length: 649
    IO8: main re-route rip-up SUCCESS (N=2)
    Re-routed main path: 18 segments, 4 vias
    Re-routing 2 net(s) ripped for IO8's main route...

  Re-routing LED_ST (net 6)...
Probe: forward=5000, backward=5000 iters, trying forward with full iterations...
Route found in 32522 iterations, path length: 763
    Re-routed main path: 15 segments, 0 vias

  Re-routing SPI_MISO (net 12)...
  Multi-point net Phase 1: routing longest MST edge (pads 0 and 1, length=22.44mm)
  Probe: forward=5000, backward=5000 iters, trying forward with full iterations...
  Phase 1 routed in 211930 iterations, 13 segments
    Re-routed main path: 13 segments, 2 vias
  Multi-point net Phase 3: routing 1 remaining MST edges (longest first)
    [1/0] Routing MST edge: pad 1 -> pad 2 (length=19.53mm) target=(65.00, 52.25)
      Probe: forward=5000, backward=5000 iters, trying forward with full iterations...
      Routed in 29499 iterations (0.01s)
  Phase 3 routing complete: 1 edges, 20 total segments, 4 total vias
    Re-routed 7 tap segments, 2 tap vias
  Added 17 tap segments, 2 tap vias
  Net total time: 1.88s, 717150 iterations

EN (net 33):
  Multi-point net Phase 3: routing 3 remaining MST edges (longest first)
    [3/9] (1 failed) Routing MST edge: pad 3 -> pad 1 (length=5.29mm) target=(76.71, 72.80)
      Probe: forward=5000, backward=5000 iters, trying forward with full iterations...
      Routed in 41130 iterations (0.01s)
    [4/9] (1 failed) Routing MST edge: pad 2 -> pad 4 (length=4.97mm) target=(63.50, 69.75)
      Routed in 66 iterations (0.00s)
    [5/9] (1 failed) Routing MST edge: pad 1 -> pad 0 (length=2.24mm) target=(78.95, 72.80)
      Routed in 46 iterations (0.00s)
  Phase 3 routing complete: 3 edges, 18 total segments, 2 total vias
  Added 15 tap segments, 2 tap vias
  Net total time: 0.04s, 41363 iterations
Cycle prune: removed 14 redundant loop segment(s) across 9 net(s)
Strict collapse: removed 1 redundant segment(s) (superseded parallel/buried copper)

============================================================
Routing complete
============================================================
  Single-ended:  9/9 routed
  Multi-point:   40/40 pads connected (7 nets)
  Total vias:    19
  Total time:    0.21s
  Iterations:    392,003
JSON_SUMMARY: {"routed_single": ["BOOT9", "FLASH_CS", "SDA", "IO8", "SCL", "ALERT", "EN", "SPI_MISO", "LED_ST"], "failed_single": [], "failed_multipoint": [], "multipoint_nets": 7, "multipoint_pads_connected": 40, "multipoint_pads_total": 40, "multipoint_edges_routed": 14, "multipoint_edges_failed": 0, "ripup_success_pairs": [], "rerouted_pairs": [], "single_ended_target_swaps": [], "layer_swaps": 0, "successful": 9, "failed": 0, "total_time": 0.21, "total_iterations": 392003, "total_vias": 19, "cleanup_disconnected": [], "min_clearance_used": 0.16}

Writing output to 06_build/route/rA.kicad_pcb...
Successfully wrote 06_build/route/rA.kicad_pcb
  DRC settings already consistent (06_build/route/rA.kicad_pro)
Loading 06_build/route/rA.kicad_pcb to expand net patterns...
Routing 12 nets: ['USB_DP', 'USB_DM', 'CC1', 'CC2', 'SPI_CLK']...
Loading 06_build/route/rA.kicad_pcb...
Using 2 routing layers: ['F.Cu', 'B.Cu']
  Layer costs: F.Cu=1.0x, B.Cu=3.0x
No BGA components detected - no exclusion zones needed
Keepout: blocking routes from 8 polygon(s) on User.2

Using MPS ordering strategy...
MPS: Using segment intersection method (no nets on BGA chips)
MPS: 12 nets with 11 crossing conflicts detected
MPS Round 1: 8 units: CC1, CC2, LED2A, LED1A, FB, SHDN, SPI_MOSI, SPI_CLK
MPS Round 2: 3 units: USB_DP, TXD, RXD
MPS Round 3: 1 units: USB_DM

Routing 12 single-ended net(s)...
============================================================
Building base obstacle map...
Base obstacle map built in 1.37s
Found 55 unrouted nets in PCB for stub proximity
Pre-computing net obstacle cache...
Net obstacle cache built in 0.08s (55 nets)

[1/12] Routing CC1 (id=43)
----------------------------------------
forward stuck (1 < 5000), backward=5000
  forward cell (580, 828, layer=0): ok, 8/8 neighbors blocked
    ALL neighbors blocked: (579,827), (579,828), (579,829), (580,827), (580,829), (581,827), (581,828), (581,829)
    Blocking obstacles: USB_DM(1), unconnected-(J9-SBU2-PadB8)(1)
  ⚠ plane tap J9.A5: escalated standard→advanced fab floor (0.25/0.15 via etc., more costly to fab); pass --fab-tier advanced to silence, or --fab-overrides to pin your own floor (forbids escalation)
[92mVia-in-pad unblock: dropped 1 fab-floor via(s) to reach a boxed endpoint[0m
Route found in 299 iterations, path length: 43
  SUCCESS: 5 segments, 2 vias, 299 iterations, length=5.02mm (stubs=0.00mm) (0.02s)

[2/12] Routing CC2 (id=24)
----------------------------------------
backward stuck (1 < 5000), forward=5000
  backward cell (580, 858, layer=0): ok, 8/8 neighbors blocked
    ALL neighbors blocked: (579,857), (579,858), (579,859), (580,857), (580,859), (581,857), (581,858), (581,859)
    Blocking obstacles: VUSB(2), unconnected-(J9-SBU1-PadA8)(1)
  ⚠ plane tap J9.B5: escalated standard→advanced fab floor (0.25/0.15 via etc., more costly to fab); pass --fab-tier advanced to silence, or --fab-overrides to pin your own floor (forbids escalation)
[92mVia-in-pad unblock: dropped 1 fab-floor via(s) to reach a boxed endpoint[0m
Route found in 5251 iterations, path length: 43
  SUCCESS: 4 segments, 2 vias, 5251 iterations, length=5.19mm (stubs=0.00mm) (0.02s)

[3/12] Routing LED2A (id=7)
----------------------------------------
Route found in 159 iterations, path length: 57
  SUCCESS: 6 segments, 0 vias, 159 iterations, length=6.40mm (stubs=0.00mm) (0.01s)

[4/12] Routing LED1A (id=42)
----------------------------------------
Route found in 188 iterations, path length: 57
  SUCCESS: 6 segments, 0 vias, 188 iterations, length=6.48mm (stubs=0.00mm) (0.01s)

[5/12] Routing FB (id=52)
----------------------------------------
  Detected multi-point net with 3 pads (Phase 1: main route only)
  Multi-point net Phase 1: routing longest MST edge (pads 1 and 2, length=12.62mm)
  Phase 1 routed in 120 iterations, 7 segments
  SUCCESS: 7 segments, 0 vias, 120 iterations, length=11.97mm (stubs=0.00mm) (0.01s)

[6/12] Routing SHDN (id=32)
----------------------------------------
  Detected multi-point net with 3 pads (Phase 1: main route only)
  Multi-point net Phase 1: routing longest MST edge (pads 1 and 2, length=15.28mm)
  Phase 1 routed in 97 iterations, 5 segments
  SUCCESS: 5 segments, 0 vias, 97 iterations, length=11.99mm (stubs=0.00mm) (0.01s)

[7/12] Routing SPI_MOSI (id=49)
----------------------------------------
Probe: forward=5000, backward=5000 iters, trying forward with full iterations...
Route found in 58641 iterations, path length: 153
  SUCCESS: 16 segments, 4 vias, 58641 iterations, length=17.60mm (stubs=0.00mm) (0.02s)

[8/12] Routing SPI_CLK (id=50)
----------------------------------------
Probe: forward=5000, backward=5000 iters, trying forward with full iterations...
Route found in 64574 iterations, path length: 179
  SUCCESS: 13 segments, 2 vias, 64574 iterations, length=20.34mm (stubs=0.00mm) (0.01s)

[9/12] Routing USB_DP (id=44)
----------------------------------------
  Detected multi-point net with 5 pads (Phase 1: main route only)
  Multi-point net Phase 1: routing longest MST edge (pads 3 and 4, length=29.26mm)
  Probe: forward=5000, backward=5000 iters, trying forward with full iterations...
  Phase 1 routed in 63002 iterations, 11 segments
  SUCCESS: 11 segments, 4 vias, 63002 iterations, length=27.66mm (stubs=0.00mm) (0.01s)

[10/12] Routing TXD (id=30)
----------------------------------------
Probe: forward=5000, backward=5000 iters, trying forward with full iterations...
Route found in 360938 iterations, path length: 546
  SUCCESS: 27 segments, 2 vias, 360938 iterations, length=66.84mm (stubs=0.00mm) (0.07s)

[11/12] Routing RXD (id=31)
----------------------------------------
Probe: forward=5000, backward=5000 iters, trying forward with full iterations...
No route found after 400000 iterations (forward), trying backward...
Route found in 586073 iterations, path length: 592
  SUCCESS: 46 segments, 4 vias, 586073 iterations, length=70.58mm (stubs=0.00mm) (0.09s)

[12/12] Routing USB_DM (id=45)
----------------------------------------
  Detected multi-point net with 5 pads (Phase 1: main route only)
  Multi-point net Phase 1: routing longest MST edge (pads 3 and 4, length=32.66mm)
  Probe: forward=5000, backward=5000 iters, trying forward with full iterations...
  Phase 1 routed in 85455 iterations, 17 segments
  SUCCESS: 17 segments, 4 vias, 85455 iterations, length=31.78mm (stubs=0.00mm) (0.02s)

Sync pcb_data: 459 -> 296 (kept stubs) -> 459 (after adding 163)

============================================================
Multi-point Phase 3: Routing 8 tap connections
============================================================
Phase 3 order (boxed-in risk first): USB_DP, USB_DM, FB, SHDN

USB_DP (net 44):
  Multi-point net Phase 3: routing 3 remaining MST edges (longest first)
    [1/8] Routing MST edge: pad 3 -> pad 2 (length=2.28mm) target=(60.36, 76.15)
      Routed in 2608 iterations (0.00s)
    [2/8] Routing MST edge: pad 2 -> pad 0 (length=9.92mm) target=(58.05, 83.75)
      backward stuck (1 < 5000), forward=5000
        backward cell (580, 838, layer=0): ok, 8/8 neighbors blocked
          ALL neighbors blocked: (579,837), (579,838), (579,839), (580,837), (580,839), (581,837), (581,838), (581,839)
          Blocking obstacles: USB_DM(2)
  ⚠ plane tap J9.A6: escalated standard→advanced fab floor (0.25/0.15 via etc., more costly to fab); pass --fab-tier advanced to silence, or --fab-overrides to pin your own floor (forbids escalation)
      [92mVia-in-pad unblock: dropped 1 fab-floor via(s) to reach a boxed endpoint[0m
      Routed in 8109 iterations (0.02s)
    [3/8] Routing MST edge: pad 0 -> pad 1 (length=1.00mm) target=(58.05, 84.75)
      backward stuck (1 < 5000), forward=5000
        backward cell (580, 848, layer=0): ok, 8/8 neighbors blocked
          ALL neighbors blocked: (579,847), (579,848), (579,849), (580,847), (580,849), (581,847), (581,848), (581,849)
          Blocking obstacles: USB_DM(1), unconnected-(J9-SBU1-PadA8)(1)
  ⚠ plane tap J9.B6: escalated standard→advanced fab floor (0.25/0.15 via etc., more costly to fab); pass --fab-tier advanced to silence, or --fab-overrides to pin your own floor (forbids escalation)
      [92mVia-in-pad unblock: dropped 1 fab-floor via(s) to reach a boxed endpoint[0m
      Routed in 119 iterations (0.01s)
  Phase 3 routing complete: 3 edges, 30 total segments, 7 total vias
  Added 19 tap segments, 3 tap vias
  Net total time: 0.07s, 73838 iterations

USB_DM (net 45):
  Multi-point net Phase 3: routing 3 remaining MST edges (longest first)
    [4/8] Routing MST edge: pad 3 -> pad 2 (length=2.28mm) target=(60.36, 78.05)
      Routed in 12 iterations (0.00s)
    [5/8] Routing MST edge: pad 2 -> pad 1 (length=7.52mm) target=(58.05, 83.25)
      backward stuck (1 < 5000), forward=5000
        backward cell (580, 832, layer=0): ok, 8/8 neighbors blocked
          ALL neighbors blocked: (579,831), (579,832), (579,833), (580,831), (580,833), (581,831), (581,832), (581,833)
          Blocking obstacles: CC1(2), USB_DP(2)
  ⚠ plane tap J9.B7: escalated standard→advanced fab floor (0.25/0.15 via etc., more costly to fab); pass --fab-tier advanced to silence, or --fab-overrides to pin your own floor (forbids escalation)
      backward stuck (3 < 5000), forward=5000
        backward cell (580, 832, layer=0): ok, 8/8 neighbors blocked
          ALL neighbors blocked: (579,831), (579,832), (579,833), (580,831), (580,833), (581,831), (581,832), (581,833)
          Blocking obstacles: CC1(2), USB_DP(2)
        backward cell (582, 832, layer=0): ok, 8/8 neighbors blocked
          ALL neighbors blocked: (581,831), (581,832), (581,833), (582,831), (582,833), (583,831), (583,832), (583,833)
          Blocking obstacles: USB_DP(2), CC1(2)
        backward cell (582, 832, layer=1): ok, 8/8 neighbors blocked
          ALL neighbors blocked: (581,831), (581,832), (581,833), (582,831), (582,833), (583,831), (583,832), (583,833)
          Blocking obstacles: USB_DP(4), CC1(3)
      backward stuck (3 < 5000), forward=5000
        backward cell (580, 832, layer=0): ok, 8/8 neighbors blocked
          ALL neighbors blocked: (579,831), (579,832), (579,833), (580,831), (580,833), (581,831), (581,832), (581,833)
          Blocking obstacles: USB_DP(2), CC1(2)
        backward cell (582, 832, layer=0): ok, 8/8 neighbors blocked
          ALL neighbors blocked: (581,831), (581,832), (581,833), (582,831), (582,833), (583,831), (583,832), (583,833)
          Blocking obstacles: CC1(2), USB_DP(2)
        backward cell (582, 832, layer=1): ok, 8/8 neighbors blocked
          ALL neighbors blocked: (581,831), (581,832), (581,833), (582,831), (582,833), (583,831), (583,832), (583,833)
          Blocking obstacles: USB_DP(4), CC1(3)
      [93mFailed to route MST edge after 5001 iterations (0.05s)[0m
    Fallback: attempting orphaned pad 1 directly from connected copper
    [6/8] (1 failed) Routing MST edge: pad 2 -> pad 1 (length=7.52mm) target=(58.05, 83.25)
      backward stuck (1 < 5000), forward=5000
        backward cell (580, 832, layer=0): ok, 8/8 neighbors blocked
          ALL neighbors blocked: (579,831), (579,832), (579,833), (580,831), (580,833), (581,831), (581,832), (581,833)
          Blocking obstacles: CC1(2), USB_DP(2)
      [93mFailed to route MST edge after 5001 iterations (0.01s)[0m
    Fallback: attempting orphaned pad 0 directly from connected copper
    [6/8] (1 failed) Routing MST edge: pad 2 -> pad 0 (length=8.52mm) target=(58.05, 84.25)
      backward stuck (1 < 5000), forward=5000
        backward cell (580, 842, layer=0): ok, 8/8 neighbors blocked
          ALL neighbors blocked: (579,841), (579,842), (579,843), (580,841), (580,843), (581,841), (581,842), (581,843)
          Blocking obstacles: USB_DP(4)
  ⚠ plane tap J9.A7: escalated standard→advanced fab floor (0.25/0.15 via etc., more costly to fab); pass --fab-tier advanced to silence, or --fab-overrides to pin your own floor (forbids escalation)
      Probe: forward=5000, backward=5000 iters, trying forward with full iterations...
      No route found after 5000 iterations (forward), trying backward...
      Probe: forward=5000, backward=5000 iters, trying forward with full iterations...
      No route found after 10000 iterations (forward), trying backward...
      [93mFailed to route MST edge after 5001 iterations (0.10s)[0m
  [93mWarning: 2 pad(s) not connected (2 MST edge(s) failed)[0m
  Phase 3 routing complete: 1 edges, 20 total segments, 4 total vias
    Ripping USB_DP (net 44) to retry tap route...
  Multi-point net Phase 3: routing 3 remaining MST edges (longest first)
    [7/8] (2 failed) Routing MST edge: pad 3 -> pad 2 (length=2.28mm) target=(60.36, 78.05)
      Routed in 12 iterations (0.00s)
    [8/8] (2 failed) Routing MST edge: pad 2 -> pad 1 (length=7.52mm) target=(58.05, 83.25)
      backward stuck (1 < 5000), forward=5000
        backward cell (580, 832, layer=0): ok, 8/8 neighbors blocked
          ALL neighbors blocked: (579,831), (579,832), (579,833), (580,831), (580,833), (581,831), (581,832), (581,833)
          Blocking obstacles: CC1(2), USB_DP(1)
      [93mFailed to route MST edge after 5001 iterations (0.01s)[0m
    Fallback: attempting orphaned pad 1 directly from connected copper
    [9/8] (3 failed) Routing MST edge: pad 2 -> pad 1 (length=7.52mm) target=(58.05, 83.25)
      backward stuck (1 < 5000), forward=5000
        backward cell (580, 832, layer=0): ok, 8/8 neighbors blocked
          ALL neighbors blocked: (579,831), (579,832), (579,833), (580,831), (580,833), (581,831), (581,832), (581,833)
          Blocking obstacles: CC1(2), USB_DP(1)
      [93mFailed to route MST edge after 5001 iterations (0.01s)[0m
    Fallback: attempting orphaned pad 0 directly from connected copper
    [9/8] (3 failed) Routing MST edge: pad 2 -> pad 0 (length=8.52mm) target=(58.05, 84.25)
      backward stuck (1 < 5000), forward=5000
        backward cell (580, 842, layer=0): ok, 8/8 neighbors blocked
          ALL neighbors blocked: (579,841), (579,842), (579,843), (580,841), (580,843), (581,841), (581,842), (581,843)
          Blocking obstacles: USB_DP(2)
      [93mFailed to route MST edge after 5001 iterations (0.00s)[0m
  [93mWarning: 2 pad(s) not connected (2 MST edge(s) failed)[0m
  Phase 3 routing complete: 1 edges, 20 total segments, 4 total vias
    USB_DM: Retry FAILED (N=1): still 2 failed edges
      Retry had 944 blocked cells
    Re-analyzing 944 blocked cells from N=1 retry:
      Frontier blocked by 2 nets (159 cells, 159 unique)
      Top blockers:
        1. CC2: 82 (51.6%), 82 uniq (100%)
        2. CC1: 77 (48.4%), 77 uniq (100%)
    Extending to N=2: ripping CC1 (net 43)...
  Multi-point net Phase 3: routing 3 remaining MST edges (longest first)
    [7/8] (2 failed) Routing MST edge: pad 3 -> pad 2 (length=2.28mm) target=(60.36, 78.05)
      Routed in 12 iterations (0.00s)
    [8/8] (2 failed) Routing MST edge: pad 2 -> pad 1 (length=7.52mm) target=(58.05, 83.25)
      backward stuck (1 < 5000), forward=5000
        backward cell (580, 832, layer=0): ok, 8/8 neighbors blocked
          ALL neighbors blocked: (579,831), (579,832), (579,833), (580,831), (580,833), (581,831), (581,832), (581,833)
          Blocking obstacles: CC1(1), USB_DP(1)
      [93mFailed to route MST edge after 5001 iterations (0.00s)[0m
    Fallback: attempting orphaned pad 1 directly from connected copper
    [9/8] (3 failed) Routing MST edge: pad 2 -> pad 1 (length=7.52mm) target=(58.05, 83.25)
      backward stuck (1 < 5000), forward=5000
        backward cell (580, 832, layer=0): ok, 8/8 neighbors blocked
          ALL neighbors blocked: (579,831), (579,832), (579,833), (580,831), (580,833), (581,831), (581,832), (581,833)
          Blocking obstacles: CC1(1), USB_DP(1)
      [93mFailed to route MST edge after 5001 iterations (0.01s)[0m
    Fallback: attempting orphaned pad 0 directly from connected copper
    [9/8] (3 failed) Routing MST edge: pad 2 -> pad 0 (length=8.52mm) target=(58.05, 84.25)
      backward stuck (1 < 5000), forward=5000
        backward cell (580, 842, layer=0): ok, 8/8 neighbors blocked
          ALL neighbors blocked: (579,841), (579,842), (579,843), (580,841), (580,843), (581,841), (581,842), (581,843)
          Blocking obstacles: USB_DP(2)
      [93mFailed to route MST edge after 5001 iterations (0.00s)[0m
  [93mWarning: 2 pad(s) not connected (2 MST edge(s) failed)[0m
  Phase 3 routing complete: 1 edges, 20 total segments, 4 total vias
    USB_DM: Retry FAILED (N=2): still 2 failed edges
      Retry had 790 blocked cells
    Re-analyzing 790 blocked cells from N=2 retry:
      Frontier blocked by 1 nets (78 cells, 78 unique)
      Top blockers:
        1. CC2: 78 (100.0%), 78 uniq (100%)
    Extending to N=3: ripping CC2 (net 24)...
  Multi-point net Phase 3: routing 3 remaining MST edges (longest first)
    [7/8] (2 failed) Routing MST edge: pad 3 -> pad 2 (length=2.28mm) target=(60.36, 78.05)
      Routed in 12 iterations (0.00s)
    [8/8] (2 failed) Routing MST edge: pad 2 -> pad 1 (length=7.52mm) target=(58.05, 83.25)
      backward stuck (1 < 5000), forward=5000
        backward cell (580, 832, layer=0): ok, 8/8 neighbors blocked
          ALL neighbors blocked: (579,831), (579,832), (579,833), (580,831), (580,833), (581,831), (581,832), (581,833)
          Blocking obstacles: CC1(1), USB_DP(1)
      [93mFailed to route MST edge after 5001 iterations (0.00s)[0m
    Fallback: attempting orphaned pad 1 directly from connected copper
    [9/8] (3 failed) Routing MST edge: pad 2 -> pad 1 (length=7.52mm) target=(58.05, 83.25)
      backward stuck (1 < 5000), forward=5000
        backward cell (580, 832, layer=0): ok, 8/8 neighbors blocked
          ALL neighbors blocked: (579,831), (579,832), (579,833), (580,831), (580,833), (581,831), (581,832), (581,833)
          Blocking obstacles: CC1(1), USB_DP(1)
      [93mFailed to route MST edge after 5001 iterations (0.00s)[0m
    Fallback: attempting orphaned pad 0 directly from connected copper
    [9/8] (3 failed) Routing MST edge: pad 2 -> pad 0 (length=8.52mm) target=(58.05, 84.25)
      backward stuck (1 < 5000), forward=5000
        backward cell (580, 842, layer=0): ok, 8/8 neighbors blocked
          ALL neighbors blocked: (579,841), (579,842), (579,843), (580,841), (580,843), (581,841), (581,842), (581,843)
          Blocking obstacles: USB_DP(2)
      [93mFailed to route MST edge after 5001 iterations (0.00s)[0m
  [93mWarning: 2 pad(s) not connected (2 MST edge(s) failed)[0m
  Phase 3 routing complete: 1 edges, 20 total segments, 4 total vias
    USB_DM: Retry FAILED (N=3): still 2 failed edges
      Retry had 480 blocked cells
    [91mUSB_DM: All rip-up attempts failed, restoring 3 net(s)...[0m
  [91mNOT CONNECTED (so far): USB_DM - J9 pad A7 at (58.05, 84.25) - may still be recovered; final verdict in the end-of-run summary[0m
  [91mNOT CONNECTED (so far): USB_DM - J9 pad B7 at (58.05, 83.25) - may still be recovered; final verdict in the end-of-run summary[0m
  Added 3 tap segments, 0 tap vias
  Net total time: 0.36s, 100470 iterations

FB (net 52):
  Multi-point net Phase 3: routing 1 remaining MST edges (longest first)
    [7/8] (2 failed) Routing MST edge: pad 1 -> pad 0 (length=6.22mm) target=(75.00, 83.41)
      Probe: forward=5000, backward=5000 iters, trying forward with full iterations...
      Routed in 16814 iterations (0.00s)
  Phase 3 routing complete: 1 edges, 14 total segments, 2 total vias
  Added 7 tap segments, 2 tap vias
  Net total time: 0.02s, 16934 iterations

SHDN (net 32):
  Multi-point net Phase 3: routing 1 remaining MST edges (longest first)
    [8/8] (2 failed) Routing MST edge: pad 1 -> pad 0 (length=4.82mm) target=(74.50, 87.41)
      Probe: forward=5000, backward=5000 iters, trying forward with full iterations...
      Routed in 15478 iterations (0.00s)
  Phase 3 routing complete: 1 edges, 12 total segments, 2 total vias
  Added 7 tap segments, 2 tap vias
  Net total time: 0.02s, 15575 iterations
Cycle prune: removed 20 redundant loop segment(s) across 10 net(s)

============================================================
Routing complete
============================================================
  Single-ended:  11/12 routed
  [91mMulti-point:   14/16 pads connected (2 FAILED)[0m
  Total vias:    31
  Total time:    0.28s
  Iterations:    1,224,797

[91mFailed multi-point connections:[0m
  [91mUSB_DM: J9 pad ? at (58.05, 84.25) not connected[0m
  [91mUSB_DM: J9 pad ? at (58.05, 83.25) not connected[0m
JSON_SUMMARY: {"routed_single": ["CC1", "CC2", "LED2A", "LED1A", "FB", "SHDN", "SPI_MOSI", "SPI_CLK", "USB_DP", "TXD", "RXD"], "failed_single": [], "failed_multipoint": [{"net_name": "USB_DM", "failed_pads": [{"component_ref": "J9", "pad_number": "?", "x": 58.045, "y": 84.25}, {"component_ref": "J9", "pad_number": "?", "x": 58.045, "y": 83.25}]}], "multipoint_nets": 4, "multipoint_pads_connected": 14, "multipoint_pads_total": 16, "multipoint_edges_routed": 10, "multipoint_edges_failed": 2, "ripup_success_pairs": [], "rerouted_pairs": [], "single_ended_target_swaps": [], "layer_swaps": 0, "successful": 11, "failed": 1, "total_time": 0.28, "total_iterations": 1224797, "total_vias": 31, "cleanup_disconnected": [], "min_clearance_used": 0.1635}

Writing output to 06_build/route/rB.kicad_pcb...
Successfully wrote 06_build/route/rB.kicad_pcb

Final reconciliation: retrying 1 incomplete net(s) against the finished board: USB_DM
Loading 06_build/route/rB.kicad_pcb...
Using 2 routing layers: ['F.Cu', 'B.Cu']
  Layer costs: F.Cu=1.0x, B.Cu=3.0x
No BGA components detected - no exclusion zones needed
Keepout: blocking routes from 8 polygon(s) on User.2

Using MPS ordering strategy...
MPS: Using segment intersection method (no nets on BGA chips)
MPS: 1 nets with 0 crossing conflicts detected
WARNING: Could not find pads for both stub groups in USB_DM (found 1 pads)
MPS Round 1: 1 units: USB_DM

Routing 1 single-ended net(s)...
============================================================
Building base obstacle map...
Base obstacle map built in 1.35s
Found 55 unrouted nets in PCB for stub proximity
Pre-computing net obstacle cache...
Net obstacle cache built in 0.09s (55 nets)

[1/1] Routing USB_DM (id=45)
----------------------------------------
  Detected multi-point net with 3 pads (Phase 1: main route only)
  Multi-point net Phase 1: routing longest MST edge (pads 0 and 2, length=11.81mm)
  backward stuck (1 < 5000), forward=5000
    backward cell (580, 832, layer=0): ok, 8/8 neighbors blocked
      ALL neighbors blocked: (579,831), (579,832), (579,833), (580,831), (580,833), (581,831), (581,832), (581,833)
      Blocking obstacles: CC1(2), USB_DP(2)
  backward stuck (3 < 5000), forward=5000
    backward cell (580, 832, layer=0): ok, 8/8 neighbors blocked
      ALL neighbors blocked: (579,831), (579,832), (579,833), (580,831), (580,833), (581,831), (581,832), (581,833)
      Blocking obstacles: CC1(2), USB_DP(2)
    backward cell (580, 832, layer=0): ok, 8/8 neighbors blocked
      ALL neighbors blocked: (579,831), (579,832), (579,833), (580,831), (580,833), (581,831), (581,832), (581,833)
      Blocking obstacles: USB_DP(2), CC1(2)
    backward cell (580, 832, layer=1): ok, 8/8 neighbors blocked
      ALL neighbors blocked: (579,831), (579,832), (579,833), (580,831), (580,833), (581,831), (581,832), (581,833)
      Blocking obstacles: USB_DP(3), CC1(2)
  Phase 1 edge (pads 0,2) failed after 5001 iterations - trying next MST edge
  Multi-point net Phase 1: retrying with next MST edge (2/2) (pads 2 and 1, length=1.00mm)
  Both directions stuck (forward=2, backward=1 < 5000)
    forward cell (580, 832, layer=0): ok, 8/8 neighbors blocked
      ALL neighbors blocked: (579,831), (579,832), (579,833), (580,831), (580,833), (581,831), (581,832), (581,833)
      Blocking obstacles: CC1(2), USB_DP(2)
    backward cell (580, 842, layer=0): ok, 8/8 neighbors blocked
      ALL neighbors blocked: (579,841), (579,842), (579,843), (580,841), (580,843), (581,841), (581,842), (581,843)
      Blocking obstacles: USB_DP(4)
  forward stuck (2 < 5000), backward=5000
    forward cell (580, 832, layer=0): ok, 8/8 neighbors blocked
      ALL neighbors blocked: (579,831), (579,832), (579,833), (580,831), (580,833), (581,831), (581,832), (581,833)
      Blocking obstacles: USB_DP(2), CC1(2)
  Phase 1 edge (pads 2,1) failed after 3 iterations
  Phase 1 exhausted from the pads; deferring 2 edge(s) to Phase 3's island-copper sources (base component: 1 terminal(s))
  SUCCESS: 0 segments, 0 vias, 5004 iterations, length=33.19mm (stubs=33.19mm) (0.06s)

Sync pcb_data: 474 -> 474 (kept stubs) -> 474 (after adding 0)

============================================================
Multi-point Phase 3: Routing 2 tap connections
============================================================

USB_DM (net 45):
  Seeding tap sources from the base island's existing copper: 20 segment(s), 4 via(s)
  Multi-point net Phase 3: routing 2 remaining MST edges (longest first)
    [1/2] Routing MST edge: pad 0 -> pad 2 (length=11.81mm) target=(58.05, 83.25)
      backward stuck (1 < 5000), forward=5000
        backward cell (580, 832, layer=0): ok, 8/8 neighbors blocked
          ALL neighbors blocked: (579,831), (579,832), (579,833), (580,831), (580,833), (581,831), (581,832), (581,833)
          Blocking obstacles: USB_DP(2), CC1(2)
      [93mFailed to route MST edge after 5001 iterations (0.01s)[0m
    Fallback: attempting orphaned pad 2 directly from connected copper
    [2/2] (1 failed) Routing MST edge: pad 0 -> pad 2 (length=11.81mm) target=(58.05, 83.25)
      backward stuck (1 < 5000), forward=5000
        backward cell (580, 832, layer=0): ok, 8/8 neighbors blocked
          ALL neighbors blocked: (579,831), (579,832), (579,833), (580,831), (580,833), (581,831), (581,832), (581,833)
          Blocking obstacles: CC1(2), USB_DP(2)
      [93mFailed to route MST edge after 5001 iterations (0.01s)[0m
    Fallback: attempting orphaned pad 1 directly from connected copper
    [2/2] (1 failed) Routing MST edge: pad 0 -> pad 1 (length=12.81mm) target=(58.05, 84.25)
      backward stuck (1 < 5000), forward=5000
        backward cell (580, 842, layer=0): ok, 8/8 neighbors blocked
          ALL neighbors blocked: (579,841), (579,842), (579,843), (580,841), (580,843), (581,841), (581,842), (581,843)
          Blocking obstacles: USB_DP(4)
      [93mFailed to route MST edge after 5001 iterations (0.01s)[0m
  [93mWarning: 2 pad(s) not connected (2 MST edge(s) failed)[0m
  Phase 3 routing complete: 0 edges, 0 total segments, 0 total vias
  [91mNOT CONNECTED (so far): USB_DM - J9 pad A7 at (58.05, 84.25) - may still be recovered; final verdict in the end-of-run summary[0m
  [91mNOT CONNECTED (so far): USB_DM - J9 pad B7 at (58.05, 83.25) - may still be recovered; final verdict in the end-of-run summary[0m
  Net total time: 0.05s, 20007 iterations

============================================================
Routing complete
============================================================
  Single-ended:  0/1 routed
  [91mMulti-point:   3/5 pads connected (2 FAILED)[0m
  Total vias:    0
  Total time:    0.06s
  Iterations:    5,004

[91mFailed multi-point connections:[0m
  [91mUSB_DM: J9 pad ? at (58.05, 84.25) not connected[0m
  [91mUSB_DM: J9 pad ? at (58.05, 83.25) not connected[0m
JSON_SUMMARY: {"routed_single": [], "failed_single": [], "failed_multipoint": [{"net_name": "USB_DM", "failed_pads": [{"component_ref": "J9", "pad_number": "?", "x": 58.045, "y": 84.25}, {"component_ref": "J9", "pad_number": "?", "x": 58.045, "y": 83.25}]}], "multipoint_nets": 1, "multipoint_pads_connected": 3, "multipoint_pads_total": 5, "multipoint_edges_routed": 0, "multipoint_edges_failed": 2, "ripup_success_pairs": [], "rerouted_pairs": [], "single_ended_target_swaps": [], "layer_swaps": 0, "successful": 0, "failed": 1, "total_time": 0.06, "total_iterations": 5004, "total_vias": 0, "cleanup_disconnected": [], "min_clearance_used": 0.1635}

Writing output to 06_build/route/rB.kicad_pcb...
Successfully wrote 06_build/route/rB.kicad_pcb
Note: the JSON_SUMMARY above covers only the reconciliation subset; the run's full tally is the earlier JSON_SUMMARY plus these recoveries.
  Min clearance used: 0.1635 mm (below nominal 0.2) - grading at this floor
  DRC settings already consistent (06_build/route/rB.kicad_pro)
Loading 06_build/route/rB.kicad_pcb to expand net patterns...
Routing 4 nets: ['USB_DM', 'USB_DP', 'RXD', 'TXD']
Loading 06_build/route/rB.kicad_pcb...
Using 2 routing layers: ['F.Cu', 'B.Cu']
  Layer costs: F.Cu=1.0x, B.Cu=3.0x
No BGA components detected - no exclusion zones needed
Keepout: blocking routes from 8 polygon(s) on User.2

Skipping 3 already-routed net(s):
  USB_DP: Already fully connected
  RXD: Already fully connected
  TXD: Already fully connected

Using MPS ordering strategy...
MPS: Using segment intersection method (no nets on BGA chips)
MPS: 1 nets with 0 crossing conflicts detected
WARNING: Could not find pads for both stub groups in USB_DM (found 1 pads)
MPS Round 1: 1 units: USB_DM

Routing 1 single-ended net(s)...
============================================================
Building base obstacle map...
Base obstacle map built in 6.92s
Found 55 unrouted nets in PCB for stub proximity
Pre-computing net obstacle cache...
Net obstacle cache built in 0.22s (55 nets)

[1/1] Routing USB_DM (id=45)
----------------------------------------
  Detected multi-point net with 3 pads (Phase 1: main route only)
  Multi-point net Phase 1: routing longest MST edge (pads 0 and 2, length=11.81mm)
  Probe: forward=5000, backward=5000 iters, trying forward with full iterations...
  Phase 1 routed in 32500 iterations, 19 segments
  SUCCESS: 19 segments, 2 vias, 32500 iterations, length=49.23mm (stubs=33.19mm) (0.03s)

Sync pcb_data: 492 -> 474 (kept stubs) -> 492 (after adding 18)

============================================================
Multi-point Phase 3: Routing 1 tap connections
============================================================

USB_DM (net 45):
  Multi-point net Phase 3: routing 1 remaining MST edges (longest first)
    [1/1] Routing MST edge: pad 2 -> pad 1 (length=1.00mm) target=(58.05, 84.25)
      Routed in 280 iterations (0.00s)
  Phase 3 routing complete: 1 edges, 23 total segments, 2 total vias
  Added 5 tap segments, 0 tap vias
  Net total time: 0.13s, 32780 iterations
Cycle prune: removed 2 redundant loop segment(s) across 1 net(s)
Strict collapse: removed 4 redundant segment(s) (superseded parallel/buried copper)

============================================================
Routing complete
============================================================
  Single-ended:  1/1 routed
  Multi-point:   5/5 pads connected (1 nets)
  Total vias:    2
  Total time:    0.03s
  Iterations:    32,500
JSON_SUMMARY: {"routed_single": ["USB_DM"], "failed_single": [], "failed_multipoint": [], "multipoint_nets": 1, "multipoint_pads_connected": 5, "multipoint_pads_total": 5, "multipoint_edges_routed": 2, "multipoint_edges_failed": 0, "ripup_success_pairs": [], "rerouted_pairs": [], "single_ended_target_swaps": [], "layer_swaps": 0, "successful": 1, "failed": 0, "total_time": 0.03, "total_iterations": 32500, "total_vias": 2, "cleanup_disconnected": [], "min_clearance_used": 0.16}

Writing output to 06_build/route/rB2.kicad_pcb...
Removed 3 dead-end input segment(s) from the output
Successfully wrote 06_build/route/rB2.kicad_pcb
  DRC settings already consistent (06_build/route/rB2.kicad_pro)
Loading 06_build/route/rB2.kicad_pcb to expand net patterns...
Routing 4 nets: ['TXD', 'RXD', 'IO8', 'USB_DM']
Loading 06_build/route/rB2.kicad_pcb...
Using 2 routing layers: ['F.Cu', 'B.Cu']
  Layer costs: F.Cu=1.0x, B.Cu=3.0x
No BGA components detected - no exclusion zones needed
Keepout: blocking routes from 8 polygon(s) on User.2

Skipping 4 already-routed net(s):
  TXD: Already fully connected
  RXD: Already fully connected
  IO8: Already fully connected
  USB_DM: Already fully connected
All nets are already fully connected - nothing to route!
Wrote unchanged copy to 06_build/route/rB3.kicad_pcb (nothing to route)
  DRC settings already consistent (06_build/route/rB3.kicad_pro)
Loading 06_build/route/rB3.kicad_pcb to expand net patterns...
Routing 7 nets: ['TMP_3V3', 'VTAP', 'VIN_E', 'SW', 'BOOT']...
Loading 06_build/route/rB3.kicad_pcb...
Using 2 routing layers: ['F.Cu', 'B.Cu']
  Layer costs: F.Cu=1.0x, B.Cu=3.0x
No BGA components detected - no exclusion zones needed
Keepout: blocking routes from 8 polygon(s) on User.2

Using MPS ordering strategy...
MPS: Using segment intersection method (no nets on BGA chips)
MPS: 7 nets with 4 crossing conflicts detected
MPS Round 1: 4 units: VLDO, VTAP, BOOT, VUSB
MPS Round 2: 2 units: TMP_3V3, SW
MPS Round 3: 1 units: VIN_E

Routing 7 single-ended net(s)...
============================================================
Building base obstacle map...
Base obstacle map built in 1.40s
Found 55 unrouted nets in PCB for stub proximity
Pre-computing net obstacle cache...
Net obstacle cache built in 0.10s (55 nets)

[1/7] Routing VLDO (id=36)
----------------------------------------
  Detected multi-point net with 4 pads (Phase 1: main route only)
  Multi-point net Phase 1: routing longest MST edge (pads 3 and 1, length=6.50mm)
  Phase 1 routed in 217 iterations, 6 segments
  SUCCESS: 6 segments, 0 vias, 217 iterations, length=7.41mm (stubs=0.00mm) (0.01s)

[2/7] Routing VTAP (id=26)
----------------------------------------
Route found in 41 iterations, path length: 41
  SUCCESS: 2 segments, 0 vias, 41 iterations, length=4.83mm (stubs=0.00mm) (0.01s)

[3/7] Routing BOOT (id=57)
----------------------------------------
Probe: forward=5000, backward=5000 iters, trying forward with full iterations...
Route found in 24041 iterations, path length: 66
  SUCCESS: 8 segments, 2 vias, 24041 iterations, length=7.41mm (stubs=0.00mm) (0.01s)

[4/7] Routing VUSB (id=37)
----------------------------------------
  Detected multi-point net with 8 pads (Phase 1: main route only)
  Existing copper joins 8 terminals into 6 group(s)
  Multi-point net Phase 1: routing longest MST edge (pads 1 and 6, length=9.04mm)
  Probe: forward=5000, backward=5000 iters, trying forward with full iterations...
  Phase 1 routed in 17737 iterations, 10 segments
  SUCCESS: 10 segments, 2 vias, 17737 iterations, length=7.97mm (stubs=0.00mm) (0.01s)

[5/7] Routing TMP_3V3 (id=11)
----------------------------------------
  Detected multi-point net with 17 pads (Phase 1: main route only)
  Multi-point net Phase 1: routing longest MST edge (pads 7 and 5, length=24.15mm)
  Phase 1 routed in 137 iterations, 4 segments
  SUCCESS: 4 segments, 0 vias, 137 iterations, length=18.00mm (stubs=0.00mm) (0.01s)

[6/7] Routing SW (id=56)
----------------------------------------
  Detected multi-point net with 4 pads (Phase 1: main route only)
  Multi-point net Phase 1: routing longest MST edge (pads 0 and 3, length=10.09mm)
  Phase 1 routed in 6028 iterations, 6 segments
  SUCCESS: 6 segments, 2 vias, 6028 iterations, length=10.24mm (stubs=0.00mm) (0.01s)

[7/7] Routing VIN_E (id=10)
----------------------------------------
  Detected multi-point net with 7 pads (Phase 1: main route only)
  Multi-point net Phase 1: routing longest MST edge (pads 3 and 1, length=21.69mm)
  Phase 1 routed in 4374 iterations, 12 segments
  SUCCESS: 12 segments, 2 vias, 4374 iterations, length=18.01mm (stubs=0.00mm) (0.01s)

Sync pcb_data: 538 -> 490 (kept stubs) -> 538 (after adding 48)

============================================================
Multi-point Phase 3: Routing 28 tap connections
============================================================
Phase 3 order (boxed-in risk first): VUSB, VIN_E, TMP_3V3, VLDO, SW

VUSB (net 37):
  Multi-point net Phase 3: routing 4 remaining MST edges (longest first)
    [1/28] Routing MST edge: pad 1 -> pad 2 (length=4.90mm) target=(58.05, 86.45)
      backward stuck (28 < 5000), forward=5000
        backward cell (580, 864, layer=0): ok, 5/8 neighbors blocked
          Blocking obstacles: CC2(2)
      Probe: forward=5000, backward=5000 iters, trying forward with full iterations...
      No route found after 5000 iterations (forward), trying backward...
      Probe: forward=5000, backward=5000 iters, trying forward with full iterations...
      No route found after 10000 iterations (forward), trying backward...
      [93mFailed to route MST edge after 5028 iterations (0.11s)[0m
    Fallback: attempting orphaned pad 2 directly from connected copper
    [2/28] (1 failed) Routing MST edge: pad 1 -> pad 2 (length=4.90mm) target=(58.05, 86.45)
      Probe: forward=5000, backward=5000 iters, trying forward with full iterations...
      Routed in 34434 iterations (0.01s)
    [3/28] (1 failed) Routing MST edge: pad 2 -> pad 5 (length=4.95mm) target=(58.45, 91.00)
      Routed in 100 iterations (0.00s)
    [4/28] (1 failed) Routing MST edge: pad 5 -> pad 0 (length=2.60mm) target=(58.55, 93.50)
      Routed in 26 iterations (0.00s)
    [5/28] (1 failed) Routing MST edge: pad 0 -> pad 7 (length=5.50mm) target=(62.85, 92.30)
      Routed in 43 iterations (0.00s)
  Phase 3 routing complete: 4 edges, 27 total segments, 4 total vias
  Added 17 tap segments, 2 tap vias
  Net total time: 0.18s, 57368 iterations

VIN_E (net 10):
  Multi-point net Phase 3: routing 5 remaining MST edges (longest first)
    [6/28] (1 failed) Routing MST edge: pad 3 -> pad 2 (length=3.76mm) target=(80.35, 86.50)
      Routed in 4144 iterations (0.00s)
    [7/28] (1 failed) Routing MST edge: pad 2 -> pad 4 (length=8.00mm) target=(84.75, 82.90)
      Routed in 45 iterations (0.00s)
    [8/28] (1 failed) Routing MST edge: pad 4 -> pad 5 (length=6.48mm) target=(90.80, 82.47)
      Routed in 4059 iterations (0.00s)
    [9/28] (1 failed) Routing MST edge: pad 4 -> pad 6 (length=6.29mm) target=(87.14, 79.00)
      Routed in 8160 iterations (0.00s)
    [10/28] (1 failed) Routing MST edge: pad 5 -> pad 0 (length=5.20mm) target=(91.00, 87.47)
      Routed in 418 iterations (0.00s)
  Phase 3 routing complete: 5 edges, 42 total segments, 7 total vias
  Added 30 tap segments, 5 tap vias
  Net total time: 0.05s, 21200 iterations

TMP_3V3 (net 11):
  Multi-point net Phase 3: routing 15 remaining MST edges (longest first)
    [11/28] (1 failed) Routing MST edge: pad 7 -> pad 13 (length=12.84mm) target=(74.60, 79.41)
      Probe: forward=5000, backward=5000 iters, trying forward with full iterations...
      Routed in 50487 iterations (0.01s)
    [12/28] (1 failed) Routing MST edge: pad 13 -> pad 6 (length=6.90mm) target=(74.89, 72.80)
      backward stuck (1 < 5000), forward=5000
        backward cell (749, 728, layer=0): ok, 8/8 neighbors blocked
          ALL neighbors blocked: (748,727), (748,728), (748,729), (749,727), (749,729), (750,727), (750,728), (750,729)
          Blocking obstacles: 3V3(1)
      Probe: forward=5000, backward=5000 iters, trying forward with full iterations...
      No route found after 5000 iterations (forward), trying backward...
      Probe: forward=5000, backward=5000 iters, trying forward with full iterations...
      No route found after 10000 iterations (forward), trying backward...
      [92mVia-in-pad unblock: dropped 2 fab-floor via(s) to reach a boxed endpoint[0m
      Routed in 29184 iterations (0.02s)
    [13/28] (1 failed) Routing MST edge: pad 6 -> pad 16 (length=15.94mm) target=(62.00, 69.75)
      backward stuck (1 < 5000), forward=5000
        backward cell (620, 698, layer=0): ok, 8/8 neighbors blocked
          ALL neighbors blocked: (619,697), (619,698), (619,699), (620,697), (620,699), (621,697), (621,698), (621,699)
          Blocking obstacles: 3V3(1)
      backward stuck (382 < 5000), forward=5000
        backward cell (620, 698, layer=0): ok, 8/8 neighbors blocked
          ALL neighbors blocked: (619,697), (619,698), (619,699), (620,697), (620,699), (621,697), (621,698), (621,699)
          Blocking obstacles: 3V3(1)
        backward cell (624, 694, layer=0): ok, 0/8 neighbors blocked
        backward cell (624, 694, layer=1): ok, 3/8 neighbors blocked
          Blocking obstacles: USB_DM(1)
      backward stuck (382 < 5000), forward=5000
        backward cell (620, 698, layer=0): ok, 8/8 neighbors blocked
          ALL neighbors blocked: (619,697), (619,698), (619,699), (620,697), (620,699), (621,697), (621,698), (621,699)
          Blocking obstacles: 3V3(1)
        backward cell (624, 694, layer=0): ok, 0/8 neighbors blocked
        backward cell (624, 694, layer=1): ok, 3/8 neighbors blocked
          Blocking obstacles: USB_DM(1)
      [93mFailed to route MST edge after 5001 iterations (0.11s)[0m
    [14/28] (2 failed) Routing MST edge: pad 6 -> pad 10 (length=5.14mm) target=(77.80, 70.57)
      Routed in 2309 iterations (0.00s)
    [15/28] (2 failed) Routing MST edge: pad 10 -> pad 11 (length=4.20mm) target=(80.50, 69.07)
      Routed in 28 iterations (0.00s)
    [16/28] (2 failed) Routing MST edge: pad 11 -> pad 12 (length=11.02mm) target=(86.50, 64.05)
      backward stuck (1 < 5000), forward=5000
        backward cell (865, 640, layer=0): ok, 8/8 neighbors blocked
          ALL neighbors blocked: (864,639), (864,640), (864,641), (865,639), (865,641), (866,639), (866,640), (866,641)
          Blocking obstacles: 3V3(1)
      backward stuck (437 < 5000), forward=5000
        backward cell (865, 640, layer=0): ok, 8/8 neighbors blocked
          ALL neighbors blocked: (864,639), (864,640), (864,641), (865,639), (865,641), (866,639), (866,640), (866,641)
          Blocking obstacles: 3V3(1)
        backward cell (872, 636, layer=0): ok, 6/8 neighbors blocked
          Blocking obstacles: ALERT(5), 3V3(1)
        backward cell (872, 636, layer=1): ok, 1/8 neighbors blocked
          Blocking obstacles: 3V3(3)
      backward stuck (437 < 5000), forward=5000
        backward cell (865, 640, layer=0): ok, 8/8 neighbors blocked
          ALL neighbors blocked: (864,639), (864,640), (864,641), (865,639), (865,641), (866,639), (866,640), (866,641)
          Blocking obstacles: 3V3(1)
        backward cell (872, 636, layer=0): ok, 6/8 neighbors blocked
          Blocking obstacles: ALERT(5), 3V3(1)
        backward cell (872, 636, layer=1): ok, 1/8 neighbors blocked
          Blocking obstacles: 3V3(3)
      [93mFailed to route MST edge after 5001 iterations (0.07s)[0m
    Fallback: attempting orphaned pad 12 directly from connected copper
    [17/28] (3 failed) Routing MST edge: pad 11 -> pad 12 (length=11.02mm) target=(86.50, 64.05)
      backward stuck (1 < 5000), forward=5000
        backward cell (865, 640, layer=0): ok, 8/8 neighbors blocked
          ALL neighbors blocked: (864,639), (864,640), (864,641), (865,639), (865,641), (866,639), (866,640), (866,641)
          Blocking obstacles: 3V3(1)
      [93mFailed to route MST edge after 5001 iterations (0.01s)[0m
    Fallback: attempting orphaned pad 14 directly from connected copper
    [17/28] (3 failed) Routing MST edge: pad 11 -> pad 14 (length=12.18mm) target=(88.75, 73.00)
      Probe: forward=5000, backward=5000 iters, trying forward with full iterations...
      Routed in 23466 iterations (0.00s)
    [18/28] (3 failed) Routing MST edge: pad 14 -> pad 0 (length=5.88mm) target=(93.12, 71.50)
      Routed in 44 iterations (0.00s)
    [19/28] (3 failed) Routing MST edge: pad 0 -> pad 4 (length=9.34mm) target=(93.10, 62.19)
      Probe: forward=5000, backward=5000 iters, trying forward with full iterations...
      No route found after 400000 iterations (forward), trying backward...
      Routed in 529283 iterations (0.09s)
    [20/28] (3 failed) Routing MST edge: pad 4 -> pad 2 (length=4.58mm) target=(92.91, 57.80)
      Routed in 21 iterations (0.00s)
    [21/28] (3 failed) Routing MST edge: pad 2 -> pad 3 (length=2.60mm) target=(92.91, 55.20)
      Routed in 27 iterations (0.00s)
    [22/28] (3 failed) Routing MST edge: pad 3 -> pad 1 (length=2.60mm) target=(92.91, 52.60)
      Routed in 3423 iterations (0.00s)
    [23/28] (3 failed) Routing MST edge: pad 4 -> pad 15 (length=2.20mm) target=(90.90, 62.19)
      backward stuck (1 < 5000), forward=5000
        backward cell (909, 622, layer=0): ok, 8/8 neighbors blocked
          ALL neighbors blocked: (908,621), (908,622), (908,623), (909,621), (909,623), (910,621), (910,622), (910,623)
          Blocking obstacles: 3V3(1)
      Routed in 33 iterations (0.02s)
    [24/28] (3 failed) Routing MST edge: pad 15 -> pad 9 (length=2.20mm) target=(88.70, 62.19)
      backward stuck (1 < 5000), forward=5000
        backward cell (887, 622, layer=0): ok, 8/8 neighbors blocked
          ALL neighbors blocked: (886,621), (886,622), (886,623), (887,621), (887,623), (888,621), (888,622), (888,623)
          Blocking obstacles: 3V3(1)
      Routed in 26 iterations (0.02s)
    [25/28] (3 failed) Routing MST edge: pad 9 -> pad 12 (length=4.06mm) target=(86.50, 64.05)
      backward stuck (1 < 5000), forward=5000
        backward cell (865, 640, layer=0): ok, 8/8 neighbors blocked
          ALL neighbors blocked: (864,639), (864,640), (864,641), (865,639), (865,641), (866,639), (866,640), (866,641)
          Blocking obstacles: 3V3(1)
      [93mFailed to route MST edge after 5001 iterations (0.01s)[0m
    [26/28] (4 failed) Routing MST edge: pad 2 -> pad 8 (length=2.08mm) target=(94.89, 57.90)
      Routed in 8641 iterations (0.00s)
    Fallback: attempting orphaned pad 16 directly from connected copper
    [27/28] (4 failed) Routing MST edge: pad 6 -> pad 16 (length=15.94mm) target=(62.00, 69.75)
      backward stuck (1 < 5000), forward=5000
        backward cell (620, 698, layer=0): ok, 8/8 neighbors blocked
          ALL neighbors blocked: (619,697), (619,698), (619,699), (620,697), (620,699), (621,697), (621,698), (621,699)
          Blocking obstacles: 3V3(1)
      [93mFailed to route MST edge after 5001 iterations (0.01s)[0m
  [93mWarning: 2 pad(s) not connected (3 MST edge(s) failed)[0m
  Phase 3 routing complete: 13 edges, 90 total segments, 16 total vias
  [91mNOT CONNECTED (so far): TMP_3V3 - C14 pad 1 at (86.50, 64.05) - may still be recovered; final verdict in the end-of-run summary[0m
  [91mNOT CONNECTED (so far): TMP_3V3 - U7 pad 1 at (62.00, 69.75) - may still be recovered; final verdict in the end-of-run summary[0m
  Added 86 tap segments, 16 tap vias
  Net total time: 0.43s, 672114 iterations

VLDO (net 36):
  Multi-point net Phase 3: routing 2 remaining MST edges (longest first)
    [27/28] (4 failed) Routing MST edge: pad 3 -> pad 2 (length=6.30mm) target=(62.85, 90.00)
      Probe: forward=5000, backward=5000 iters, trying forward with full iterations...
      Routed in 17303 iterations (0.00s)
    [28/28] (4 failed) Routing MST edge: pad 3 -> pad 0 (length=5.97mm) target=(71.62, 93.50)
      Routed in 3158 iterations (0.00s)
  Phase 3 routing complete: 2 edges, 19 total segments, 2 total vias
  Added 13 tap segments, 2 tap vias
  Net total time: 0.04s, 20678 iterations

SW (net 56):
  Multi-point net Phase 3: routing 2 remaining MST edges (longest first)
    [29/28] (4 failed) Routing MST edge: pad 3 -> pad 2 (length=7.94mm) target=(84.25, 73.00)
      Routed in 43 iterations (0.00s)
    [30/28] (4 failed) Routing MST edge: pad 3 -> pad 1 (length=6.86mm) target=(91.20, 75.25)
      Probe: forward=5000, backward=5000 iters, trying forward with full iterations...
      Routed in 18826 iterations (0.00s)
  Phase 3 routing complete: 2 edges, 16 total segments, 3 total vias
  Added 10 tap segments, 1 tap vias
  Net total time: 0.02s, 24897 iterations
Graze prune: removed 2 grazing segment(s) across 1 net(s)
Via nudge: moved 1 grazing via(s) on 1 net(s) by their sub-grid clearance shortfall (#280)
Cycle prune: removed 9 redundant loop segment(s) across 4 net(s)
Strict collapse: removed 4 redundant segment(s) (superseded parallel/buried copper)

============================================================
Routing complete
============================================================
  Single-ended:  6/7 routed
  [91mMulti-point:   38/40 pads connected (2 FAILED)[0m
  Total vias:    34
  Total time:    0.06s
  Iterations:    52,575

[91mFailed multi-point connections:[0m
  [91mTMP_3V3: C14 pad ? at (86.50, 64.05) not connected[0m
  [91mTMP_3V3: U7 pad ? at (62.00, 69.75) not connected[0m
JSON_SUMMARY: {"routed_single": ["VLDO", "VTAP", "BOOT", "VUSB", "SW", "VIN_E"], "failed_single": [], "failed_multipoint": [{"net_name": "TMP_3V3", "failed_pads": [{"component_ref": "C14", "pad_number": "?", "x": 86.5, "y": 64.05}, {"component_ref": "U7", "pad_number": "?", "x": 62.0, "y": 69.75}]}], "multipoint_nets": 5, "multipoint_pads_connected": 38, "multipoint_pads_total": 40, "multipoint_edges_routed": 31, "multipoint_edges_failed": 4, "ripup_success_pairs": [], "rerouted_pairs": [], "single_ended_target_swaps": [], "layer_swaps": 0, "successful": 6, "failed": 1, "total_time": 0.06, "total_iterations": 52575, "total_vias": 34, "cleanup_disconnected": [], "min_clearance_used": 0.1517}

Writing output to 06_build/route/rC.kicad_pcb...
Successfully wrote 06_build/route/rC.kicad_pcb

Final reconciliation: retrying 1 incomplete net(s) against the finished board: TMP_3V3
Loading 06_build/route/rC.kicad_pcb...
Using 2 routing layers: ['F.Cu', 'B.Cu']
  Layer costs: F.Cu=1.0x, B.Cu=3.0x
No BGA components detected - no exclusion zones needed
Keepout: blocking routes from 8 polygon(s) on User.2

Using MPS ordering strategy...
MPS: Using segment intersection method (no nets on BGA chips)
MPS: 1 nets with 0 crossing conflicts detected
WARNING: Could not find pads for both stub groups in TMP_3V3 (found 1 pads)
MPS Round 1: 1 units: TMP_3V3

Routing 1 single-ended net(s)...
============================================================
Building base obstacle map...
Base obstacle map built in 1.36s
Found 55 unrouted nets in PCB for stub proximity
Pre-computing net obstacle cache...
Net obstacle cache built in 0.11s (55 nets)

[1/1] Routing TMP_3V3 (id=11)
----------------------------------------
  Detected multi-point net with 8 pads (Phase 1: main route only)
  Existing copper joins 8 terminals into 3 group(s)
  Multi-point net Phase 1: routing longest MST edge (pads 2 and 7, length=15.05mm)
  backward stuck (1 < 5000), forward=5000
    backward cell (620, 698, layer=0): ok, 8/8 neighbors blocked
      ALL neighbors blocked: (619,697), (619,698), (619,699), (620,697), (620,699), (621,697), (621,698), (621,699)
      Blocking obstacles: 3V3(1)
  backward stuck (382 < 5000), forward=5000
    backward cell (620, 698, layer=0): ok, 8/8 neighbors blocked
      ALL neighbors blocked: (619,697), (619,698), (619,699), (620,697), (620,699), (621,697), (621,698), (621,699)
      Blocking obstacles: 3V3(1)
    backward cell (624, 694, layer=0): ok, 0/8 neighbors blocked
    backward cell (624, 694, layer=1): ok, 3/8 neighbors blocked
      Blocking obstacles: USB_DM(1)
  backward stuck (382 < 5000), forward=5000
    backward cell (620, 698, layer=0): ok, 8/8 neighbors blocked
      ALL neighbors blocked: (619,697), (619,698), (619,699), (620,697), (620,699), (621,697), (621,698), (621,699)
      Blocking obstacles: 3V3(1)
    backward cell (624, 694, layer=0): ok, 0/8 neighbors blocked
    backward cell (624, 694, layer=1): ok, 3/8 neighbors blocked
      Blocking obstacles: USB_DM(1)
  Phase 1 edge (pads 2,7) failed after 5001 iterations - trying next MST edge
  Multi-point net Phase 1: retrying with next MST edge (2/2) (pads 5 and 6, length=4.06mm)
  Both directions stuck (forward=1, backward=1 < 5000)
    forward cell (887, 622, layer=0): ok, 8/8 neighbors blocked
      ALL neighbors blocked: (886,621), (886,622), (886,623), (887,621), (887,623), (888,621), (888,622), (888,623)
      Blocking obstacles: 3V3(1)
    backward cell (865, 640, layer=0): ok, 8/8 neighbors blocked
      ALL neighbors blocked: (864,639), (864,640), (864,641), (865,639), (865,641), (866,639), (866,640), (866,641)
      Blocking obstacles: 3V3(1)
  backward stuck (398 < 5000), forward=5000
    backward cell (865, 640, layer=0): ok, 8/8 neighbors blocked
      ALL neighbors blocked: (864,639), (864,640), (864,641), (865,639), (865,641), (866,639), (866,640), (866,641)
      Blocking obstacles: 3V3(1)
    backward cell (872, 636, layer=0): ok, 6/8 neighbors blocked
      Blocking obstacles: ALERT(5), 3V3(1)
    backward cell (872, 636, layer=1): ok, 1/8 neighbors blocked
      Blocking obstacles: 3V3(3)
  Phase 1 edge (pads 5,6) failed after 2 iterations
  Phase 1 exhausted from the pads; deferring 2 edge(s) to Phase 3's island-copper sources (base component: 6 terminal(s))
  SUCCESS: 0 segments, 0 vias, 5003 iterations, length=144.34mm (stubs=144.34mm) (0.21s)

Sync pcb_data: 678 -> 678 (kept stubs) -> 678 (after adding 0)

============================================================
Multi-point Phase 3: Routing 2 tap connections
============================================================

TMP_3V3 (net 11):
  Seeding tap sources from the base island's existing copper: 88 segment(s), 16 via(s)
  Multi-point net Phase 3: routing 2 remaining MST edges (longest first)
    [1/2] Routing MST edge: pad 2 -> pad 7 (length=15.05mm) target=(62.00, 69.75)
      backward stuck (1 < 5000), forward=5000
        backward cell (620, 698, layer=0): ok, 8/8 neighbors blocked
          ALL neighbors blocked: (619,697), (619,698), (619,699), (620,697), (620,699), (621,697), (621,698), (621,699)
          Blocking obstacles: 3V3(1)
      [93mFailed to route MST edge after 5001 iterations (0.01s)[0m
    [2/2] (1 failed) Routing MST edge: pad 5 -> pad 6 (length=4.06mm) target=(86.50, 64.05)
      backward stuck (1 < 5000), forward=5000
        backward cell (865, 640, layer=0): ok, 8/8 neighbors blocked
          ALL neighbors blocked: (864,639), (864,640), (864,641), (865,639), (865,641), (866,639), (866,640), (866,641)
          Blocking obstacles: 3V3(1)
      [93mFailed to route MST edge after 5001 iterations (0.01s)[0m
    Fallback: attempting orphaned pad 6 directly from connected copper
    [3/2] (2 failed) Routing MST edge: pad 5 -> pad 6 (length=4.06mm) target=(86.50, 64.05)
      backward stuck (1 < 5000), forward=5000
        backward cell (865, 640, layer=0): ok, 8/8 neighbors blocked
          ALL neighbors blocked: (864,639), (864,640), (864,641), (865,639), (865,641), (866,639), (866,640), (866,641)
          Blocking obstacles: 3V3(1)
      [93mFailed to route MST edge after 5001 iterations (0.01s)[0m
    Fallback: attempting orphaned pad 7 directly from connected copper
    [3/2] (2 failed) Routing MST edge: pad 2 -> pad 7 (length=15.05mm) target=(62.00, 69.75)
      backward stuck (1 < 5000), forward=5000
        backward cell (620, 698, layer=0): ok, 8/8 neighbors blocked
          ALL neighbors blocked: (619,697), (619,698), (619,699), (620,697), (620,699), (621,697), (621,698), (621,699)
          Blocking obstacles: 3V3(1)
      [93mFailed to route MST edge after 5001 iterations (0.01s)[0m
  [93mWarning: 2 pad(s) not connected (2 MST edge(s) failed)[0m
  Phase 3 routing complete: 0 edges, 0 total segments, 0 total vias
  [91mNOT CONNECTED (so far): TMP_3V3 - C14 pad 1 at (86.50, 64.05) - may still be recovered; final verdict in the end-of-run summary[0m
  [91mNOT CONNECTED (so far): TMP_3V3 - U7 pad 1 at (62.00, 69.75) - may still be recovered; final verdict in the end-of-run summary[0m
  Net total time: 0.08s, 25007 iterations

============================================================
Routing complete
============================================================
  Single-ended:  0/1 routed
  [91mMulti-point:   15/17 pads connected (2 FAILED)[0m
  Total vias:    0
  Total time:    0.21s
  Iterations:    5,003

[91mFailed multi-point connections:[0m
  [91mTMP_3V3: C14 pad ? at (86.50, 64.05) not connected[0m
  [91mTMP_3V3: U7 pad ? at (62.00, 69.75) not connected[0m
JSON_SUMMARY: {"routed_single": [], "failed_single": [], "failed_multipoint": [{"net_name": "TMP_3V3", "failed_pads": [{"component_ref": "C14", "pad_number": "?", "x": 86.5, "y": 64.05}, {"component_ref": "U7", "pad_number": "?", "x": 62.0, "y": 69.75}]}], "multipoint_nets": 1, "multipoint_pads_connected": 15, "multipoint_pads_total": 17, "multipoint_edges_routed": 0, "multipoint_edges_failed": 2, "ripup_success_pairs": [], "rerouted_pairs": [], "single_ended_target_swaps": [], "layer_swaps": 0, "successful": 0, "failed": 1, "total_time": 0.21, "total_iterations": 5003, "total_vias": 0, "cleanup_disconnected": [], "min_clearance_used": 0.1517}

Writing output to 06_build/route/rC.kicad_pcb...
Successfully wrote 06_build/route/rC.kicad_pcb
Note: the JSON_SUMMARY above covers only the reconciliation subset; the run's full tally is the earlier JSON_SUMMARY plus these recoveries.
  Min clearance used: 0.1517 mm (below nominal 0.16) - grading at this floor
  DRC settings already consistent (06_build/route/rC.kicad_pro)
Loading 06_build/route/rC.kicad_pcb to expand net patterns...
Routing 1 nets: ['TMP_3V3']
Loading 06_build/route/rC.kicad_pcb...
Using 2 routing layers: ['F.Cu', 'B.Cu']
  Layer costs: F.Cu=1.0x, B.Cu=3.0x
No BGA components detected - no exclusion zones needed
Keepout: blocking routes from 8 polygon(s) on User.2

Using MPS ordering strategy...
MPS: Using segment intersection method (no nets on BGA chips)
MPS: 1 nets with 0 crossing conflicts detected
WARNING: Could not find pads for both stub groups in TMP_3V3 (found 1 pads)
MPS Round 1: 1 units: TMP_3V3

Routing 1 single-ended net(s)...
============================================================
Building base obstacle map...
Base obstacle map built in 6.92s
Found 55 unrouted nets in PCB for stub proximity
Pre-computing net obstacle cache...
Net obstacle cache built in 0.25s (55 nets)

[1/1] Routing TMP_3V3 (id=11)
----------------------------------------
  Detected multi-point net with 8 pads (Phase 1: main route only)
  Existing copper joins 8 terminals into 3 group(s)
  Multi-point net Phase 1: routing longest MST edge (pads 2 and 7, length=15.05mm)
  Probe: forward=5000, backward=5000 iters, trying forward with full iterations...
  Phase 1 routed in 85509 iterations, 22 segments
  SUCCESS: 22 segments, 1 vias, 85509 iterations, length=162.67mm (stubs=144.34mm) (0.06s)

Sync pcb_data: 700 -> 678 (kept stubs) -> 700 (after adding 22)

============================================================
Multi-point Phase 3: Routing 1 tap connections
============================================================

TMP_3V3 (net 11):
  Multi-point net Phase 3: routing 1 remaining MST edges (longest first)
    [1/1] Routing MST edge: pad 5 -> pad 6 (length=4.06mm) target=(86.50, 64.05)
      backward stuck (1 < 5000), forward=5000
        backward cell (1730, 1281, layer=0): ok, 8/8 neighbors blocked
          ALL neighbors blocked: (1729,1280), (1729,1281), (1729,1282), (1730,1280), (1730,1282), (1731,1280), (1731,1281), (1731,1282)
          Blocking obstacles: 3V3(1)
      backward stuck (2043 < 5000), forward=5000
        backward cell (1730, 1281, layer=0): ok, 8/8 neighbors blocked
          ALL neighbors blocked: (1729,1280), (1729,1281), (1729,1282), (1730,1280), (1730,1282), (1731,1280), (1731,1281), (1731,1282)
          Blocking obstacles: 3V3(1)
        backward cell (1743, 1272, layer=0): ok, 0/8 neighbors blocked
        backward cell (1743, 1272, layer=1): ok, 0/8 neighbors blocked
      backward stuck (2043 < 5000), forward=5000
        backward cell (1730, 1281, layer=0): ok, 8/8 neighbors blocked
          ALL neighbors blocked: (1729,1280), (1729,1281), (1729,1282), (1730,1280), (1730,1282), (1731,1280), (1731,1281), (1731,1282)
          Blocking obstacles: 3V3(1)
        backward cell (1743, 1272, layer=0): ok, 0/8 neighbors blocked
        backward cell (1743, 1272, layer=1): ok, 0/8 neighbors blocked
      [93mFailed to route MST edge after 5001 iterations (0.18s)[0m
    Fallback: attempting orphaned pad 6 directly from connected copper
    [2/1] (1 failed) Routing MST edge: pad 2 -> pad 6 (length=20.35mm) target=(86.50, 64.05)
      backward stuck (1 < 5000), forward=5000
        backward cell (1730, 1281, layer=0): ok, 8/8 neighbors blocked
          ALL neighbors blocked: (1729,1280), (1729,1281), (1729,1282), (1730,1280), (1730,1282), (1731,1280), (1731,1281), (1731,1282)
          Blocking obstacles: 3V3(1)
      [93mFailed to route MST edge after 5001 iterations (0.03s)[0m
  [93mWarning: 1 pad(s) not connected (2 MST edge(s) failed)[0m
  Phase 3 routing complete: 0 edges, 22 total segments, 1 total vias
  [91mNOT CONNECTED (so far): TMP_3V3 - C14 pad 1 at (86.50, 64.05) - may still be recovered; final verdict in the end-of-run summary[0m
  Net total time: 0.35s, 95511 iterations

============================================================
Routing complete
============================================================
  Single-ended:  0/1 routed
  [91mMulti-point:   16/17 pads connected (1 FAILED)[0m
  Total vias:    1
  Total time:    0.06s
  Iterations:    85,509

[91mFailed multi-point connections:[0m
  [91mTMP_3V3: C14 pad ? at (86.50, 64.05) not connected[0m
JSON_SUMMARY: {"routed_single": [], "failed_single": [], "failed_multipoint": [{"net_name": "TMP_3V3", "failed_pads": [{"component_ref": "C14", "pad_number": "?", "x": 86.5, "y": 64.05}]}], "multipoint_nets": 1, "multipoint_pads_connected": 16, "multipoint_pads_total": 17, "multipoint_edges_routed": 1, "multipoint_edges_failed": 2, "ripup_success_pairs": [], "rerouted_pairs": [], "single_ended_target_swaps": [], "layer_swaps": 0, "successful": 0, "failed": 1, "total_time": 0.06, "total_iterations": 85509, "total_vias": 1, "cleanup_disconnected": [], "min_clearance_used": 0.1517}

Writing output to 06_build/route/r3.kicad_pcb...
Successfully wrote 06_build/route/r3.kicad_pcb

Final reconciliation: retrying 1 incomplete net(s) against the finished board: TMP_3V3
Loading 06_build/route/r3.kicad_pcb...
Using 2 routing layers: ['F.Cu', 'B.Cu']
  Layer costs: F.Cu=1.0x, B.Cu=3.0x
No BGA components detected - no exclusion zones needed
Keepout: blocking routes from 8 polygon(s) on User.2

Using MPS ordering strategy...
MPS: Using segment intersection method (no nets on BGA chips)
MPS: 1 nets with 0 crossing conflicts detected
WARNING: Could not find pads for both stub groups in TMP_3V3 (found 1 pads)
MPS Round 1: 1 units: TMP_3V3

Routing 1 single-ended net(s)...
============================================================
Building base obstacle map...
Base obstacle map built in 6.89s
Found 55 unrouted nets in PCB for stub proximity
Pre-computing net obstacle cache...
Net obstacle cache built in 0.25s (55 nets)

[1/1] Routing TMP_3V3 (id=11)
----------------------------------------
  Detected multi-point net with 7 pads (Phase 1: main route only)
  Existing copper joins 7 terminals into 2 group(s)
  Multi-point net Phase 1: routing longest MST edge (pads 5 and 6, length=4.06mm)
  Both directions stuck (forward=1, backward=1 < 5000)
    forward cell (1774, 1244, layer=0): ok, 8/8 neighbors blocked
      ALL neighbors blocked: (1773,1243), (1773,1244), (1773,1245), (1774,1243), (1774,1245), (1775,1243), (1775,1244), (1775,1245)
      Blocking obstacles: 3V3(1)
    backward cell (1730, 1281, layer=0): ok, 8/8 neighbors blocked
      ALL neighbors blocked: (1729,1280), (1729,1281), (1729,1282), (1730,1280), (1730,1282), (1731,1280), (1731,1281), (1731,1282)
      Blocking obstacles: 3V3(1)
  backward stuck (2709 < 5000), forward=5000
    backward cell (1730, 1281, layer=0): ok, 8/8 neighbors blocked
      ALL neighbors blocked: (1729,1280), (1729,1281), (1729,1282), (1730,1280), (1730,1282), (1731,1280), (1731,1281), (1731,1282)
      Blocking obstacles: 3V3(1)
    backward cell (1743, 1272, layer=0): ok, 0/8 neighbors blocked
    backward cell (1743, 1272, layer=1): ok, 0/8 neighbors blocked
  Phase 1 edge (pads 5,6) failed after 2 iterations
  Phase 1 exhausted from the pads; deferring 1 edge(s) to Phase 3's island-copper sources (base component: 6 terminal(s))
  SUCCESS: 0 segments, 0 vias, 2 iterations, length=162.67mm (stubs=162.67mm) (0.15s)

Sync pcb_data: 700 -> 700 (kept stubs) -> 700 (after adding 0)

============================================================
Multi-point Phase 3: Routing 1 tap connections
============================================================

TMP_3V3 (net 11):
  Seeding tap sources from the base island's existing copper: 110 segment(s), 17 via(s)
  Multi-point net Phase 3: routing 1 remaining MST edges (longest first)
    [1/1] Routing MST edge: pad 5 -> pad 6 (length=4.06mm) target=(86.50, 64.05)
      backward stuck (1 < 5000), forward=5000
        backward cell (1730, 1281, layer=0): ok, 8/8 neighbors blocked
          ALL neighbors blocked: (1729,1280), (1729,1281), (1729,1282), (1730,1280), (1730,1282), (1731,1280), (1731,1281), (1731,1282)
          Blocking obstacles: 3V3(1)
      [93mFailed to route MST edge after 5001 iterations (0.03s)[0m
    Fallback: attempting orphaned pad 6 directly from connected copper
    [2/1] (1 failed) Routing MST edge: pad 5 -> pad 6 (length=4.06mm) target=(86.50, 64.05)
      backward stuck (1 < 5000), forward=5000
        backward cell (1730, 1281, layer=0): ok, 8/8 neighbors blocked
          ALL neighbors blocked: (1729,1280), (1729,1281), (1729,1282), (1730,1280), (1730,1282), (1731,1280), (1731,1281), (1731,1282)
          Blocking obstacles: 3V3(1)
      [93mFailed to route MST edge after 5001 iterations (0.03s)[0m
  [93mWarning: 1 pad(s) not connected (1 MST edge(s) failed)[0m
  Phase 3 routing complete: 0 edges, 0 total segments, 0 total vias
  [91mNOT CONNECTED (so far): TMP_3V3 - C14 pad 1 at (86.50, 64.05) - may still be recovered; final verdict in the end-of-run summary[0m
  Net total time: 0.20s, 10004 iterations

============================================================
Routing complete
============================================================
  Single-ended:  0/1 routed
  [91mMulti-point:   16/17 pads connected (1 FAILED)[0m
  Total vias:    0
  Total time:    0.15s
  Iterations:    2

[91mFailed multi-point connections:[0m
  [91mTMP_3V3: C14 pad ? at (86.50, 64.05) not connected[0m
JSON_SUMMARY: {"routed_single": [], "failed_single": [], "failed_multipoint": [{"net_name": "TMP_3V3", "failed_pads": [{"component_ref": "C14", "pad_number": "?", "x": 86.5, "y": 64.05}]}], "multipoint_nets": 1, "multipoint_pads_connected": 16, "multipoint_pads_total": 17, "multipoint_edges_routed": 0, "multipoint_edges_failed": 1, "ripup_success_pairs": [], "rerouted_pairs": [], "single_ended_target_swaps": [], "layer_swaps": 0, "successful": 0, "failed": 1, "total_time": 0.15, "total_iterations": 2, "total_vias": 0, "cleanup_disconnected": [], "min_clearance_used": 0.1517}

Writing output to 06_build/route/r3.kicad_pcb...
Successfully wrote 06_build/route/r3.kicad_pcb
Note: the JSON_SUMMARY above covers only the reconciliation subset; the run's full tally is the earlier JSON_SUMMARY plus these recoveries.
  Min clearance used: 0.1517 mm (below nominal 0.16) - grading at this floor
  DRC settings already consistent (06_build/route/r3.kicad_pro)
waves done -> 06_build/route/r3.kicad_pcb
