ERC report (2026-07-20T10:54:04, Encoding UTF8)
Report includes: Errors, Warnings, Exclusions

***** Sheet /
[endpoint_off_grid]: Symbol pin or wire end off connection grid
    ; warning
    @(28.575 mm, 298.45 mm): Vertical Wire, length 2.54 mm
[endpoint_off_grid]: Symbol pin or wire end off connection grid
    ; warning
    @(29.845 mm, 115.57 mm): Vertical Wire, length 30.48 mm
[endpoint_off_grid]: Symbol pin or wire end off connection grid
    ; warning
    @(29.845 mm, 115.57 mm): Horizontal Wire, length 4.445 mm
[endpoint_off_grid]: Symbol pin or wire end off connection grid
    ; warning
    @(29.845 mm, 146.05 mm): Horizontal Wire, length 2.54 mm
[endpoint_off_grid]: Symbol pin or wire end off connection grid
    ; warning
    @(29.845 mm, 176.53 mm): Horizontal Wire, length 2.54 mm
[endpoint_off_grid]: Symbol pin or wire end off connection grid
    ; warning
    @(29.845 mm, 207.01 mm): Horizontal Wire, length 4.445 mm
[endpoint_off_grid]: Symbol pin or wire end off connection grid
    ; warning
    @(29.845 mm, 207.01 mm): Vertical Wire, length 30.48 mm
[endpoint_off_grid]: Symbol pin or wire end off connection grid
    ; warning
    @(29.845 mm, 237.49 mm): Horizontal Wire, length 4.445 mm
[endpoint_off_grid]: Symbol pin or wire end off connection grid
    ; warning
    @(29.845 mm, 237.49 mm): Vertical Wire, length 30.48 mm
[endpoint_off_grid]: Symbol pin or wire end off connection grid
    ; warning
    @(29.845 mm, 267.97 mm): Horizontal Wire, length 2.54 mm
[endpoint_off_grid]: Symbol pin or wire end off connection grid
    ; warning
    @(32.385 mm, 115.57 mm): Horizontal Wire, length 2.54 mm
[endpoint_off_grid]: Symbol pin or wire end off connection grid
    ; warning
    @(32.385 mm, 115.57 mm): Symbol JBUS Pin 1 [Passive, Line]
[endpoint_off_grid]: Symbol pin or wire end off connection grid
    ; warning
    @(32.385 mm, 146.05 mm): Symbol F1 Pin 1 [Passive, Line]
[endpoint_off_grid]: Symbol pin or wire end off connection grid
    ; warning
    @(32.385 mm, 176.53 mm): Symbol F2 Pin 1 [Passive, Line]
[endpoint_off_grid]: Symbol pin or wire end off connection grid
    ; warning
    @(32.385 mm, 207.01 mm): Symbol F3 Pin 1 [Passive, Line]
[endpoint_off_grid]: Symbol pin or wire end off connection grid
    ; warning
    @(32.385 mm, 207.01 mm): Horizontal Wire, length 2.54 mm
[endpoint_off_grid]: Symbol pin or wire end off connection grid
    ; warning
    @(32.385 mm, 237.49 mm): Symbol F4 Pin 1 [Passive, Line]
[endpoint_off_grid]: Symbol pin or wire end off connection grid
    ; warning
    @(32.385 mm, 237.49 mm): Horizontal Wire, length 2.54 mm
[endpoint_off_grid]: Symbol pin or wire end off connection grid
    ; warning
    @(32.385 mm, 267.97 mm): Symbol F5 Pin 1 [Passive, Line]
[endpoint_off_grid]: Symbol pin or wire end off connection grid
    ; warning
    @(32.385 mm, 298.45 mm): Horizontal Wire, length 3.81 mm
[endpoint_off_grid]: Symbol pin or wire end off connection grid
    ; warning
    @(32.385 mm, 298.45 mm): Symbol F6 Pin 1 [Passive, Line]
[endpoint_off_grid]: Symbol pin or wire end off connection grid
    ; warning
    @(37.465 mm, 322.58 mm): Symbol J1 Pin 1 [Passive, Line]
[endpoint_off_grid]: Symbol pin or wire end off connection grid
    ; warning
    @(37.465 mm, 322.58 mm): Horizontal Wire, length 3.175 mm
[endpoint_off_grid]: Symbol pin or wire end off connection grid
    ; warning
    @(37.465 mm, 340.36 mm): Horizontal Wire, length 3.175 mm
[endpoint_off_grid]: Symbol pin or wire end off connection grid
    ; warning
    @(37.465 mm, 340.36 mm): Symbol J2 Pin 1 [Passive, Line]
[endpoint_off_grid]: Symbol pin or wire end off connection grid
    ; warning
    @(37.465 mm, 358.14 mm): Symbol J3 Pin 1 [Passive, Line]
[endpoint_off_grid]: Symbol pin or wire end off connection grid
    ; warning
    @(37.465 mm, 358.14 mm): Horizontal Wire, length 3.175 mm
[endpoint_off_grid]: Symbol pin or wire end off connection grid
    ; warning
    @(37.465 mm, 375.92 mm): Symbol J4 Pin 1 [Passive, Line]
[endpoint_off_grid]: Symbol pin or wire end off connection grid
    ; warning
    @(37.465 mm, 375.92 mm): Horizontal Wire, length 3.175 mm
[endpoint_off_grid]: Symbol pin or wire end off connection grid
    ; warning
    @(37.465 mm, 393.70 mm): Symbol J5 Pin 1 [Passive, Line]
[endpoint_off_grid]: Symbol pin or wire end off connection grid
    ; warning
    @(37.465 mm, 393.70 mm): Horizontal Wire, length 3.175 mm
[endpoint_off_grid]: Symbol pin or wire end off connection grid
    ; warning
    @(37.465 mm, 411.48 mm): Horizontal Wire, length 3.175 mm
[endpoint_off_grid]: Symbol pin or wire end off connection grid
    ; warning
    @(37.465 mm, 411.48 mm): Symbol J6 Pin 1 [Passive, Line]
[endpoint_off_grid]: Symbol pin or wire end off connection grid
    ; warning
    @(40.005 mm, 88.265 mm): Symbol R15 Pin 1 [Passive, Line]
[footprint_link_issues]: The current configuration does not include the footprint library 'Connector_PinHeader_2.54mm'
    ; warning
    @(40.005 mm, 115.57 mm): Symbol JBUS [SYM_JBUS]
[lib_symbol_issues]: The current configuration does not include the symbol library 'elt'
    ; warning
    @(40.005 mm, 115.57 mm): Symbol JBUS [SYM_JBUS]
[footprint_link_issues]: The current configuration does not include the footprint library 'Connector_PinHeader_2.54mm'
    ; warning
    @(40.005 mm, 146.05 mm): Symbol F1 [SYM_F1]
[lib_symbol_issues]: The current configuration does not include the symbol library 'elt'
    ; warning
    @(40.005 mm, 146.05 mm): Symbol F1 [SYM_F1]
[footprint_link_issues]: The current configuration does not include the footprint library 'Connector_PinHeader_2.54mm'
    ; warning
    @(40.005 mm, 176.53 mm): Symbol F2 [SYM_F2]
[lib_symbol_issues]: The current configuration does not include the symbol library 'elt'
    ; warning
    @(40.005 mm, 176.53 mm): Symbol F2 [SYM_F2]
[footprint_link_issues]: The current configuration does not include the footprint library 'Connector_PinHeader_2.54mm'
    ; warning
    @(40.005 mm, 207.01 mm): Symbol F3 [SYM_F3]
[lib_symbol_issues]: The current configuration does not include the symbol library 'elt'
    ; warning
    @(40.005 mm, 207.01 mm): Symbol F3 [SYM_F3]
[footprint_link_issues]: The current configuration does not include the footprint library 'Connector_PinHeader_2.54mm'
    ; warning
    @(40.005 mm, 237.49 mm): Symbol F4 [SYM_F4]
[lib_symbol_issues]: The current configuration does not include the symbol library 'elt'
    ; warning
    @(40.005 mm, 237.49 mm): Symbol F4 [SYM_F4]
[footprint_link_issues]: The current configuration does not include the footprint library 'Connector_PinHeader_2.54mm'
    ; warning
    @(40.005 mm, 267.97 mm): Symbol F5 [SYM_F5]
[lib_symbol_issues]: The current configuration does not include the symbol library 'elt'
    ; warning
    @(40.005 mm, 267.97 mm): Symbol F5 [SYM_F5]
[footprint_link_issues]: The current configuration does not include the footprint library 'Connector_PinHeader_2.54mm'
    ; warning
    @(40.005 mm, 298.45 mm): Symbol F6 [SYM_F6]
[lib_symbol_issues]: The current configuration does not include the symbol library 'elt'
    ; warning
    @(40.005 mm, 298.45 mm): Symbol F6 [SYM_F6]
[footprint_link_issues]: The current configuration does not include the footprint library 'TestPoint'
    ; warning
    @(40.005 mm, 322.58 mm): Symbol J1 [SYM_J1]
[lib_symbol_issues]: The current configuration does not include the symbol library 'elt'
    ; warning
    @(40.005 mm, 322.58 mm): Symbol J1 [SYM_J1]
[footprint_link_issues]: The current configuration does not include the footprint library 'TestPoint'
    ; warning
    @(40.005 mm, 340.36 mm): Symbol J2 [SYM_J2]
[lib_symbol_issues]: The current configuration does not include the symbol library 'elt'
    ; warning
    @(40.005 mm, 340.36 mm): Symbol J2 [SYM_J2]
[footprint_link_issues]: The current configuration does not include the footprint library 'TestPoint'
    ; warning
    @(40.005 mm, 358.14 mm): Symbol J3 [SYM_J3]
[lib_symbol_issues]: The current configuration does not include the symbol library 'elt'
    ; warning
    @(40.005 mm, 358.14 mm): Symbol J3 [SYM_J3]
[footprint_link_issues]: The current configuration does not include the footprint library 'TestPoint'
    ; warning
    @(40.005 mm, 375.92 mm): Symbol J4 [SYM_J4]
[lib_symbol_issues]: The current configuration does not include the symbol library 'elt'
    ; warning
    @(40.005 mm, 375.92 mm): Symbol J4 [SYM_J4]
[footprint_link_issues]: The current configuration does not include the footprint library 'TestPoint'
    ; warning
    @(40.005 mm, 393.70 mm): Symbol J5 [SYM_J5]
[lib_symbol_issues]: The current configuration does not include the symbol library 'elt'
    ; warning
    @(40.005 mm, 393.70 mm): Symbol J5 [SYM_J5]
[footprint_link_issues]: The current configuration does not include the footprint library 'TestPoint'
    ; warning
    @(40.005 mm, 411.48 mm): Symbol J6 [SYM_J6]
[lib_symbol_issues]: The current configuration does not include the symbol library 'elt'
    ; warning
    @(40.005 mm, 411.48 mm): Symbol J6 [SYM_J6]
[footprint_link_issues]: The current configuration does not include the footprint library 'Resistor_SMD'
    ; warning
    @(43.815 mm, 88.265 mm): Symbol R15 [SYM_R15]
[lib_symbol_issues]: The current configuration does not include the symbol library 'elt'
    ; warning
    @(43.815 mm, 88.265 mm): Symbol R15 [SYM_R15]
[endpoint_off_grid]: Symbol pin or wire end off connection grid
    ; warning
    @(47.625 mm, 88.265 mm): Horizontal Wire, length 7.62 mm
[endpoint_off_grid]: Symbol pin or wire end off connection grid
    ; warning
    @(47.625 mm, 115.57 mm): Symbol #PWR01 Hidden pin 1 [GND, Power input, Line]
[lib_symbol_issues]: The current configuration does not include the symbol library 'elt'
    ; warning
    @(47.625 mm, 115.57 mm): Symbol #PWR01 [GND]
[endpoint_off_grid]: Symbol pin or wire end off connection grid
    ; warning
    @(47.625 mm, 146.05 mm): Horizontal Wire, length 3.175 mm
[endpoint_off_grid]: Symbol pin or wire end off connection grid
    ; warning
    @(47.625 mm, 176.53 mm): Horizontal Wire, length 143.51 mm
[endpoint_off_grid]: Symbol pin or wire end off connection grid
    ; warning
    @(47.625 mm, 207.01 mm): Horizontal Wire, length 3.175 mm
[endpoint_off_grid]: Symbol pin or wire end off connection grid
    ; warning
    @(47.625 mm, 237.49 mm): Horizontal Wire, length 3.175 mm
[endpoint_off_grid]: Symbol pin or wire end off connection grid
    ; warning
    @(47.625 mm, 267.97 mm): Horizontal Wire, length 26.035 mm
[endpoint_off_grid]: Symbol pin or wire end off connection grid
    ; warning
    @(47.625 mm, 298.45 mm): Horizontal Wire, length 200.025 mm
[endpoint_off_grid]: Symbol pin or wire end off connection grid
    ; warning
    @(52.705 mm, 53.975 mm): Symbol R17 Pin 1 [Passive, Line]
[endpoint_off_grid]: Symbol pin or wire end off connection grid
    ; warning
    @(55.245 mm, 81.28 mm): Horizontal Wire, length 7.62 mm
[endpoint_off_grid]: Symbol pin or wire end off connection grid
    ; warning
    @(55.245 mm, 88.265 mm): Vertical Wire, length 6.985 mm
[footprint_link_issues]: The current configuration does not include the footprint library 'Resistor_SMD'
    ; warning
    @(56.515 mm, 53.975 mm): Symbol R17 [SYM_R17]
[lib_symbol_issues]: The current configuration does not include the symbol library 'elt'
    ; warning
    @(56.515 mm, 53.975 mm): Symbol R17 [SYM_R17]
[endpoint_off_grid]: Symbol pin or wire end off connection grid
    ; warning
    @(57.15 mm, 67.945 mm): Horizontal Wire, length 5.715 mm
[endpoint_off_grid]: Symbol pin or wire end off connection grid
    ; warning
    @(57.15 mm, 81.28 mm): Vertical Wire, length 13.335 mm
[endpoint_off_grid]: Symbol pin or wire end off connection grid
    ; warning
    @(60.325 mm, 53.975 mm): Horizontal Wire, length 2.54 mm
[endpoint_off_grid]: Symbol pin or wire end off connection grid
    ; warning
    @(62.865 mm, 53.975 mm): Vertical Wire, length 6.985 mm
[endpoint_off_grid]: Symbol pin or wire end off connection grid
    ; warning
    @(62.865 mm, 53.975 mm): Horizontal Wire, length 2.54 mm
[endpoint_off_grid]: Symbol pin or wire end off connection grid
    ; warning
    @(62.865 mm, 60.96 mm): Horizontal Wire, length 22.86 mm
[endpoint_off_grid]: Symbol pin or wire end off connection grid
    ; warning
    @(62.865 mm, 67.945 mm): Vertical Wire, length 13.97 mm
[endpoint_off_grid]: Symbol pin or wire end off connection grid
    ; warning
    @(62.865 mm, 81.28 mm): Symbol JPWR Pin 1 [Passive, Line]
[endpoint_off_grid]: Symbol pin or wire end off connection grid
    ; warning
    @(62.865 mm, 81.28 mm): Horizontal Wire, length 5.715 mm
[endpoint_off_grid]: Symbol pin or wire end off connection grid
    ; warning
    @(57.15 mm, 81.28 mm): Horizontal Wire, length 5.715 mm
[endpoint_off_grid]: Symbol pin or wire end off connection grid
    ; warning
    @(62.865 mm, 111.76 mm): Horizontal Wire, length 5.715 mm
[endpoint_off_grid]: Symbol pin or wire end off connection grid
    ; warning
    @(62.865 mm, 111.76 mm): Symbol JMCU Pin 1 [Passive, Line]
[endpoint_off_grid]: Symbol pin or wire end off connection grid
    ; warning
    @(62.865 mm, 114.30 mm): Symbol #PWR03 Hidden pin 1 [GND, Power input, Line]
[lib_symbol_issues]: The current configuration does not include the symbol library 'elt'
    ; warning
    @(62.865 mm, 114.30 mm): Symbol #PWR03 [GND]
[endpoint_off_grid]: Symbol pin or wire end off connection grid
    ; warning
    @(67.945 mm, 139.065 mm): Vertical Wire, length 2.54 mm
[endpoint_off_grid]: Symbol pin or wire end off connection grid
    ; warning
    @(67.945 mm, 141.605 mm): Vertical Wire, length 1.27 mm
[endpoint_off_grid]: Symbol pin or wire end off connection grid
    ; warning
    @(67.945 mm, 142.875 mm): Symbol CB5 Pin 1 [Passive, Line]
[footprint_link_issues]: The current configuration does not include the footprint library 'Capacitor_SMD'
    ; warning
    @(67.945 mm, 146.685 mm): Symbol CB5 [SYM_CB5]
[lib_symbol_issues]: The current configuration does not include the symbol library 'elt'
    ; warning
    @(67.945 mm, 146.685 mm): Symbol CB5 [SYM_CB5]
[endpoint_off_grid]: Symbol pin or wire end off connection grid
    ; warning
    @(67.945 mm, 150.495 mm): Symbol #PWR17 Hidden pin 1 [GND, Power input, Line]
[lib_symbol_issues]: The current configuration does not include the symbol library 'elt'
    ; warning
    @(67.945 mm, 150.495 mm): Symbol #PWR17 [GND]
[footprint_link_issues]: The current configuration does not include the footprint library 'Connector_PinHeader_2.54mm'
    ; warning
    @(70.485 mm, 81.28 mm): Symbol JPWR [SYM_JPWR]
[lib_symbol_issues]: The current configuration does not include the symbol library 'elt'
    ; warning
    @(70.485 mm, 81.28 mm): Symbol JPWR [SYM_JPWR]
[footprint_link_issues]: The current configuration does not include the footprint library 'Connector_PinHeader_2.54mm'
    ; warning
    @(70.485 mm, 114.30 mm): Symbol JMCU [SYM_JMCU]
[lib_symbol_issues]: The current configuration does not include the symbol library 'elt'
    ; warning
    @(70.485 mm, 114.30 mm): Symbol JMCU [SYM_JMCU]
[endpoint_off_grid]: Symbol pin or wire end off connection grid
    ; warning
    @(73.66 mm, 182.245 mm): Horizontal Wire, length 26.67 mm
[endpoint_off_grid]: Symbol pin or wire end off connection grid
    ; warning
    @(73.66 mm, 267.97 mm): Vertical Wire, length 85.725 mm
[endpoint_off_grid]: Symbol pin or wire end off connection grid
    ; warning
    @(75.565 mm, 53.975 mm): Symbol R16 Pin 1 [Passive, Line]
[endpoint_off_grid]: Symbol pin or wire end off connection grid
    ; warning
    @(78.105 mm, 81.28 mm): Symbol #PWR02 Hidden pin 1 [GND, Power input, Line]
[lib_symbol_issues]: The current configuration does not include the symbol library 'elt'
    ; warning
    @(78.105 mm, 81.28 mm): Symbol #PWR02 [GND]
[endpoint_off_grid]: Symbol pin or wire end off connection grid
    ; warning
    @(78.105 mm, 139.065 mm): Horizontal Wire, length 10.16 mm
[endpoint_off_grid]: Symbol pin or wire end off connection grid
    ; warning
    @(78.105 mm, 145.415 mm): Vertical Wire, length 6.35 mm
[footprint_link_issues]: The current configuration does not include the footprint library 'Resistor_SMD'
    ; warning
    @(79.375 mm, 53.975 mm): Symbol R16 [SYM_R16]
[lib_symbol_issues]: The current configuration does not include the symbol library 'elt'
    ; warning
    @(79.375 mm, 53.975 mm): Symbol R16 [SYM_R16]
[endpoint_off_grid]: Symbol pin or wire end off connection grid
    ; warning
    @(83.185 mm, 53.975 mm): Horizontal Wire, length 2.54 mm
[endpoint_off_grid]: Symbol pin or wire end off connection grid
    ; warning
    @(85.725 mm, 46.355 mm): Horizontal Wire, length 22.86 mm
[endpoint_off_grid]: Symbol pin or wire end off connection grid
    ; warning
    @(85.725 mm, 53.975 mm): Horizontal Wire, length 2.54 mm
[endpoint_off_grid]: Symbol pin or wire end off connection grid
    ; warning
    @(85.725 mm, 53.975 mm): Vertical Wire, length 7.62 mm
[endpoint_off_grid]: Symbol pin or wire end off connection grid
    ; warning
    @(85.725 mm, 60.96 mm): Vertical Wire, length 6.985 mm
[endpoint_off_grid]: Symbol pin or wire end off connection grid
    ; warning
    @(88.90 mm, 145.415 mm): Horizontal Wire, length 10.795 mm
[endpoint_off_grid]: Symbol pin or wire end off connection grid
    ; warning
    @(88.90 mm, 145.415 mm): Symbol U5 Pin 1 [A1, Passive, Line]
[endpoint_off_grid]: Symbol pin or wire end off connection grid
    ; warning
    @(88.90 mm, 147.955 mm): Symbol #PWR18 Hidden pin 1 [GND, Power input, Line]
[lib_symbol_issues]: The current configuration does not include the symbol library 'elt'
    ; warning
    @(88.90 mm, 147.955 mm): Symbol #PWR18 [GND]
[endpoint_off_grid]: Symbol pin or wire end off connection grid
    ; warning
    @(90.805 mm, 83.185 mm): Horizontal Wire, length 2.54 mm
[endpoint_off_grid]: Symbol pin or wire end off connection grid
    ; warning
    @(90.805 mm, 90.805 mm): Vertical Wire, length 7.62 mm
[endpoint_off_grid]: Symbol pin or wire end off connection grid
    ; warning
    @(93.345 mm, 80.645 mm): Symbol #PWR15 Hidden pin 1 [GND, Power input, Line]
[endpoint_off_grid]: Symbol pin or wire end off connection grid
    ; warning
    @(93.345 mm, 80.645 mm): Symbol U4 Pin 1 [A1, Passive, Line]
[lib_symbol_issues]: The current configuration does not include the symbol library 'elt'
    ; warning
    @(93.345 mm, 80.645 mm): Symbol #PWR15 [GND]
[endpoint_off_grid]: Symbol pin or wire end off connection grid
    ; warning
    @(93.345 mm, 90.805 mm): Horizontal Wire, length 2.54 mm
[endpoint_off_grid]: Symbol pin or wire end off connection grid
    ; warning
    @(100.33 mm, 182.245 mm): Symbol RS5 Pin 1 [Passive, Line]
[endpoint_off_grid]: Symbol pin or wire end off connection grid
    ; warning
    @(102.235 mm, 111.125 mm): Horizontal Wire, length 29.845 mm
[endpoint_off_grid]: Symbol pin or wire end off connection grid
    ; warning
    @(102.235 mm, 118.11 mm): Vertical Wire, length 6.985 mm
[footprint_link_issues]: The current configuration does not include the footprint library 'Package_SO'
    ; warning
    @(104.14 mm, 150.495 mm): Symbol U5 [SYM_U5]
[lib_symbol_issues]: The current configuration does not include the symbol library 'elt'
    ; warning
    @(104.14 mm, 150.495 mm): Symbol U5 [SYM_U5]
[footprint_link_issues]: The current configuration does not include the footprint library 'bbar'
    ; warning
    @(104.14 mm, 182.245 mm): Symbol RS5 [SYM_RS5]
[lib_symbol_issues]: The current configuration does not include the symbol library 'elt'
    ; warning
    @(104.14 mm, 182.245 mm): Symbol RS5 [SYM_RS5]
[endpoint_off_grid]: Symbol pin or wire end off connection grid
    ; warning
    @(104.775 mm, 118.11 mm): Symbol RS4 Pin 1 [Passive, Line]
[endpoint_off_grid]: Symbol pin or wire end off connection grid
    ; warning
    @(104.775 mm, 118.11 mm): Horizontal Wire, length 2.54 mm
[endpoint_off_grid]: Symbol pin or wire end off connection grid
    ; warning
    @(107.95 mm, 182.245 mm): Horizontal Wire, length 19.685 mm
[endpoint_off_grid]: Symbol pin or wire end off connection grid
    ; warning
    @(108.585 mm, 46.355 mm): Vertical Wire, length 2.54 mm
[endpoint_off_grid]: Symbol pin or wire end off connection grid
    ; warning
    @(108.585 mm, 48.895 mm): Vertical Wire, length 1.27 mm
[endpoint_off_grid]: Symbol pin or wire end off connection grid
    ; warning
    @(108.585 mm, 50.165 mm): Symbol CB4 Pin 1 [Passive, Line]
[footprint_link_issues]: The current configuration does not include the footprint library 'Capacitor_SMD'
    ; warning
    @(108.585 mm, 53.975 mm): Symbol CB4 [SYM_CB4]
[lib_symbol_issues]: The current configuration does not include the symbol library 'elt'
    ; warning
    @(108.585 mm, 53.975 mm): Symbol CB4 [SYM_CB4]
[endpoint_off_grid]: Symbol pin or wire end off connection grid
    ; warning
    @(108.585 mm, 57.785 mm): Symbol #PWR14 Hidden pin 1 [GND, Power input, Line]
[lib_symbol_issues]: The current configuration does not include the symbol library 'elt'
    ; warning
    @(108.585 mm, 57.785 mm): Symbol #PWR14 [GND]
[footprint_link_issues]: The current configuration does not include the footprint library 'Package_SO'
    ; warning
    @(108.585 mm, 85.725 mm): Symbol U4 [SYM_U4]
[lib_symbol_issues]: The current configuration does not include the symbol library 'elt'
    ; warning
    @(108.585 mm, 85.725 mm): Symbol U4 [SYM_U4]
[footprint_link_issues]: The current configuration does not include the footprint library 'bbar'
    ; warning
    @(108.585 mm, 118.11 mm): Symbol RS4 [SYM_RS4]
[lib_symbol_issues]: The current configuration does not include the symbol library 'elt'
    ; warning
    @(108.585 mm, 118.11 mm): Symbol RS4 [SYM_RS4]
[endpoint_off_grid]: Symbol pin or wire end off connection grid
    ; warning
    @(112.395 mm, 118.11 mm): Horizontal Wire, length 3.81 mm
[endpoint_off_grid]: Symbol pin or wire end off connection grid
    ; warning
    @(116.205 mm, 118.11 mm): Vertical Wire, length 0.635 mm
[endpoint_off_grid]: Symbol pin or wire end off connection grid
    ; warning
    @(119.38 mm, 145.415 mm): Wire, length 15.253 mm
[endpoint_off_grid]: Symbol pin or wire end off connection grid
    ; warning
    @(119.38 mm, 150.495 mm): Horizontal Wire, length 2.54 mm
[endpoint_off_grid]: Symbol pin or wire end off connection grid
    ; warning
    @(119.38 mm, 153.035 mm): Symbol #PWR19 Hidden pin 1 [GND, Power input, Line]
[lib_symbol_issues]: The current configuration does not include the symbol library 'elt'
    ; warning
    @(119.38 mm, 153.035 mm): Symbol #PWR19 [GND]
[endpoint_off_grid]: Symbol pin or wire end off connection grid
    ; warning
    @(121.92 mm, 147.955 mm): Horizontal Wire, length 2.54 mm
[endpoint_off_grid]: Symbol pin or wire end off connection grid
    ; warning
    @(121.92 mm, 150.495 mm): Vertical Wire, length 2.54 mm
[endpoint_off_grid]: Symbol pin or wire end off connection grid
    ; warning
    @(123.825 mm, 83.185 mm): Horizontal Wire, length 2.54 mm
[endpoint_off_grid]: Symbol pin or wire end off connection grid
    ; warning
    @(123.825 mm, 88.265 mm): Symbol #PWR16 Hidden pin 1 [GND, Power input, Line]
[lib_symbol_issues]: The current configuration does not include the symbol library 'elt'
    ; warning
    @(123.825 mm, 88.265 mm): Symbol #PWR16 [GND]
[endpoint_off_grid]: Symbol pin or wire end off connection grid
    ; warning
    @(126.365 mm, 83.185 mm): Vertical Wire, length 2.54 mm
[endpoint_off_grid]: Symbol pin or wire end off connection grid
    ; warning
    @(126.365 mm, 85.725 mm): Horizontal Wire, length 2.54 mm
[endpoint_off_grid]: Symbol pin or wire end off connection grid
    ; warning
    @(127.00 mm, 175.895 mm): Vertical Wire, length 31.115 mm
[endpoint_off_grid]: Symbol pin or wire end off connection grid
    ; warning
    @(127.635 mm, 182.245 mm): Vertical Wire, length 6.35 mm
[endpoint_off_grid]: Symbol pin or wire end off connection grid
    ; warning
    @(127.635 mm, 188.595 mm): Symbol RN5 Pin 1 [Passive, Line]
[footprint_link_issues]: The current configuration does not include the footprint library 'Resistor_SMD'
    ; warning
    @(127.635 mm, 192.405 mm): Symbol RN5 [SYM_RN5]
[lib_symbol_issues]: The current configuration does not include the symbol library 'elt'
    ; warning
    @(127.635 mm, 192.405 mm): Symbol RN5 [SYM_RN5]
[endpoint_off_grid]: Symbol pin or wire end off connection grid
    ; warning
    @(127.635 mm, 196.215 mm): Vertical Wire, length 1.27 mm
[endpoint_off_grid]: Symbol pin or wire end off connection grid
    ; warning
    @(127.635 mm, 197.485 mm): Horizontal Wire, length 5.08 mm
[endpoint_off_grid]: Symbol pin or wire end off connection grid
    ; warning
    @(132.08 mm, 111.125 mm): Vertical Wire, length 2.54 mm
[endpoint_off_grid]: Symbol pin or wire end off connection grid
    ; warning
    @(132.08 mm, 113.665 mm): Symbol RP4 Pin 1 [Passive, Line]
[footprint_link_issues]: The current configuration does not include the footprint library 'Resistor_SMD'
    ; warning
    @(132.08 mm, 117.475 mm): Symbol RP4 [SYM_RP4]
[lib_symbol_issues]: The current configuration does not include the symbol library 'elt'
    ; warning
    @(132.08 mm, 117.475 mm): Symbol RP4 [SYM_RP4]
[endpoint_off_grid]: Symbol pin or wire end off connection grid
    ; warning
    @(132.08 mm, 121.285 mm): Vertical Wire, length 2.54 mm
[endpoint_off_grid]: Symbol pin or wire end off connection grid
    ; warning
    @(132.08 mm, 123.825 mm): Horizontal Wire, length 10.16 mm
[endpoint_off_grid]: Symbol pin or wire end off connection grid
    ; warning
    @(133.35 mm, 165.735 mm): Symbol RP5 Pin 1 [Passive, Line]
[footprint_link_issues]: The current configuration does not include the footprint library 'Resistor_SMD'
    ; warning
    @(133.35 mm, 169.545 mm): Symbol RP5 [SYM_RP5]
[lib_symbol_issues]: The current configuration does not include the symbol library 'elt'
    ; warning
    @(133.35 mm, 169.545 mm): Symbol RP5 [SYM_RP5]
[endpoint_off_grid]: Symbol pin or wire end off connection grid
    ; warning
    @(133.35 mm, 173.355 mm): Vertical Wire, length 2.54 mm
[endpoint_off_grid]: Symbol pin or wire end off connection grid
    ; warning
    @(133.35 mm, 175.895 mm): Horizontal Wire, length 6.35 mm
[footprint_link_issues]: The current configuration does not include the footprint library 'Capacitor_SMD'
    ; warning
    @(138.43 mm, 144.78 mm): Symbol CD5 [SYM_CD5]
[lib_symbol_issues]: The current configuration does not include the symbol library 'elt'
    ; warning
    @(138.43 mm, 144.78 mm): Symbol CD5 [SYM_CD5]
[endpoint_off_grid]: Symbol pin or wire end off connection grid
    ; warning
    @(142.24 mm, 123.825 mm): Vertical Wire, length 4.445 mm
[endpoint_off_grid]: Symbol pin or wire end off connection grid
    ; warning
    @(143.51 mm, 90.805 mm): Symbol RN4 Pin 1 [Passive, Line]
[footprint_link_issues]: The current configuration does not include the footprint library 'Resistor_SMD'
    ; warning
    @(143.51 mm, 94.615 mm): Symbol RN4 [SYM_RN4]
[lib_symbol_issues]: The current configuration does not include the symbol library 'elt'
    ; warning
    @(143.51 mm, 94.615 mm): Symbol RN4 [SYM_RN4]
[endpoint_off_grid]: Symbol pin or wire end off connection grid
    ; warning
    @(143.51 mm, 98.425 mm): Vertical Wire, length 10.16 mm
[endpoint_off_grid]: Symbol pin or wire end off connection grid
    ; warning
    @(143.51 mm, 108.585 mm): Horizontal Wire, length 18.415 mm
[endpoint_off_grid]: Symbol pin or wire end off connection grid
    ; warning
    @(142.24 mm, 119.38 mm): Horizontal Wire, length 9.525 mm
[endpoint_off_grid]: Symbol pin or wire end off connection grid
    ; warning
    @(151.765 mm, 119.38 mm): Symbol CD4 Pin 1 [Passive, Line]
[footprint_link_issues]: The current configuration does not include the footprint library 'Capacitor_SMD'
    ; warning
    @(155.575 mm, 119.38 mm): Symbol CD4 [SYM_CD4]
[lib_symbol_issues]: The current configuration does not include the symbol library 'elt'
    ; warning
    @(155.575 mm, 119.38 mm): Symbol CD4 [SYM_CD4]
[endpoint_off_grid]: Symbol pin or wire end off connection grid
    ; warning
    @(161.29 mm, 139.065 mm): Vertical Wire, length 2.54 mm
[endpoint_off_grid]: Symbol pin or wire end off connection grid
    ; warning
    @(161.29 mm, 141.605 mm): Vertical Wire, length 1.27 mm
[endpoint_off_grid]: Symbol pin or wire end off connection grid
    ; warning
    @(161.29 mm, 142.875 mm): Symbol CB2 Pin 1 [Passive, Line]
[footprint_link_issues]: The current configuration does not include the footprint library 'Capacitor_SMD'
    ; warning
    @(161.29 mm, 146.685 mm): Symbol CB2 [SYM_CB2]
[lib_symbol_issues]: The current configuration does not include the symbol library 'elt'
    ; warning
    @(161.29 mm, 146.685 mm): Symbol CB2 [SYM_CB2]
[endpoint_off_grid]: Symbol pin or wire end off connection grid
    ; warning
    @(161.29 mm, 150.495 mm): Symbol #PWR08 Hidden pin 1 [GND, Power input, Line]
[lib_symbol_issues]: The current configuration does not include the symbol library 'elt'
    ; warning
    @(161.29 mm, 150.495 mm): Symbol #PWR08 [GND]
[endpoint_off_grid]: Symbol pin or wire end off connection grid
    ; warning
    @(161.925 mm, 108.585 mm): Vertical Wire, length 10.795 mm
[endpoint_off_grid]: Symbol pin or wire end off connection grid
    ; warning
    @(161.925 mm, 119.38 mm): Horizontal Wire, length 2.54 mm
[endpoint_off_grid]: Symbol pin or wire end off connection grid
    ; warning
    @(164.465 mm, 83.185 mm): Horizontal Wire, length 10.16 mm
[endpoint_off_grid]: Symbol pin or wire end off connection grid
    ; warning
    @(164.465 mm, 88.265 mm): Vertical Wire, length 5.08 mm
[endpoint_off_grid]: Symbol pin or wire end off connection grid
    ; warning
    @(173.355 mm, 139.065 mm): Horizontal Wire, length 12.065 mm
[endpoint_off_grid]: Symbol pin or wire end off connection grid
    ; warning
    @(173.355 mm, 147.955 mm): Vertical Wire, length 8.89 mm
[endpoint_off_grid]: Symbol pin or wire end off connection grid
    ; warning
    @(174.625 mm, 80.645 mm): Symbol #PWR12 Hidden pin 1 [GND, Power input, Line]
[endpoint_off_grid]: Symbol pin or wire end off connection grid
    ; warning
    @(174.625 mm, 80.645 mm): Symbol U3 Pin 1 [A1, Passive, Line]
[lib_symbol_issues]: The current configuration does not include the symbol library 'elt'
    ; warning
    @(174.625 mm, 80.645 mm): Symbol #PWR12 [GND]
[endpoint_off_grid]: Symbol pin or wire end off connection grid
    ; warning
    @(174.625 mm, 88.265 mm): Horizontal Wire, length 10.16 mm
[endpoint_off_grid]: Symbol pin or wire end off connection grid
    ; warning
    @(182.245 mm, 145.415 mm): Symbol #PWR09 Hidden pin 1 [GND, Power input, Line]
[endpoint_off_grid]: Symbol pin or wire end off connection grid
    ; warning
    @(182.245 mm, 145.415 mm): Symbol U2 Pin 1 [A1, Passive, Line]
[lib_symbol_issues]: The current configuration does not include the symbol library 'elt'
    ; warning
    @(182.245 mm, 145.415 mm): Symbol #PWR09 [GND]
[endpoint_off_grid]: Symbol pin or wire end off connection grid
    ; warning
    @(182.245 mm, 147.955 mm): Horizontal Wire, length 8.89 mm
[endpoint_off_grid]: Symbol pin or wire end off connection grid
    ; warning
    @(183.515 mm, 111.125 mm): Horizontal Wire, length 29.845 mm
[endpoint_off_grid]: Symbol pin or wire end off connection grid
    ; warning
    @(183.515 mm, 118.11 mm): Vertical Wire, length 6.985 mm
[endpoint_off_grid]: Symbol pin or wire end off connection grid
    ; warning
    @(186.055 mm, 118.11 mm): Horizontal Wire, length 2.54 mm
[endpoint_off_grid]: Symbol pin or wire end off connection grid
    ; warning
    @(186.055 mm, 118.11 mm): Symbol RS3 Pin 1 [Passive, Line]
[endpoint_off_grid]: Symbol pin or wire end off connection grid
    ; warning
    @(189.865 mm, 47.625 mm): Horizontal Wire, length 4.445 mm
[endpoint_off_grid]: Symbol pin or wire end off connection grid
    ; warning
    @(189.865 mm, 48.895 mm): Vertical Wire, length 1.27 mm
[endpoint_off_grid]: Symbol pin or wire end off connection grid
    ; warning
    @(189.865 mm, 50.165 mm): Symbol CB3 Pin 1 [Passive, Line]
[endpoint_off_grid]: Symbol pin or wire end off connection grid
    ; warning
    @(189.865 mm, 50.165 mm): Vertical Wire, length 1.27 mm
[footprint_link_issues]: The current configuration does not include the footprint library 'Capacitor_SMD'
    ; warning
    @(189.865 mm, 53.975 mm): Symbol CB3 [SYM_CB3]
[lib_symbol_issues]: The current configuration does not include the symbol library 'elt'
    ; warning
    @(189.865 mm, 53.975 mm): Symbol CB3 [SYM_CB3]
[endpoint_off_grid]: Symbol pin or wire end off connection grid
    ; warning
    @(189.865 mm, 57.785 mm): Symbol #PWR11 Hidden pin 1 [GND, Power input, Line]
[lib_symbol_issues]: The current configuration does not include the symbol library 'elt'
    ; warning
    @(189.865 mm, 57.785 mm): Symbol #PWR11 [GND]
[footprint_link_issues]: The current configuration does not include the footprint library 'Package_SO'
    ; warning
    @(189.865 mm, 85.725 mm): Symbol U3 [SYM_U3]
[lib_symbol_issues]: The current configuration does not include the symbol library 'elt'
    ; warning
    @(189.865 mm, 85.725 mm): Symbol U3 [SYM_U3]
[footprint_link_issues]: The current configuration does not include the footprint library 'bbar'
    ; warning
    @(189.865 mm, 118.11 mm): Symbol RS3 [SYM_RS3]
[lib_symbol_issues]: The current configuration does not include the symbol library 'elt'
    ; warning
    @(189.865 mm, 118.11 mm): Symbol RS3 [SYM_RS3]
[endpoint_off_grid]: Symbol pin or wire end off connection grid
    ; warning
    @(191.135 mm, 176.53 mm): Vertical Wire, length 5.715 mm
[endpoint_off_grid]: Symbol pin or wire end off connection grid
    ; warning
    @(191.135 mm, 182.245 mm): Horizontal Wire, length 2.54 mm
[endpoint_off_grid]: Symbol pin or wire end off connection grid
    ; warning
    @(193.675 mm, 118.11 mm): Horizontal Wire, length 3.81 mm
[endpoint_off_grid]: Symbol pin or wire end off connection grid
    ; warning
    @(193.675 mm, 182.245 mm): Symbol RS2 Pin 1 [Passive, Line]
[endpoint_off_grid]: Symbol pin or wire end off connection grid
    ; warning
    @(197.485 mm, 118.11 mm): Vertical Wire, length 0.635 mm
[footprint_link_issues]: The current configuration does not include the footprint library 'Package_SO'
    ; warning
    @(197.485 mm, 150.495 mm): Symbol U2 [SYM_U2]
[lib_symbol_issues]: The current configuration does not include the symbol library 'elt'
    ; warning
    @(197.485 mm, 150.495 mm): Symbol U2 [SYM_U2]
[footprint_link_issues]: The current configuration does not include the footprint library 'bbar'
    ; warning
    @(197.485 mm, 182.245 mm): Symbol RS2 [SYM_RS2]
[lib_symbol_issues]: The current configuration does not include the symbol library 'elt'
    ; warning
    @(197.485 mm, 182.245 mm): Symbol RS2 [SYM_RS2]
[endpoint_off_grid]: Symbol pin or wire end off connection grid
    ; warning
    @(201.295 mm, 182.245 mm): Horizontal Wire, length 19.685 mm
[endpoint_off_grid]: Symbol pin or wire end off connection grid
    ; warning
    @(205.105 mm, 83.185 mm): Horizontal Wire, length 2.54 mm
[endpoint_off_grid]: Symbol pin or wire end off connection grid
    ; warning
    @(205.105 mm, 88.265 mm): Symbol #PWR13 Hidden pin 1 [GND, Power input, Line]
[lib_symbol_issues]: The current configuration does not include the symbol library 'elt'
    ; warning
    @(205.105 mm, 88.265 mm): Symbol #PWR13 [GND]
[endpoint_off_grid]: Symbol pin or wire end off connection grid
    ; warning
    @(207.645 mm, 83.185 mm): Vertical Wire, length 2.54 mm
[endpoint_off_grid]: Symbol pin or wire end off connection grid
    ; warning
    @(207.645 mm, 85.725 mm): Horizontal Wire, length 2.54 mm
[endpoint_off_grid]: Symbol pin or wire end off connection grid
    ; warning
    @(212.725 mm, 145.415 mm): Horizontal Wire, length 2.54 mm
[endpoint_off_grid]: Symbol pin or wire end off connection grid
    ; warning
    @(212.725 mm, 150.495 mm): Horizontal Wire, length 2.54 mm
[endpoint_off_grid]: Symbol pin or wire end off connection grid
    ; warning
    @(212.725 mm, 153.035 mm): Symbol #PWR10 Hidden pin 1 [GND, Power input, Line]
[lib_symbol_issues]: The current configuration does not include the symbol library 'elt'
    ; warning
    @(212.725 mm, 153.035 mm): Symbol #PWR10 [GND]
[endpoint_off_grid]: Symbol pin or wire end off connection grid
    ; warning
    @(213.36 mm, 111.125 mm): Vertical Wire, length 2.54 mm
[endpoint_off_grid]: Symbol pin or wire end off connection grid
    ; warning
    @(213.36 mm, 113.665 mm): Symbol RP3 Pin 1 [Passive, Line]
[footprint_link_issues]: The current configuration does not include the footprint library 'Resistor_SMD'
    ; warning
    @(213.36 mm, 117.475 mm): Symbol RP3 [SYM_RP3]
[lib_symbol_issues]: The current configuration does not include the symbol library 'elt'
    ; warning
    @(213.36 mm, 117.475 mm): Symbol RP3 [SYM_RP3]
[endpoint_off_grid]: Symbol pin or wire end off connection grid
    ; warning
    @(213.36 mm, 121.285 mm): Vertical Wire, length 2.54 mm
[endpoint_off_grid]: Symbol pin or wire end off connection grid
    ; warning
    @(213.36 mm, 123.825 mm): Horizontal Wire, length 10.16 mm
[endpoint_off_grid]: Symbol pin or wire end off connection grid
    ; warning
    @(215.265 mm, 145.415 mm): Horizontal Wire, length 1.27 mm
[endpoint_off_grid]: Symbol pin or wire end off connection grid
    ; warning
    @(215.265 mm, 147.955 mm): Horizontal Wire, length 2.54 mm
[endpoint_off_grid]: Symbol pin or wire end off connection grid
    ; warning
    @(215.265 mm, 150.495 mm): Vertical Wire, length 2.54 mm
[endpoint_off_grid]: Symbol pin or wire end off connection grid
    ; warning
    @(215.265 mm, 150.495 mm): Horizontal Wire, length 0.635 mm
[endpoint_off_grid]: Symbol pin or wire end off connection grid
    ; warning
    @(215.90 mm, 150.495 mm): Vertical Wire, length 9.525 mm
[endpoint_off_grid]: Symbol pin or wire end off connection grid
    ; warning
    @(216.535 mm, 145.415 mm): Wire, length 11.448 mm
[endpoint_off_grid]: Symbol pin or wire end off connection grid
    ; warning
    @(220.345 mm, 144.78 mm): Horizontal Wire, length 7.62 mm
[endpoint_off_grid]: Symbol pin or wire end off connection grid
    ; warning
    @(220.345 mm, 175.895 mm): Vertical Wire, length 31.115 mm
[endpoint_off_grid]: Symbol pin or wire end off connection grid
    ; warning
    @(220.98 mm, 182.245 mm): Vertical Wire, length 6.35 mm
[endpoint_off_grid]: Symbol pin or wire end off connection grid
    ; warning
    @(220.98 mm, 188.595 mm): Symbol RN2 Pin 1 [Passive, Line]
[footprint_link_issues]: The current configuration does not include the footprint library 'Resistor_SMD'
    ; warning
    @(220.98 mm, 192.405 mm): Symbol RN2 [SYM_RN2]
[lib_symbol_issues]: The current configuration does not include the symbol library 'elt'
    ; warning
    @(220.98 mm, 192.405 mm): Symbol RN2 [SYM_RN2]
[endpoint_off_grid]: Symbol pin or wire end off connection grid
    ; warning
    @(220.98 mm, 196.215 mm): Vertical Wire, length 2.54 mm
[endpoint_off_grid]: Symbol pin or wire end off connection grid
    ; warning
    @(220.98 mm, 198.755 mm): Horizontal Wire, length 17.145 mm
[endpoint_off_grid]: Symbol pin or wire end off connection grid
    ; warning
    @(223.52 mm, 123.825 mm): Vertical Wire, length 4.445 mm
[endpoint_off_grid]: Symbol pin or wire end off connection grid
    ; warning
    @(224.79 mm, 90.805 mm): Symbol RN3 Pin 1 [Passive, Line]
[footprint_link_issues]: The current configuration does not include the footprint library 'Resistor_SMD'
    ; warning
    @(224.79 mm, 94.615 mm): Symbol RN3 [SYM_RN3]
[lib_symbol_issues]: The current configuration does not include the symbol library 'elt'
    ; warning
    @(224.79 mm, 94.615 mm): Symbol RN3 [SYM_RN3]
[endpoint_off_grid]: Symbol pin or wire end off connection grid
    ; warning
    @(224.79 mm, 98.425 mm): Vertical Wire, length 10.16 mm
[endpoint_off_grid]: Symbol pin or wire end off connection grid
    ; warning
    @(224.79 mm, 108.585 mm): Horizontal Wire, length 18.415 mm
[endpoint_off_grid]: Symbol pin or wire end off connection grid
    ; warning
    @(227.33 mm, 165.735 mm): Symbol RP2 Pin 1 [Passive, Line]
[footprint_link_issues]: The current configuration does not include the footprint library 'Resistor_SMD'
    ; warning
    @(227.33 mm, 169.545 mm): Symbol RP2 [SYM_RP2]
[lib_symbol_issues]: The current configuration does not include the symbol library 'elt'
    ; warning
    @(227.33 mm, 169.545 mm): Symbol RP2 [SYM_RP2]
[endpoint_off_grid]: Symbol pin or wire end off connection grid
    ; warning
    @(227.33 mm, 173.355 mm): Vertical Wire, length 2.54 mm
[endpoint_off_grid]: Symbol pin or wire end off connection grid
    ; warning
    @(227.33 mm, 175.895 mm): Horizontal Wire, length 6.985 mm
[endpoint_off_grid]: Symbol pin or wire end off connection grid
    ; warning
    @(227.965 mm, 144.78 mm): Symbol CD2 Pin 1 [Passive, Line]
[footprint_link_issues]: The current configuration does not include the footprint library 'Capacitor_SMD'
    ; warning
    @(231.775 mm, 144.78 mm): Symbol CD2 [SYM_CD2]
[lib_symbol_issues]: The current configuration does not include the symbol library 'elt'
    ; warning
    @(231.775 mm, 144.78 mm): Symbol CD2 [SYM_CD2]
[endpoint_off_grid]: Symbol pin or wire end off connection grid
    ; warning
    @(233.045 mm, 119.38 mm): Symbol CD3 Pin 1 [Passive, Line]
[endpoint_off_grid]: Symbol pin or wire end off connection grid
    ; warning
    @(223.52 mm, 119.38 mm): Horizontal Wire, length 9.525 mm
[footprint_link_issues]: The current configuration does not include the footprint library 'Capacitor_SMD'
    ; warning
    @(236.855 mm, 119.38 mm): Symbol CD3 [SYM_CD3]
[lib_symbol_issues]: The current configuration does not include the symbol library 'elt'
    ; warning
    @(236.855 mm, 119.38 mm): Symbol CD3 [SYM_CD3]
[endpoint_off_grid]: Symbol pin or wire end off connection grid
    ; warning
    @(238.125 mm, 144.78 mm): Horizontal Wire, length 2.54 mm
[endpoint_off_grid]: Symbol pin or wire end off connection grid
    ; warning
    @(238.125 mm, 198.755 mm): Vertical Wire, length 53.975 mm
[endpoint_off_grid]: Symbol pin or wire end off connection grid
    ; warning
    @(240.665 mm, 149.225 mm): Horizontal Wire, length 6.985 mm
[endpoint_off_grid]: Symbol pin or wire end off connection grid
    ; warning
    @(240.665 mm, 159.385 mm): Vertical Wire, length 10.16 mm
[endpoint_off_grid]: Symbol pin or wire end off connection grid
    ; warning
    @(243.205 mm, 108.585 mm): Vertical Wire, length 10.795 mm
[endpoint_off_grid]: Symbol pin or wire end off connection grid
    ; warning
    @(243.205 mm, 119.38 mm): Horizontal Wire, length 2.54 mm
[endpoint_off_grid]: Symbol pin or wire end off connection grid
    ; warning
    @(247.65 mm, 95.885 mm): Horizontal Wire, length 19.685 mm
[endpoint_off_grid]: Symbol pin or wire end off connection grid
    ; warning
    @(247.65 mm, 149.225 mm): Vertical Wire, length 53.34 mm
[endpoint_off_grid]: Symbol pin or wire end off connection grid
    ; warning
    @(247.65 mm, 159.385 mm): Horizontal Wire, length 6.985 mm
[endpoint_off_grid]: Symbol pin or wire end off connection grid
    ; warning
    @(247.65 mm, 298.45 mm): Vertical Wire, length 139.065 mm
[endpoint_off_grid]: Symbol pin or wire end off connection grid
    ; warning
    @(250.825 mm, 146.685 mm): Symbol #PWR05 Hidden pin 1 [GND, Power input, Line]
[endpoint_off_grid]: Symbol pin or wire end off connection grid
    ; warning
    @(250.825 mm, 146.685 mm): Symbol U1 Pin 1 [A1, Passive, Line]
[lib_symbol_issues]: The current configuration does not include the symbol library 'elt'
    ; warning
    @(250.825 mm, 146.685 mm): Symbol #PWR05 [GND]
[endpoint_off_grid]: Symbol pin or wire end off connection grid
    ; warning
    @(250.825 mm, 149.225 mm): Symbol #PWR06 Hidden pin 1 [GND, Power input, Line]
[lib_symbol_issues]: The current configuration does not include the symbol library 'elt'
    ; warning
    @(250.825 mm, 149.225 mm): Symbol #PWR06 [GND]
[endpoint_off_grid]: Symbol pin or wire end off connection grid
    ; warning
    @(253.365 mm, 58.42 mm): Horizontal Wire, length 2.54 mm
[endpoint_off_grid]: Symbol pin or wire end off connection grid
    ; warning
    @(253.365 mm, 60.96 mm): Vertical Wire, length 2.54 mm
[endpoint_off_grid]: Symbol pin or wire end off connection grid
    ; warning
    @(255.905 mm, 58.42 mm): Symbol U6 Pin 1 [A1, Passive, Line]
[endpoint_off_grid]: Symbol pin or wire end off connection grid
    ; warning
    @(255.905 mm, 60.96 mm): Horizontal Wire, length 2.54 mm
[endpoint_off_grid]: Symbol pin or wire end off connection grid
    ; warning
    @(259.715 mm, 177.165 mm): Horizontal Wire, length 29.845 mm
[endpoint_off_grid]: Symbol pin or wire end off connection grid
    ; warning
    @(259.715 mm, 184.15 mm): Vertical Wire, length 6.985 mm
[endpoint_off_grid]: Symbol pin or wire end off connection grid
    ; warning
    @(262.255 mm, 184.15 mm): Symbol RS1 Pin 1 [Passive, Line]
[endpoint_off_grid]: Symbol pin or wire end off connection grid
    ; warning
    @(262.255 mm, 184.15 mm): Horizontal Wire, length 2.54 mm
[endpoint_off_grid]: Symbol pin or wire end off connection grid
    ; warning
    @(266.065 mm, 113.665 mm): Horizontal Wire, length 4.445 mm
[endpoint_off_grid]: Symbol pin or wire end off connection grid
    ; warning
    @(266.065 mm, 114.935 mm): Vertical Wire, length 1.27 mm
[endpoint_off_grid]: Symbol pin or wire end off connection grid
    ; warning
    @(266.065 mm, 116.205 mm): Symbol CB1 Pin 1 [Passive, Line]
[endpoint_off_grid]: Symbol pin or wire end off connection grid
    ; warning
    @(266.065 mm, 116.205 mm): Vertical Wire, length 1.27 mm
[footprint_link_issues]: The current configuration does not include the footprint library 'Capacitor_SMD'
    ; warning
    @(266.065 mm, 120.015 mm): Symbol CB1 [SYM_CB1]
[lib_symbol_issues]: The current configuration does not include the symbol library 'elt'
    ; warning
    @(266.065 mm, 120.015 mm): Symbol CB1 [SYM_CB1]
[endpoint_off_grid]: Symbol pin or wire end off connection grid
    ; warning
    @(266.065 mm, 123.825 mm): Symbol #PWR04 Hidden pin 1 [GND, Power input, Line]
[endpoint_off_grid]: Symbol pin or wire end off connection grid
    ; warning
    @(266.065 mm, 123.825 mm): Symbol #FLG01 Hidden pin 1 [pwr, Power output, Line]
[lib_symbol_issues]: The current configuration does not include the symbol library 'elt'
    ; warning
    @(266.065 mm, 123.825 mm): Symbol #FLG01 [PWR_FLAG]
[lib_symbol_issues]: The current configuration does not include the symbol library 'elt'
    ; warning
    @(266.065 mm, 123.825 mm): Symbol #PWR04 [GND]
[footprint_link_issues]: The current configuration does not include the footprint library 'Package_SO'
    ; warning
    @(266.065 mm, 151.765 mm): Symbol U1 [SYM_U1]
[lib_symbol_issues]: The current configuration does not include the symbol library 'elt'
    ; warning
    @(266.065 mm, 151.765 mm): Symbol U1 [SYM_U1]
[footprint_link_issues]: The current configuration does not include the footprint library 'bbar'
    ; warning
    @(266.065 mm, 184.15 mm): Symbol RS1 [SYM_RS1]
[lib_symbol_issues]: The current configuration does not include the symbol library 'elt'
    ; warning
    @(266.065 mm, 184.15 mm): Symbol RS1 [SYM_RS1]
[endpoint_off_grid]: Symbol pin or wire end off connection grid
    ; warning
    @(267.335 mm, 95.885 mm): Symbol RS6 Pin 1 [Passive, Line]
[endpoint_off_grid]: Symbol pin or wire end off connection grid
    ; warning
    @(269.875 mm, 184.15 mm): Horizontal Wire, length 3.81 mm
[endpoint_off_grid]: Symbol pin or wire end off connection grid
    ; warning
    @(271.145 mm, 25.40 mm): Horizontal Wire, length 4.445 mm
[endpoint_off_grid]: Symbol pin or wire end off connection grid
    ; warning
    @(271.145 mm, 26.67 mm): Vertical Wire, length 1.27 mm
[endpoint_off_grid]: Symbol pin or wire end off connection grid
    ; warning
    @(271.145 mm, 27.94 mm): Vertical Wire, length 1.27 mm
[endpoint_off_grid]: Symbol pin or wire end off connection grid
    ; warning
    @(271.145 mm, 27.94 mm): Symbol CB6 Pin 1 [Passive, Line]
[footprint_link_issues]: The current configuration does not include the footprint library 'Capacitor_SMD'
    ; warning
    @(271.145 mm, 31.75 mm): Symbol CB6 [SYM_CB6]
[lib_symbol_issues]: The current configuration does not include the symbol library 'elt'
    ; warning
    @(271.145 mm, 31.75 mm): Symbol CB6 [SYM_CB6]
[endpoint_off_grid]: Symbol pin or wire end off connection grid
    ; warning
    @(271.145 mm, 35.56 mm): Symbol #PWR20 Hidden pin 1 [GND, Power input, Line]
[lib_symbol_issues]: The current configuration does not include the symbol library 'elt'
    ; warning
    @(271.145 mm, 35.56 mm): Symbol #PWR20 [GND]
[footprint_link_issues]: The current configuration does not include the footprint library 'Package_SO'
    ; warning
    @(271.145 mm, 63.50 mm): Symbol U6 [SYM_U6]
[lib_symbol_issues]: The current configuration does not include the symbol library 'elt'
    ; warning
    @(271.145 mm, 63.50 mm): Symbol U6 [SYM_U6]
[footprint_link_issues]: The current configuration does not include the footprint library 'bbar'
    ; warning
    @(271.145 mm, 95.885 mm): Symbol RS6 [SYM_RS6]
[lib_symbol_issues]: The current configuration does not include the symbol library 'elt'
    ; warning
    @(271.145 mm, 95.885 mm): Symbol RS6 [SYM_RS6]
[endpoint_off_grid]: Symbol pin or wire end off connection grid
    ; warning
    @(273.685 mm, 184.15 mm): Vertical Wire, length 0.635 mm
[endpoint_off_grid]: Symbol pin or wire end off connection grid
    ; warning
    @(274.955 mm, 95.885 mm): Horizontal Wire, length 5.08 mm
[endpoint_off_grid]: Symbol pin or wire end off connection grid
    ; warning
    @(280.035 mm, 95.885 mm): Horizontal Wire, length 1.27 mm
[endpoint_off_grid]: Symbol pin or wire end off connection grid
    ; warning
    @(281.305 mm, 95.885 mm): Horizontal Wire, length 2.54 mm
[endpoint_off_grid]: Symbol pin or wire end off connection grid
    ; warning
    @(281.305 mm, 149.225 mm): Horizontal Wire, length 2.54 mm
[endpoint_off_grid]: Symbol pin or wire end off connection grid
    ; warning
    @(281.305 mm, 154.305 mm): Symbol #PWR07 Hidden pin 1 [GND, Power input, Line]
[lib_symbol_issues]: The current configuration does not include the symbol library 'elt'
    ; warning
    @(281.305 mm, 154.305 mm): Symbol #PWR07 [GND]
[endpoint_off_grid]: Symbol pin or wire end off connection grid
    ; warning
    @(283.845 mm, 95.885 mm): Vertical Wire, length 1.27 mm
[endpoint_off_grid]: Symbol pin or wire end off connection grid
    ; warning
    @(283.845 mm, 149.225 mm): Vertical Wire, length 2.54 mm
[endpoint_off_grid]: Symbol pin or wire end off connection grid
    ; warning
    @(283.845 mm, 151.765 mm): Horizontal Wire, length 2.54 mm
[endpoint_off_grid]: Symbol pin or wire end off connection grid
    ; warning
    @(286.385 mm, 60.96 mm): Horizontal Wire, length 2.54 mm
[endpoint_off_grid]: Symbol pin or wire end off connection grid
    ; warning
    @(286.385 mm, 63.50 mm): Horizontal Wire, length 10.16 mm
[endpoint_off_grid]: Symbol pin or wire end off connection grid
    ; warning
    @(286.385 mm, 66.04 mm): Symbol #PWR21 Hidden pin 1 [GND, Power input, Line]
[lib_symbol_issues]: The current configuration does not include the symbol library 'elt'
    ; warning
    @(286.385 mm, 66.04 mm): Symbol #PWR21 [GND]
[endpoint_off_grid]: Symbol pin or wire end off connection grid
    ; warning
    @(288.925 mm, 60.96 mm): Vertical Wire, length 2.54 mm
[endpoint_off_grid]: Symbol pin or wire end off connection grid
    ; warning
    @(288.925 mm, 63.50 mm): Horizontal Wire, length 2.54 mm
[endpoint_off_grid]: Symbol pin or wire end off connection grid
    ; warning
    @(289.56 mm, 177.165 mm): Vertical Wire, length 2.54 mm
[endpoint_off_grid]: Symbol pin or wire end off connection grid
    ; warning
    @(289.56 mm, 179.705 mm): Symbol RP1 Pin 1 [Passive, Line]
[footprint_link_issues]: The current configuration does not include the footprint library 'Resistor_SMD'
    ; warning
    @(289.56 mm, 183.515 mm): Symbol RP1 [SYM_RP1]
[lib_symbol_issues]: The current configuration does not include the symbol library 'elt'
    ; warning
    @(289.56 mm, 183.515 mm): Symbol RP1 [SYM_RP1]
[endpoint_off_grid]: Symbol pin or wire end off connection grid
    ; warning
    @(289.56 mm, 187.325 mm): Vertical Wire, length 2.54 mm
[endpoint_off_grid]: Symbol pin or wire end off connection grid
    ; warning
    @(289.56 mm, 189.865 mm): Horizontal Wire, length 9.525 mm
[endpoint_off_grid]: Symbol pin or wire end off connection grid
    ; warning
    @(296.545 mm, 63.50 mm): Vertical Wire, length 5.08 mm
[endpoint_off_grid]: Symbol pin or wire end off connection grid
    ; warning
    @(296.545 mm, 68.58 mm): Horizontal Wire, length 9.525 mm
[endpoint_off_grid]: Symbol pin or wire end off connection grid
    ; warning
    @(299.085 mm, 184.785 mm): Horizontal Wire, length 10.16 mm
[endpoint_off_grid]: Symbol pin or wire end off connection grid
    ; warning
    @(299.085 mm, 189.865 mm): Vertical Wire, length 5.08 mm
[footprint_link_issues]: The current configuration does not include the footprint library 'Resistor_SMD'
    ; warning
    @(300.99 mm, 85.09 mm): Symbol RP6 [SYM_RP6]
[lib_symbol_issues]: The current configuration does not include the symbol library 'elt'
    ; warning
    @(300.99 mm, 85.09 mm): Symbol RP6 [SYM_RP6]
[endpoint_off_grid]: Symbol pin or wire end off connection grid
    ; warning
    @(300.99 mm, 156.845 mm): Symbol RN1 Pin 1 [Passive, Line]
[footprint_link_issues]: The current configuration does not include the footprint library 'Resistor_SMD'
    ; warning
    @(300.99 mm, 160.655 mm): Symbol RN1 [SYM_RN1]
[lib_symbol_issues]: The current configuration does not include the symbol library 'elt'
    ; warning
    @(300.99 mm, 160.655 mm): Symbol RN1 [SYM_RN1]
[endpoint_off_grid]: Symbol pin or wire end off connection grid
    ; warning
    @(300.99 mm, 164.465 mm): Vertical Wire, length 10.16 mm
[endpoint_off_grid]: Symbol pin or wire end off connection grid
    ; warning
    @(300.99 mm, 174.625 mm): Horizontal Wire, length 18.415 mm
[footprint_link_issues]: The current configuration does not include the footprint library 'Resistor_SMD'
    ; warning
    @(306.07 mm, 62.23 mm): Symbol RN6 [SYM_RN6]
[lib_symbol_issues]: The current configuration does not include the symbol library 'elt'
    ; warning
    @(306.07 mm, 62.23 mm): Symbol RN6 [SYM_RN6]
[endpoint_off_grid]: Symbol pin or wire end off connection grid
    ; warning
    @(309.245 mm, 184.785 mm): Symbol CD1 Pin 1 [Passive, Line]
[endpoint_off_grid]: Symbol pin or wire end off connection grid
    ; warning
    @(310.515 mm, 86.36 mm): Horizontal Wire, length 10.16 mm
[endpoint_off_grid]: Symbol pin or wire end off connection grid
    ; warning
    @(300.99 mm, 91.44 mm): Horizontal Wire, length 9.525 mm
[endpoint_off_grid]: Symbol pin or wire end off connection grid
    ; warning
    @(310.515 mm, 91.44 mm): Vertical Wire, length 5.08 mm
[footprint_link_issues]: The current configuration does not include the footprint library 'Capacitor_SMD'
    ; warning
    @(313.055 mm, 184.785 mm): Symbol CD1 [SYM_CD1]
[lib_symbol_issues]: The current configuration does not include the symbol library 'elt'
    ; warning
    @(313.055 mm, 184.785 mm): Symbol CD1 [SYM_CD1]
[endpoint_off_grid]: Symbol pin or wire end off connection grid
    ; warning
    @(319.405 mm, 174.625 mm): Vertical Wire, length 10.16 mm
[endpoint_off_grid]: Symbol pin or wire end off connection grid
    ; warning
    @(319.405 mm, 184.785 mm): Horizontal Wire, length 2.54 mm
[endpoint_off_grid]: Symbol pin or wire end off connection grid
    ; warning
    @(320.675 mm, 86.36 mm): Symbol CD6 Pin 1 [Passive, Line]
[footprint_link_issues]: The current configuration does not include the footprint library 'Capacitor_SMD'
    ; warning
    @(324.485 mm, 86.36 mm): Symbol CD6 [SYM_CD6]
[lib_symbol_issues]: The current configuration does not include the symbol library 'elt'
    ; warning
    @(324.485 mm, 86.36 mm): Symbol CD6 [SYM_CD6]

 ** ERC messages: 380  Errors 0  Warnings 380

 ** Ignored checks:
    - Global label only appears once in the schematic
    - Four connection points are joined together
    - SPICE model issue
    - Assigned footprint doesn't match footprint filters
