Loading 06_build/route/r3.kicad_pcb to expand net patterns...
Routing 2 nets: ['LED_ST', 'TMP_3V3']
Loading 06_build/route/r3.kicad_pcb...
Using 2 routing layers: ['F.Cu', 'B.Cu']
  Layer costs: F.Cu=1.0x, B.Cu=3.0x
No BGA components detected - no exclusion zones needed
Keepout: blocking routes from 8 polygon(s) on User.2

Using MPS ordering strategy...
MPS: Using segment intersection method (no nets on BGA chips)
MPS: 2 nets with 1 crossing conflicts detected
WARNING: Could not find pads for both stub groups in TMP_3V3 (found 1 pads)
MPS Round 1: 1 units: TMP_3V3
MPS Round 2: 1 units: LED_ST

Routing 2 single-ended net(s)...
============================================================
Building base obstacle map...
Base obstacle map built in 6.91s
Found 55 unrouted nets in PCB for stub proximity
Pre-computing net obstacle cache...
Net obstacle cache built in 0.23s (55 nets)

[1/2] Routing TMP_3V3 (id=5)
----------------------------------------
  Detected multi-point net with 6 pads (Phase 1: main route only)
  Existing copper joins 6 terminals into 4 group(s)
  Multi-point net Phase 1: routing longest MST edge (pads 4 and 1, length=15.95mm)
  forward stuck (1 < 5000), backward=5000
    forward cell (1730, 1281, layer=0): ok, 8/8 neighbors blocked
      ALL neighbors blocked: (1729,1280), (1729,1281), (1729,1282), (1730,1280), (1730,1282), (1731,1280), (1731,1281), (1731,1282)
      Blocking obstacles: 3V3(1)
  forward stuck (3497 < 5000), backward=5000
    forward cell (1730, 1281, layer=0): ok, 8/8 neighbors blocked
      ALL neighbors blocked: (1729,1280), (1729,1281), (1729,1282), (1730,1280), (1730,1282), (1731,1280), (1731,1281), (1731,1282)
      Blocking obstacles: 3V3(1)
    forward cell (1744, 1275, layer=0): ok, 0/8 neighbors blocked
    forward cell (1744, 1275, layer=1): ok, 0/8 neighbors blocked
  Phase 1 edge (pads 4,1) failed after 5001 iterations - trying next MST edge
  Multi-point net Phase 1: retrying with next MST edge (2/3) (pads 5 and 4, length=4.06mm)
  Both directions stuck (forward=1, backward=1 < 5000)
    forward cell (1774, 1244, layer=0): ok, 8/8 neighbors blocked
      ALL neighbors blocked: (1773,1243), (1773,1244), (1773,1245), (1774,1243), (1774,1245), (1775,1243), (1775,1244), (1775,1245)
      Blocking obstacles: 3V3(1)
    backward cell (1730, 1281, layer=0): ok, 8/8 neighbors blocked
      ALL neighbors blocked: (1729,1280), (1729,1281), (1729,1282), (1730,1280), (1730,1282), (1731,1280), (1731,1281), (1731,1282)
      Blocking obstacles: 3V3(1)
  backward stuck (1 < 5000), forward=5000
    backward cell (1730, 1281, layer=0): ok, 8/8 neighbors blocked
      ALL neighbors blocked: (1729,1280), (1729,1281), (1729,1282), (1730,1280), (1730,1282), (1731,1280), (1731,1281), (1731,1282)
      Blocking obstacles: 3V3(1)
  Phase 1 edge (pads 5,4) failed after 2 iterations - trying next MST edge
  Multi-point net Phase 1: retrying with next MST edge (3/3) (pads 3 and 5, length=3.59mm)
  backward stuck (1 < 5000), forward=5000
    backward cell (1774, 1244, layer=0): ok, 8/8 neighbors blocked
      ALL neighbors blocked: (1773,1243), (1773,1244), (1773,1245), (1774,1243), (1774,1245), (1775,1243), (1775,1244), (1775,1245)
      Blocking obstacles: 3V3(1)
  Phase 1 edge (pads 3,5) failed after 5001 iterations
  Phase 1 exhausted from the pads; deferring 3 edge(s) to Phase 3's island-copper sources (base component: 2 terminal(s))
  SUCCESS: 0 segments, 0 vias, 10004 iterations, length=92.31mm (stubs=92.31mm) (0.24s)

[2/2] Routing LED_ST (id=27)
----------------------------------------
Probe: forward=5000, backward=5000 iters, trying forward with full iterations...
No route found after 300000 iterations (forward), trying backward...
No route found after 458522 iterations (both directions)
  FAILED: Could not find route (0.10s)
  [91mROUTE FAILED - no rippable blockers found[0m
  Hint: the blocking copper belongs to pre-existing net(s) 'LED2A' 'SPI_MISO' 'TXD' 'RXD' 'USB_DP' 'USB_DM' (committed by an earlier run/step), which this run is not allowed to rip. Retry with --rip-existing-nets 'LED2A' 'SPI_MISO' 'TXD' 'RXD' 'USB_DP' 'USB_DM' to rip and re-route them in this run (issue #103) -- the decisive blocker may be any of them, so start with the full set (each ripped net is re-routed and the run reports honestly if one cannot be), then bisect if you want a minimal rip.

Sync pcb_data: 634 -> 634 (kept stubs) -> 634 (after adding 0)

============================================================
Multi-point Phase 3: Routing 3 tap connections
============================================================

TMP_3V3 (net 5):
  Seeding tap sources from the base island's existing copper: 48 segment(s), 6 via(s)
  Multi-point net Phase 3: routing 3 remaining MST edges (longest first)
    [1/3] Routing MST edge: pad 1 -> pad 4 (length=15.95mm) target=(86.50, 64.05)
      backward stuck (1 < 5000), forward=5000
        backward cell (1730, 1281, layer=0): ok, 8/8 neighbors blocked
          ALL neighbors blocked: (1729,1280), (1729,1281), (1729,1282), (1730,1280), (1730,1282), (1731,1280), (1731,1281), (1731,1282)
          Blocking obstacles: 3V3(1)
      [93mFailed to route MST edge after 5001 iterations (0.02s)[0m
    Fallback: attempting orphaned pad 4 directly from connected copper
    [2/3] (1 failed) Routing MST edge: pad 1 -> pad 4 (length=15.95mm) target=(86.50, 64.05)
      backward stuck (1 < 5000), forward=5000
        backward cell (1730, 1281, layer=0): ok, 8/8 neighbors blocked
          ALL neighbors blocked: (1729,1280), (1729,1281), (1729,1282), (1730,1280), (1730,1282), (1731,1280), (1731,1281), (1731,1282)
          Blocking obstacles: 3V3(1)
      [93mFailed to route MST edge after 5001 iterations (0.02s)[0m
    Fallback: attempting orphaned pad 5 directly from connected copper
    [2/3] (1 failed) Routing MST edge: pad 1 -> pad 5 (length=20.01mm) target=(88.70, 62.19)
      backward stuck (1 < 5000), forward=5000
        backward cell (1774, 1244, layer=0): ok, 8/8 neighbors blocked
          ALL neighbors blocked: (1773,1243), (1773,1244), (1773,1245), (1774,1243), (1774,1245), (1775,1243), (1775,1244), (1775,1245)
          Blocking obstacles: 3V3(1)
      [93mFailed to route MST edge after 5001 iterations (0.02s)[0m
    Fallback: attempting orphaned pad 3 directly from connected copper
    [3/3] (2 failed) Routing MST edge: pad 1 -> pad 3 (length=23.60mm) target=(91.62, 61.52)
      Probe: forward=5000, backward=5000 iters, trying forward with full iterations...
      No route found after 300000 iterations (forward), trying backward...
      [93mFailed to route MST edge after 472506 iterations (0.09s)[0m
    Fallback: attempting orphaned pad 2 directly from connected copper
    [4/3] (3 failed) Routing MST edge: pad 1 -> pad 2 (length=34.00mm) target=(94.10, 53.60)
      Probe: forward=5000, backward=5000 iters, trying forward with full iterations...
      No route found after 300000 iterations (forward), trying backward...
      [93mFailed to route MST edge after 483331 iterations (0.09s)[0m
  [93mWarning: 4 pad(s) not connected (4 MST edge(s) failed)[0m
  Phase 3 routing complete: 0 edges, 0 total segments, 0 total vias
  [91mNOT CONNECTED (so far): TMP_3V3 - ? pad  at (94.10, 53.60) - may still be recovered; final verdict in the end-of-run summary[0m
  [91mNOT CONNECTED (so far): TMP_3V3 - ? pad  at (91.62, 61.52) - may still be recovered; final verdict in the end-of-run summary[0m
  [91mNOT CONNECTED (so far): TMP_3V3 - C14 pad 1 at (86.50, 64.05) - may still be recovered; final verdict in the end-of-run summary[0m
  [91mNOT CONNECTED (so far): TMP_3V3 - R17 pad 2 at (88.70, 62.19) - may still be recovered; final verdict in the end-of-run summary[0m
  Net total time: 0.38s, 980844 iterations

============================================================
Routing complete
============================================================
  [91mSingle-ended:  0/2 routed (1 FAILED)[0m
  [91mMulti-point:   7/17 pads connected (10 FAILED)[0m
  Total vias:    0
  Total time:    0.35s
  Iterations:    468,526

[91mFailed single-ended nets:[0m
  [91mLED_ST[0m

[91mFailed multi-point connections:[0m
  [91mTMP_3V3: C7 pad ? at (76.12, 66.00) not connected[0m
  [91mTMP_3V3: U7 pad ? at (62.00, 69.75) not connected[0m
  [91mTMP_3V3: L1 pad ? at (88.75, 73.00) not connected[0m
  [91mTMP_3V3: C14 pad ? at (86.50, 64.05) not connected[0m
  [91mTMP_3V3: R17 pad ? at (88.70, 62.19) not connected[0m
  [91mTMP_3V3: R21 pad ? at (74.89, 72.80) not connected[0m
  [91mTMP_3V3: D8 pad ? at (72.35, 90.00) not connected[0m
  [91mTMP_3V3: C6 pad ? at (94.00, 74.47) not connected[0m
  [91mTMP_3V3: C5 pad ? at (82.50, 68.57) not connected[0m
  [91mTMP_3V3: R24 pad ? at (74.60, 79.41) not connected[0m

============================================================
FAILED NET HISTORIES
============================================================

LED_ST:
  [0] Re-route FAILED: no rippable blockers found
  [0] preexisting_blockers
JSON_SUMMARY: {"routed_single": [], "failed_single": ["LED_ST"], "failed_multipoint": [{"net_name": "TMP_3V3", "failed_pads": [{"component_ref": "C7", "pad_number": "?", "x": 76.125, "y": 66.0}, {"component_ref": "U7", "pad_number": "?", "x": 62.0, "y": 69.75}, {"component_ref": "L1", "pad_number": "?", "x": 88.75, "y": 73.0}, {"component_ref": "C14", "pad_number": "?", "x": 86.5, "y": 64.05}, {"component_ref": "R17", "pad_number": "?", "x": 88.7, "y": 62.1875}, {"component_ref": "R21", "pad_number": "?", "x": 74.8875, "y": 72.8}, {"component_ref": "D8", "pad_number": "?", "x": 72.35, "y": 90.0}, {"component_ref": "C6", "pad_number": "?", "x": 94.0, "y": 74.475}, {"component_ref": "C5", "pad_number": "?", "x": 82.5, "y": 68.57499899999999}, {"component_ref": "R24", "pad_number": "?", "x": 74.6, "y": 79.4125}]}], "multipoint_nets": 1, "multipoint_pads_connected": 7, "multipoint_pads_total": 17, "multipoint_edges_routed": 0, "multipoint_edges_failed": 4, "ripup_success_pairs": [], "rerouted_pairs": [], "single_ended_target_swaps": [], "layer_swaps": 0, "successful": 0, "failed": 2, "total_time": 0.35, "total_iterations": 468526, "total_vias": 0, "cleanup_disconnected": [], "min_clearance_used": 0.1517}

Writing output to 06_build/route/r4.kicad_pcb...
Successfully wrote 06_build/route/r4.kicad_pcb

Final reconciliation: retrying 2 incomplete net(s) against the finished board: LED_ST, TMP_3V3
Loading 06_build/route/r4.kicad_pcb...
Using 2 routing layers: ['F.Cu', 'B.Cu']
  Layer costs: F.Cu=1.0x, B.Cu=3.0x
No BGA components detected - no exclusion zones needed
Keepout: blocking routes from 8 polygon(s) on User.2

Using MPS ordering strategy...
MPS: Using segment intersection method (no nets on BGA chips)
MPS: 2 nets with 1 crossing conflicts detected
WARNING: Could not find pads for both stub groups in TMP_3V3 (found 1 pads)
MPS Round 1: 1 units: TMP_3V3
MPS Round 2: 1 units: LED_ST

Routing 2 single-ended net(s)...
============================================================
Building base obstacle map...
Base obstacle map built in 6.72s
Found 55 unrouted nets in PCB for stub proximity
Pre-computing net obstacle cache...
Net obstacle cache built in 0.23s (55 nets)

[1/2] Routing TMP_3V3 (id=5)
----------------------------------------
  Detected multi-point net with 6 pads (Phase 1: main route only)
  Existing copper joins 6 terminals into 4 group(s)
  Multi-point net Phase 1: routing longest MST edge (pads 4 and 1, length=15.95mm)
  forward stuck (1 < 5000), backward=5000
    forward cell (1730, 1281, layer=0): ok, 8/8 neighbors blocked
      ALL neighbors blocked: (1729,1280), (1729,1281), (1729,1282), (1730,1280), (1730,1282), (1731,1280), (1731,1281), (1731,1282)
      Blocking obstacles: 3V3(1)
  forward stuck (3497 < 5000), backward=5000
    forward cell (1730, 1281, layer=0): ok, 8/8 neighbors blocked
      ALL neighbors blocked: (1729,1280), (1729,1281), (1729,1282), (1730,1280), (1730,1282), (1731,1280), (1731,1281), (1731,1282)
      Blocking obstacles: 3V3(1)
    forward cell (1744, 1275, layer=0): ok, 0/8 neighbors blocked
    forward cell (1744, 1275, layer=1): ok, 0/8 neighbors blocked
  Phase 1 edge (pads 4,1) failed after 5001 iterations - trying next MST edge
  Multi-point net Phase 1: retrying with next MST edge (2/3) (pads 5 and 4, length=4.06mm)
  Both directions stuck (forward=1, backward=1 < 5000)
    forward cell (1774, 1244, layer=0): ok, 8/8 neighbors blocked
      ALL neighbors blocked: (1773,1243), (1773,1244), (1773,1245), (1774,1243), (1774,1245), (1775,1243), (1775,1244), (1775,1245)
      Blocking obstacles: 3V3(1)
    backward cell (1730, 1281, layer=0): ok, 8/8 neighbors blocked
      ALL neighbors blocked: (1729,1280), (1729,1281), (1729,1282), (1730,1280), (1730,1282), (1731,1280), (1731,1281), (1731,1282)
      Blocking obstacles: 3V3(1)
  backward stuck (1 < 5000), forward=5000
    backward cell (1730, 1281, layer=0): ok, 8/8 neighbors blocked
      ALL neighbors blocked: (1729,1280), (1729,1281), (1729,1282), (1730,1280), (1730,1282), (1731,1280), (1731,1281), (1731,1282)
      Blocking obstacles: 3V3(1)
  Phase 1 edge (pads 5,4) failed after 2 iterations - trying next MST edge
  Multi-point net Phase 1: retrying with next MST edge (3/3) (pads 3 and 5, length=3.59mm)
  backward stuck (1 < 5000), forward=5000
    backward cell (1774, 1244, layer=0): ok, 8/8 neighbors blocked
      ALL neighbors blocked: (1773,1243), (1773,1244), (1773,1245), (1774,1243), (1774,1245), (1775,1243), (1775,1244), (1775,1245)
      Blocking obstacles: 3V3(1)
  Phase 1 edge (pads 3,5) failed after 5001 iterations
  Phase 1 exhausted from the pads; deferring 3 edge(s) to Phase 3's island-copper sources (base component: 2 terminal(s))
  SUCCESS: 0 segments, 0 vias, 10004 iterations, length=92.31mm (stubs=92.31mm) (0.24s)

[2/2] Routing LED_ST (id=27)
----------------------------------------
Probe: forward=5000, backward=5000 iters, trying forward with full iterations...
No route found after 300000 iterations (forward), trying backward...
No route found after 458522 iterations (both directions)
  FAILED: Could not find route (0.09s)
  [91mROUTE FAILED - no rippable blockers found[0m
  Hint: the blocking copper belongs to pre-existing net(s) 'LED2A' 'SPI_MISO' 'TXD' 'RXD' 'USB_DP' 'USB_DM' (committed by an earlier run/step), which this run is not allowed to rip. Retry with --rip-existing-nets 'LED2A' 'SPI_MISO' 'TXD' 'RXD' 'USB_DP' 'USB_DM' to rip and re-route them in this run (issue #103) -- the decisive blocker may be any of them, so start with the full set (each ripped net is re-routed and the run reports honestly if one cannot be), then bisect if you want a minimal rip.

Sync pcb_data: 634 -> 634 (kept stubs) -> 634 (after adding 0)

============================================================
Multi-point Phase 3: Routing 3 tap connections
============================================================

TMP_3V3 (net 5):
  Seeding tap sources from the base island's existing copper: 48 segment(s), 6 via(s)
  Multi-point net Phase 3: routing 3 remaining MST edges (longest first)
    [1/3] Routing MST edge: pad 1 -> pad 4 (length=15.95mm) target=(86.50, 64.05)
      backward stuck (1 < 5000), forward=5000
        backward cell (1730, 1281, layer=0): ok, 8/8 neighbors blocked
          ALL neighbors blocked: (1729,1280), (1729,1281), (1729,1282), (1730,1280), (1730,1282), (1731,1280), (1731,1281), (1731,1282)
          Blocking obstacles: 3V3(1)
      [93mFailed to route MST edge after 5001 iterations (0.02s)[0m
    Fallback: attempting orphaned pad 4 directly from connected copper
    [2/3] (1 failed) Routing MST edge: pad 1 -> pad 4 (length=15.95mm) target=(86.50, 64.05)
      backward stuck (1 < 5000), forward=5000
        backward cell (1730, 1281, layer=0): ok, 8/8 neighbors blocked
          ALL neighbors blocked: (1729,1280), (1729,1281), (1729,1282), (1730,1280), (1730,1282), (1731,1280), (1731,1281), (1731,1282)
          Blocking obstacles: 3V3(1)
      [93mFailed to route MST edge after 5001 iterations (0.02s)[0m
    Fallback: attempting orphaned pad 5 directly from connected copper
    [2/3] (1 failed) Routing MST edge: pad 1 -> pad 5 (length=20.01mm) target=(88.70, 62.19)
      backward stuck (1 < 5000), forward=5000
        backward cell (1774, 1244, layer=0): ok, 8/8 neighbors blocked
          ALL neighbors blocked: (1773,1243), (1773,1244), (1773,1245), (1774,1243), (1774,1245), (1775,1243), (1775,1244), (1775,1245)
          Blocking obstacles: 3V3(1)
      [93mFailed to route MST edge after 5001 iterations (0.02s)[0m
    Fallback: attempting orphaned pad 3 directly from connected copper
    [3/3] (2 failed) Routing MST edge: pad 1 -> pad 3 (length=23.60mm) target=(91.62, 61.52)
      Probe: forward=5000, backward=5000 iters, trying forward with full iterations...
      No route found after 300000 iterations (forward), trying backward...
      [93mFailed to route MST edge after 472506 iterations (0.09s)[0m
    Fallback: attempting orphaned pad 2 directly from connected copper
    [4/3] (3 failed) Routing MST edge: pad 1 -> pad 2 (length=34.00mm) target=(94.10, 53.60)
      Probe: forward=5000, backward=5000 iters, trying forward with full iterations...
      No route found after 300000 iterations (forward), trying backward...
      [93mFailed to route MST edge after 483331 iterations (0.08s)[0m
  [93mWarning: 4 pad(s) not connected (4 MST edge(s) failed)[0m
  Phase 3 routing complete: 0 edges, 0 total segments, 0 total vias
  [91mNOT CONNECTED (so far): TMP_3V3 - ? pad  at (94.10, 53.60) - may still be recovered; final verdict in the end-of-run summary[0m
  [91mNOT CONNECTED (so far): TMP_3V3 - ? pad  at (91.62, 61.52) - may still be recovered; final verdict in the end-of-run summary[0m
  [91mNOT CONNECTED (so far): TMP_3V3 - C14 pad 1 at (86.50, 64.05) - may still be recovered; final verdict in the end-of-run summary[0m
  [91mNOT CONNECTED (so far): TMP_3V3 - R17 pad 2 at (88.70, 62.19) - may still be recovered; final verdict in the end-of-run summary[0m
  Net total time: 0.36s, 980844 iterations

============================================================
Routing complete
============================================================
  [91mSingle-ended:  0/2 routed (1 FAILED)[0m
  [91mMulti-point:   7/17 pads connected (10 FAILED)[0m
  Total vias:    0
  Total time:    0.33s
  Iterations:    468,526

[91mFailed single-ended nets:[0m
  [91mLED_ST[0m

[91mFailed multi-point connections:[0m
  [91mTMP_3V3: C7 pad ? at (76.12, 66.00) not connected[0m
  [91mTMP_3V3: U7 pad ? at (62.00, 69.75) not connected[0m
  [91mTMP_3V3: L1 pad ? at (88.75, 73.00) not connected[0m
  [91mTMP_3V3: C14 pad ? at (86.50, 64.05) not connected[0m
  [91mTMP_3V3: R17 pad ? at (88.70, 62.19) not connected[0m
  [91mTMP_3V3: R21 pad ? at (74.89, 72.80) not connected[0m
  [91mTMP_3V3: D8 pad ? at (72.35, 90.00) not connected[0m
  [91mTMP_3V3: C6 pad ? at (94.00, 74.47) not connected[0m
  [91mTMP_3V3: C5 pad ? at (82.50, 68.57) not connected[0m
  [91mTMP_3V3: R24 pad ? at (74.60, 79.41) not connected[0m

============================================================
FAILED NET HISTORIES
============================================================

LED_ST:
  [0] Re-route FAILED: no rippable blockers found
  [0] preexisting_blockers
JSON_SUMMARY: {"routed_single": [], "failed_single": ["LED_ST"], "failed_multipoint": [{"net_name": "TMP_3V3", "failed_pads": [{"component_ref": "C7", "pad_number": "?", "x": 76.125, "y": 66.0}, {"component_ref": "U7", "pad_number": "?", "x": 62.0, "y": 69.75}, {"component_ref": "L1", "pad_number": "?", "x": 88.75, "y": 73.0}, {"component_ref": "C14", "pad_number": "?", "x": 86.5, "y": 64.05}, {"component_ref": "R17", "pad_number": "?", "x": 88.7, "y": 62.1875}, {"component_ref": "R21", "pad_number": "?", "x": 74.8875, "y": 72.8}, {"component_ref": "D8", "pad_number": "?", "x": 72.35, "y": 90.0}, {"component_ref": "C6", "pad_number": "?", "x": 94.0, "y": 74.475}, {"component_ref": "C5", "pad_number": "?", "x": 82.5, "y": 68.57499899999999}, {"component_ref": "R24", "pad_number": "?", "x": 74.6, "y": 79.4125}]}], "multipoint_nets": 1, "multipoint_pads_connected": 7, "multipoint_pads_total": 17, "multipoint_edges_routed": 0, "multipoint_edges_failed": 4, "ripup_success_pairs": [], "rerouted_pairs": [], "single_ended_target_swaps": [], "layer_swaps": 0, "successful": 0, "failed": 2, "total_time": 0.33, "total_iterations": 468526, "total_vias": 0, "cleanup_disconnected": [], "min_clearance_used": 0.1517}

Writing output to 06_build/route/r4.kicad_pcb...
Successfully wrote 06_build/route/r4.kicad_pcb
Note: the JSON_SUMMARY above covers only the reconciliation subset; the run's full tally is the earlier JSON_SUMMARY plus these recoveries.
  Min clearance used: 0.1517 mm (below nominal 0.16) - grading at this floor
  DRC settings already consistent (06_build/route/r4.kicad_pro)
