ERC report (2026-07-23T12:52:31, Encoding UTF8)
Report includes: Errors, Warnings, Exclusions

***** Sheet /
[footprint_link_issues]: The current configuration does not include the footprint library 'Capacitor_SMD'
    ; warning
    @(36.83 mm, 26.67 mm): Symbol C1 [SYM_C1]
[lib_symbol_issues]: The current configuration does not include the symbol library 'elt'
    ; warning
    @(36.83 mm, 26.67 mm): Symbol C1 [SYM_C1]
[footprint_link_issues]: The current configuration does not include the footprint library 'Resistor_SMD'
    ; warning
    @(38.10 mm, 187.96 mm): Symbol R29 [SYM_R29]
[lib_symbol_issues]: The current configuration does not include the symbol library 'elt'
    ; warning
    @(38.10 mm, 187.96 mm): Symbol R29 [SYM_R29]
[footprint_link_issues]: The current configuration does not include the footprint library 'Capacitor_SMD'
    ; warning
    @(39.37 mm, 53.34 mm): Symbol C20 [SYM_C20]
[lib_symbol_issues]: The current configuration does not include the symbol library 'elt'
    ; warning
    @(39.37 mm, 53.34 mm): Symbol C20 [SYM_C20]
[footprint_link_issues]: The current configuration does not include the footprint library 'Capacitor_SMD'
    ; warning
    @(39.37 mm, 81.28 mm): Symbol C39 [SYM_C39]
[lib_symbol_issues]: The current configuration does not include the symbol library 'elt'
    ; warning
    @(39.37 mm, 81.28 mm): Symbol C39 [SYM_C39]
[footprint_link_issues]: The current configuration does not include the footprint library 'usb_hub_3s'
    ; warning
    @(39.37 mm, 115.57 mm): Symbol J3 [SYM_J3]
[lib_symbol_issues]: The current configuration does not include the symbol library 'elt'
    ; warning
    @(39.37 mm, 115.57 mm): Symbol J3 [SYM_J3]
[footprint_link_issues]: The current configuration does not include the footprint library 'Resistor_SMD'
    ; warning
    @(39.37 mm, 160.02 mm): Symbol R7 [SYM_R7]
[lib_symbol_issues]: The current configuration does not include the symbol library 'elt'
    ; warning
    @(39.37 mm, 160.02 mm): Symbol R7 [SYM_R7]
[lib_symbol_issues]: The current configuration does not include the symbol library 'elt'
    ; warning
    @(46.99 mm, 26.67 mm): Symbol #PWR01 [GND]
[lib_symbol_issues]: The current configuration does not include the symbol library 'elt'
    ; warning
    @(46.99 mm, 26.67 mm): Symbol #FLG01 [PWR_FLAG]
[lib_symbol_issues]: The current configuration does not include the symbol library 'elt'
    ; warning
    @(48.26 mm, 81.28 mm): Symbol #PWR33 [GND]
[lib_symbol_issues]: The current configuration does not include the symbol library 'elt'
    ; warning
    @(48.26 mm, 113.03 mm): Symbol #PWR47 [GND]
[lib_symbol_issues]: The current configuration does not include the symbol library 'elt'
    ; warning
    @(48.26 mm, 115.57 mm): Symbol #PWR48 [GND]
[lib_symbol_issues]: The current configuration does not include the symbol library 'elt'
    ; warning
    @(48.26 mm, 160.02 mm): Symbol #PWR60 [GND]
[footprint_link_issues]: The current configuration does not include the footprint library 'Capacitor_SMD'
    ; warning
    @(83.82 mm, 26.67 mm): Symbol C2 [SYM_C2]
[lib_symbol_issues]: The current configuration does not include the symbol library 'elt'
    ; warning
    @(83.82 mm, 26.67 mm): Symbol C2 [SYM_C2]
[footprint_link_issues]: The current configuration does not include the footprint library 'Resistor_SMD'
    ; warning
    @(85.09 mm, 187.96 mm): Symbol R30 [SYM_R30]
[lib_symbol_issues]: The current configuration does not include the symbol library 'elt'
    ; warning
    @(85.09 mm, 187.96 mm): Symbol R30 [SYM_R30]
[footprint_link_issues]: The current configuration does not include the footprint library 'Capacitor_SMD'
    ; warning
    @(87.63 mm, 53.34 mm): Symbol C21 [SYM_C21]
[lib_symbol_issues]: The current configuration does not include the symbol library 'elt'
    ; warning
    @(87.63 mm, 53.34 mm): Symbol C21 [SYM_C21]
[footprint_link_issues]: The current configuration does not include the footprint library 'Capacitor_SMD'
    ; warning
    @(90.17 mm, 81.28 mm): Symbol C40 [SYM_C40]
[lib_symbol_issues]: The current configuration does not include the symbol library 'elt'
    ; warning
    @(90.17 mm, 81.28 mm): Symbol C40 [SYM_C40]
[footprint_link_issues]: The current configuration does not include the footprint library 'usb_hub_3s'
    ; warning
    @(90.17 mm, 115.57 mm): Symbol J4 [SYM_J4]
[lib_symbol_issues]: The current configuration does not include the symbol library 'elt'
    ; warning
    @(90.17 mm, 115.57 mm): Symbol J4 [SYM_J4]
[footprint_link_issues]: The current configuration does not include the footprint library 'Resistor_SMD'
    ; warning
    @(90.17 mm, 160.02 mm): Symbol R8 [SYM_R8]
[lib_symbol_issues]: The current configuration does not include the symbol library 'elt'
    ; warning
    @(90.17 mm, 160.02 mm): Symbol R8 [SYM_R8]
[lib_symbol_issues]: The current configuration does not include the symbol library 'elt'
    ; warning
    @(93.98 mm, 26.67 mm): Symbol #PWR02 [GND]
[lib_symbol_issues]: The current configuration does not include the symbol library 'elt'
    ; warning
    @(96.52 mm, 53.34 mm): Symbol #PWR16 [GND]
[lib_symbol_issues]: The current configuration does not include the symbol library 'elt'
    ; warning
    @(99.06 mm, 81.28 mm): Symbol #PWR34 [GND]
[lib_symbol_issues]: The current configuration does not include the symbol library 'elt'
    ; warning
    @(99.06 mm, 113.03 mm): Symbol #PWR49 [GND]
[lib_symbol_issues]: The current configuration does not include the symbol library 'elt'
    ; warning
    @(99.06 mm, 115.57 mm): Symbol #PWR50 [GND]
[lib_symbol_issues]: The current configuration does not include the symbol library 'elt'
    ; warning
    @(130.81 mm, 113.03 mm): Symbol #PWR51 [GND]
[lib_symbol_issues]: The current configuration does not include the symbol library 'elt'
    ; warning
    @(130.81 mm, 130.81 mm): Symbol #PWR52 [GND]
[lib_symbol_issues]: The current configuration does not include the symbol library 'elt'
    ; warning
    @(130.81 mm, 133.35 mm): Symbol #PWR53 [GND]
[footprint_link_issues]: The current configuration does not include the footprint library 'Capacitor_SMD'
    ; warning
    @(133.35 mm, 26.67 mm): Symbol C3 [SYM_C3]
[lib_symbol_issues]: The current configuration does not include the symbol library 'elt'
    ; warning
    @(133.35 mm, 26.67 mm): Symbol C3 [SYM_C3]
[footprint_link_issues]: The current configuration does not include the footprint library 'Resistor_SMD'
    ; warning
    @(134.62 mm, 187.96 mm): Symbol R34 [SYM_R34]
[lib_symbol_issues]: The current configuration does not include the symbol library 'elt'
    ; warning
    @(134.62 mm, 187.96 mm): Symbol R34 [SYM_R34]
[footprint_link_issues]: The current configuration does not include the footprint library 'Capacitor_SMD'
    ; warning
    @(135.89 mm, 53.34 mm): Symbol C22 [SYM_C22]
[lib_symbol_issues]: The current configuration does not include the symbol library 'elt'
    ; warning
    @(135.89 mm, 53.34 mm): Symbol C22 [SYM_C22]
[footprint_link_issues]: The current configuration does not include the footprint library 'Resistor_SMD'
    ; warning
    @(139.70 mm, 160.02 mm): Symbol R9 [SYM_R9]
[lib_symbol_issues]: The current configuration does not include the symbol library 'elt'
    ; warning
    @(139.70 mm, 160.02 mm): Symbol R9 [SYM_R9]
[footprint_link_issues]: The current configuration does not include the footprint library 'Capacitor_SMD'
    ; warning
    @(140.97 mm, 81.28 mm): Symbol C41 [SYM_C41]
[lib_symbol_issues]: The current configuration does not include the symbol library 'elt'
    ; warning
    @(140.97 mm, 81.28 mm): Symbol C41 [SYM_C41]
[footprint_link_issues]: The current configuration does not include the footprint library 'usb_hub_3s'
    ; warning
    @(140.97 mm, 123.19 mm): Symbol J5 [SYM_J5]
[lib_symbol_issues]: The current configuration does not include the symbol library 'elt'
    ; warning
    @(140.97 mm, 123.19 mm): Symbol J5 [SYM_J5]
[lib_symbol_issues]: The current configuration does not include the symbol library 'elt'
    ; warning
    @(142.24 mm, 26.67 mm): Symbol #PWR03 [GND]
[lib_symbol_issues]: The current configuration does not include the symbol library 'elt'
    ; warning
    @(149.86 mm, 81.28 mm): Symbol #PWR35 [GND]
[lib_symbol_issues]: The current configuration does not include the symbol library 'elt'
    ; warning
    @(151.13 mm, 128.27 mm): Symbol #PWR54 [GND]
[lib_symbol_issues]: The current configuration does not include the symbol library 'elt'
    ; warning
    @(151.13 mm, 130.81 mm): Symbol #PWR55 [GND]
[lib_symbol_issues]: The current configuration does not include the symbol library 'elt'
    ; warning
    @(180.34 mm, 160.02 mm): Symbol #PWR61 [GND]
[footprint_link_issues]: The current configuration does not include the footprint library 'Capacitor_SMD'
    ; warning
    @(182.88 mm, 26.67 mm): Symbol C4 [SYM_C4]
[lib_symbol_issues]: The current configuration does not include the symbol library 'elt'
    ; warning
    @(182.88 mm, 26.67 mm): Symbol C4 [SYM_C4]
[footprint_link_issues]: The current configuration does not include the footprint library 'Resistor_SMD'
    ; warning
    @(184.15 mm, 187.96 mm): Symbol R35 [SYM_R35]
[lib_symbol_issues]: The current configuration does not include the symbol library 'elt'
    ; warning
    @(184.15 mm, 187.96 mm): Symbol R35 [SYM_R35]
[footprint_link_issues]: The current configuration does not include the footprint library 'Capacitor_SMD'
    ; warning
    @(185.42 mm, 53.34 mm): Symbol C23 [SYM_C23]
[lib_symbol_issues]: The current configuration does not include the symbol library 'elt'
    ; warning
    @(185.42 mm, 53.34 mm): Symbol C23 [SYM_C23]
[footprint_link_issues]: The current configuration does not include the footprint library 'Inductor_SMD'
    ; warning
    @(189.23 mm, 113.03 mm): Symbol L1 [SYM_L1]
[lib_symbol_issues]: The current configuration does not include the symbol library 'elt'
    ; warning
    @(189.23 mm, 113.03 mm): Symbol L1 [SYM_L1]
[footprint_link_issues]: The current configuration does not include the footprint library 'Resistor_SMD'
    ; warning
    @(189.23 mm, 160.02 mm): Symbol R10 [SYM_R10]
[lib_symbol_issues]: The current configuration does not include the symbol library 'elt'
    ; warning
    @(189.23 mm, 160.02 mm): Symbol R10 [SYM_R10]
[footprint_link_issues]: The current configuration does not include the footprint library 'Capacitor_SMD'
    ; warning
    @(190.50 mm, 81.28 mm): Symbol C42 [SYM_C42]
[lib_symbol_issues]: The current configuration does not include the symbol library 'elt'
    ; warning
    @(190.50 mm, 81.28 mm): Symbol C42 [SYM_C42]
[lib_symbol_issues]: The current configuration does not include the symbol library 'elt'
    ; warning
    @(194.31 mm, 53.34 mm): Symbol #PWR17 [GND]
[lib_symbol_issues]: The current configuration does not include the symbol library 'elt'
    ; warning
    @(199.39 mm, 81.28 mm): Symbol #PWR36 [GND]
[footprint_link_issues]: The current configuration does not include the footprint library 'Capacitor_SMD'
    ; warning
    @(232.41 mm, 26.67 mm): Symbol C5 [SYM_C5]
[lib_symbol_issues]: The current configuration does not include the symbol library 'elt'
    ; warning
    @(232.41 mm, 26.67 mm): Symbol C5 [SYM_C5]
[footprint_link_issues]: The current configuration does not include the footprint library 'Capacitor_SMD'
    ; warning
    @(232.41 mm, 53.34 mm): Symbol C24 [SYM_C24]
[lib_symbol_issues]: The current configuration does not include the symbol library 'elt'
    ; warning
    @(232.41 mm, 53.34 mm): Symbol C24 [SYM_C24]
[footprint_link_issues]: The current configuration does not include the footprint library 'Resistor_SMD'
    ; warning
    @(233.68 mm, 187.96 mm): Symbol RS1 [SYM_RS1]
[lib_symbol_issues]: The current configuration does not include the symbol library 'elt'
    ; warning
    @(233.68 mm, 187.96 mm): Symbol RS1 [SYM_RS1]
[footprint_link_issues]: The current configuration does not include the footprint library 'Inductor_SMD'
    ; warning
    @(236.22 mm, 113.03 mm): Symbol L2 [SYM_L2]
[lib_symbol_issues]: The current configuration does not include the symbol library 'elt'
    ; warning
    @(236.22 mm, 113.03 mm): Symbol L2 [SYM_L2]
[footprint_link_issues]: The current configuration does not include the footprint library 'Resistor_SMD'
    ; warning
    @(237.49 mm, 160.02 mm): Symbol R11 [SYM_R11]
[lib_symbol_issues]: The current configuration does not include the symbol library 'elt'
    ; warning
    @(237.49 mm, 160.02 mm): Symbol R11 [SYM_R11]
[lib_symbol_issues]: The current configuration does not include the symbol library 'elt'
    ; warning
    @(241.30 mm, 53.34 mm): Symbol #PWR18 [GND]
[footprint_link_issues]: The current configuration does not include the footprint library 'Capacitor_SMD'
    ; warning
    @(241.30 mm, 81.28 mm): Symbol C43 [SYM_C43]
[lib_symbol_issues]: The current configuration does not include the symbol library 'elt'
    ; warning
    @(241.30 mm, 81.28 mm): Symbol C43 [SYM_C43]
[lib_symbol_issues]: The current configuration does not include the symbol library 'elt'
    ; warning
    @(242.57 mm, 187.96 mm): Symbol #PWR69 [GND]
[lib_symbol_issues]: The current configuration does not include the symbol library 'elt'
    ; warning
    @(246.38 mm, 160.02 mm): Symbol #PWR62 [GND]
[lib_symbol_issues]: The current configuration does not include the symbol library 'elt'
    ; warning
    @(250.19 mm, 81.28 mm): Symbol #PWR37 [GND]
[footprint_link_issues]: The current configuration does not include the footprint library 'Capacitor_SMD'
    ; warning
    @(276.86 mm, 53.34 mm): Symbol C25 [SYM_C25]
[lib_symbol_issues]: The current configuration does not include the symbol library 'elt'
    ; warning
    @(276.86 mm, 53.34 mm): Symbol C25 [SYM_C25]
[footprint_link_issues]: The current configuration does not include the footprint library 'Resistor_SMD'
    ; warning
    @(279.40 mm, 187.96 mm): Symbol RS2 [SYM_RS2]
[lib_symbol_issues]: The current configuration does not include the symbol library 'elt'
    ; warning
    @(279.40 mm, 187.96 mm): Symbol RS2 [SYM_RS2]
[footprint_link_issues]: The current configuration does not include the footprint library 'Capacitor_SMD'
    ; warning
    @(280.67 mm, 26.67 mm): Symbol C6 [SYM_C6]
[lib_symbol_issues]: The current configuration does not include the symbol library 'elt'
    ; warning
    @(280.67 mm, 26.67 mm): Symbol C6 [SYM_C6]
[footprint_link_issues]: The current configuration does not include the footprint library 'Resistor_SMD'
    ; warning
    @(283.21 mm, 160.02 mm): Symbol R12 [SYM_R12]
[lib_symbol_issues]: The current configuration does not include the symbol library 'elt'
    ; warning
    @(283.21 mm, 160.02 mm): Symbol R12 [SYM_R12]
[lib_symbol_issues]: The current configuration does not include the symbol library 'elt'
    ; warning
    @(285.75 mm, 53.34 mm): Symbol #PWR19 [GND]
[footprint_link_issues]: The current configuration does not include the footprint library 'Package_SO'
    ; warning
    @(285.75 mm, 115.57 mm): Symbol Q1 [SYM_Q1]
[lib_symbol_issues]: The current configuration does not include the symbol library 'elt'
    ; warning
    @(285.75 mm, 115.57 mm): Symbol Q1 [SYM_Q1]
[lib_symbol_issues]: The current configuration does not include the symbol library 'elt'
    ; warning
    @(288.29 mm, 187.96 mm): Symbol #PWR70 [GND]
[lib_symbol_issues]: The current configuration does not include the symbol library 'elt'
    ; warning
    @(289.56 mm, 26.67 mm): Symbol #PWR04 [GND]
[footprint_link_issues]: The current configuration does not include the footprint library 'Capacitor_SMD'
    ; warning
    @(290.83 mm, 81.28 mm): Symbol C49 [SYM_C49]
[lib_symbol_issues]: The current configuration does not include the symbol library 'elt'
    ; warning
    @(290.83 mm, 81.28 mm): Symbol C49 [SYM_C49]
[lib_symbol_issues]: The current configuration does not include the symbol library 'elt'
    ; warning
    @(299.72 mm, 81.28 mm): Symbol #PWR38 [GND]
[lib_symbol_issues]: The current configuration does not include the symbol library 'elt'
    ; warning
    @(318.77 mm, 187.96 mm): Symbol #PWR71 [GND]
[footprint_link_issues]: The current configuration does not include the footprint library 'Capacitor_SMD'
    ; warning
    @(321.31 mm, 53.34 mm): Symbol C26 [SYM_C26]
[lib_symbol_issues]: The current configuration does not include the symbol library 'elt'
    ; warning
    @(321.31 mm, 53.34 mm): Symbol C26 [SYM_C26]
[footprint_link_issues]: The current configuration does not include the footprint library 'Capacitor_SMD'
    ; warning
    @(328.93 mm, 26.67 mm): Symbol C7 [SYM_C7]
[lib_symbol_issues]: The current configuration does not include the symbol library 'elt'
    ; warning
    @(328.93 mm, 26.67 mm): Symbol C7 [SYM_C7]
[footprint_link_issues]: The current configuration does not include the footprint library 'Button_Switch_THT'
    ; warning
    @(328.93 mm, 189.23 mm): Symbol SW1 [SYM_SW1]
[lib_symbol_issues]: The current configuration does not include the symbol library 'elt'
    ; warning
    @(328.93 mm, 189.23 mm): Symbol SW1 [SYM_SW1]
[lib_symbol_issues]: The current configuration does not include the symbol library 'elt'
    ; warning
    @(330.20 mm, 53.34 mm): Symbol #PWR20 [GND]
[footprint_link_issues]: The current configuration does not include the footprint library 'Resistor_SMD'
    ; warning
    @(330.20 mm, 160.02 mm): Symbol R13 [SYM_R13]
[lib_symbol_issues]: The current configuration does not include the symbol library 'elt'
    ; warning
    @(330.20 mm, 160.02 mm): Symbol R13 [SYM_R13]
[footprint_link_issues]: The current configuration does not include the footprint library 'Package_SO'
    ; warning
    @(335.28 mm, 115.57 mm): Symbol Q2 [SYM_Q2]
[lib_symbol_issues]: The current configuration does not include the symbol library 'elt'
    ; warning
    @(335.28 mm, 115.57 mm): Symbol Q2 [SYM_Q2]
[footprint_link_issues]: The current configuration does not include the footprint library 'Capacitor_SMD'
    ; warning
    @(339.09 mm, 81.28 mm): Symbol C50 [SYM_C50]
[lib_symbol_issues]: The current configuration does not include the symbol library 'elt'
    ; warning
    @(339.09 mm, 81.28 mm): Symbol C50 [SYM_C50]
[lib_symbol_issues]: The current configuration does not include the symbol library 'elt'
    ; warning
    @(339.09 mm, 160.02 mm): Symbol #PWR63 [GND]
[lib_symbol_issues]: The current configuration does not include the symbol library 'elt'
    ; warning
    @(347.98 mm, 81.28 mm): Symbol #PWR39 [GND]
[footprint_link_issues]: The current configuration does not include the footprint library 'Capacitor_SMD'
    ; warning
    @(364.49 mm, 53.34 mm): Symbol C27 [SYM_C27]
[lib_symbol_issues]: The current configuration does not include the symbol library 'elt'
    ; warning
    @(364.49 mm, 53.34 mm): Symbol C27 [SYM_C27]
[lib_symbol_issues]: The current configuration does not include the symbol library 'elt'
    ; warning
    @(372.11 mm, 200.66 mm): Symbol #PWR72 [GND]
[lib_symbol_issues]: The current configuration does not include the symbol library 'elt'
    ; warning
    @(372.11 mm, 213.36 mm): Symbol #PWR73 [GND]
[lib_symbol_issues]: The current configuration does not include the symbol library 'elt'
    ; warning
    @(373.38 mm, 53.34 mm): Symbol #PWR21 [GND]
[footprint_link_issues]: The current configuration does not include the footprint library 'Capacitor_SMD'
    ; warning
    @(378.46 mm, 26.67 mm): Symbol C8 [SYM_C8]
[lib_symbol_issues]: The current configuration does not include the symbol library 'elt'
    ; warning
    @(378.46 mm, 26.67 mm): Symbol C8 [SYM_C8]
[footprint_link_issues]: The current configuration does not include the footprint library 'Resistor_SMD'
    ; warning
    @(378.46 mm, 160.02 mm): Symbol R14 [SYM_R14]
[lib_symbol_issues]: The current configuration does not include the symbol library 'elt'
    ; warning
    @(378.46 mm, 160.02 mm): Symbol R14 [SYM_R14]
[footprint_link_issues]: The current configuration does not include the footprint library 'Package_SO'
    ; warning
    @(381.00 mm, 115.57 mm): Symbol Q3 [SYM_Q3]
[lib_symbol_issues]: The current configuration does not include the symbol library 'elt'
    ; warning
    @(381.00 mm, 115.57 mm): Symbol Q3 [SYM_Q3]
[footprint_link_issues]: The current configuration does not include the footprint library 'Package_SO'
    ; warning
    @(381.00 mm, 200.66 mm): Symbol U2 [SYM_U2]
[lib_symbol_issues]: The current configuration does not include the symbol library 'elt'
    ; warning
    @(381.00 mm, 200.66 mm): Symbol U2 [SYM_U2]
[lib_symbol_issues]: The current configuration does not include the symbol library 'elt'
    ; warning
    @(387.35 mm, 26.67 mm): Symbol #PWR05 [GND]
[footprint_link_issues]: The current configuration does not include the footprint library 'Capacitor_SMD'
    ; warning
    @(388.62 mm, 81.28 mm): Symbol C53 [SYM_C53]
[lib_symbol_issues]: The current configuration does not include the symbol library 'elt'
    ; warning
    @(388.62 mm, 81.28 mm): Symbol C53 [SYM_C53]
[lib_symbol_issues]: The current configuration does not include the symbol library 'elt'
    ; warning
    @(389.89 mm, 193.04 mm): Symbol #PWR74 [GND]
[lib_symbol_issues]: The current configuration does not include the symbol library 'elt'
    ; warning
    @(389.89 mm, 200.66 mm): Symbol #PWR75 [GND]
[lib_symbol_issues]: The current configuration does not include the symbol library 'elt'
    ; warning
    @(389.89 mm, 210.82 mm): Symbol #PWR76 [GND]
[lib_symbol_issues]: The current configuration does not include the symbol library 'elt'
    ; warning
    @(397.51 mm, 81.28 mm): Symbol #PWR40 [GND]
[footprint_link_issues]: The current configuration does not include the footprint library 'Capacitor_SMD'
    ; warning
    @(408.94 mm, 53.34 mm): Symbol C28 [SYM_C28]
[lib_symbol_issues]: The current configuration does not include the symbol library 'elt'
    ; warning
    @(408.94 mm, 53.34 mm): Symbol C28 [SYM_C28]
[lib_symbol_issues]: The current configuration does not include the symbol library 'elt'
    ; warning
    @(417.83 mm, 53.34 mm): Symbol #PWR22 [GND]
[lib_symbol_issues]: The current configuration does not include the symbol library 'elt'
    ; warning
    @(422.91 mm, 187.96 mm): Symbol #PWR77 [GND]
[footprint_link_issues]: The current configuration does not include the footprint library 'Capacitor_SMD'
    ; warning
    @(425.45 mm, 26.67 mm): Symbol C9 [SYM_C9]
[lib_symbol_issues]: The current configuration does not include the symbol library 'elt'
    ; warning
    @(425.45 mm, 26.67 mm): Symbol C9 [SYM_C9]
[footprint_link_issues]: The current configuration does not include the footprint library 'Package_SO'
    ; warning
    @(427.99 mm, 115.57 mm): Symbol Q4 [SYM_Q4]
[lib_symbol_issues]: The current configuration does not include the symbol library 'elt'
    ; warning
    @(427.99 mm, 115.57 mm): Symbol Q4 [SYM_Q4]
[footprint_link_issues]: The current configuration does not include the footprint library 'Resistor_SMD'
    ; warning
    @(429.26 mm, 160.02 mm): Symbol R15 [SYM_R15]
[lib_symbol_issues]: The current configuration does not include the symbol library 'elt'
    ; warning
    @(429.26 mm, 160.02 mm): Symbol R15 [SYM_R15]
[footprint_link_issues]: The current configuration does not include the footprint library 'Package_SON'
    ; warning
    @(431.80 mm, 193.04 mm): Symbol U3 [SYM_U3]
[lib_symbol_issues]: The current configuration does not include the symbol library 'elt'
    ; warning
    @(431.80 mm, 193.04 mm): Symbol U3 [SYM_U3]
[lib_symbol_issues]: The current configuration does not include the symbol library 'elt'
    ; warning
    @(434.34 mm, 26.67 mm): Symbol #PWR06 [GND]
[footprint_link_issues]: The current configuration does not include the footprint library 'Capacitor_SMD'
    ; warning
    @(439.42 mm, 81.28 mm): Symbol C54 [SYM_C54]
[lib_symbol_issues]: The current configuration does not include the symbol library 'elt'
    ; warning
    @(439.42 mm, 81.28 mm): Symbol C54 [SYM_C54]
[lib_symbol_issues]: The current configuration does not include the symbol library 'elt'
    ; warning
    @(440.69 mm, 195.58 mm): Symbol #PWR78 [GND]
[lib_symbol_issues]: The current configuration does not include the symbol library 'elt'
    ; warning
    @(448.31 mm, 81.28 mm): Symbol #PWR41 [GND]
[footprint_link_issues]: The current configuration does not include the footprint library 'Capacitor_SMD'
    ; warning
    @(453.39 mm, 53.34 mm): Symbol C29 [SYM_C29]
[lib_symbol_issues]: The current configuration does not include the symbol library 'elt'
    ; warning
    @(453.39 mm, 53.34 mm): Symbol C29 [SYM_C29]
[lib_symbol_issues]: The current configuration does not include the symbol library 'elt'
    ; warning
    @(462.28 mm, 53.34 mm): Symbol #PWR23 [GND]
[footprint_link_issues]: The current configuration does not include the footprint library 'Capacitor_SMD'
    ; warning
    @(468.63 mm, 26.67 mm): Symbol C10 [SYM_C10]
[lib_symbol_issues]: The current configuration does not include the symbol library 'elt'
    ; warning
    @(468.63 mm, 26.67 mm): Symbol C10 [SYM_C10]
[lib_symbol_issues]: The current configuration does not include the symbol library 'elt'
    ; warning
    @(473.71 mm, 187.96 mm): Symbol #PWR79 [GND]
[footprint_link_issues]: The current configuration does not include the footprint library 'Package_SO'
    ; warning
    @(474.98 mm, 115.57 mm): Symbol Q5 [SYM_Q5]
[lib_symbol_issues]: The current configuration does not include the symbol library 'elt'
    ; warning
    @(474.98 mm, 115.57 mm): Symbol Q5 [SYM_Q5]
[lib_symbol_issues]: The current configuration does not include the symbol library 'elt'
    ; warning
    @(477.52 mm, 26.67 mm): Symbol #PWR07 [GND]
[footprint_link_issues]: The current configuration does not include the footprint library 'Resistor_SMD'
    ; warning
    @(480.06 mm, 160.02 mm): Symbol R16 [SYM_R16]
[lib_symbol_issues]: The current configuration does not include the symbol library 'elt'
    ; warning
    @(480.06 mm, 160.02 mm): Symbol R16 [SYM_R16]
[footprint_link_issues]: The current configuration does not include the footprint library 'Package_SON'
    ; warning
    @(482.60 mm, 193.04 mm): Symbol U4 [SYM_U4]
[lib_symbol_issues]: The current configuration does not include the symbol library 'elt'
    ; warning
    @(482.60 mm, 193.04 mm): Symbol U4 [SYM_U4]
[footprint_link_issues]: The current configuration does not include the footprint library 'Diode_SMD'
    ; warning
    @(487.68 mm, 81.28 mm): Symbol D1 [SYM_D1]
[lib_symbol_issues]: The current configuration does not include the symbol library 'elt'
    ; warning
    @(487.68 mm, 81.28 mm): Symbol D1 [SYM_D1]
[lib_symbol_issues]: The current configuration does not include the symbol library 'elt'
    ; warning
    @(488.95 mm, 160.02 mm): Symbol #PWR64 [GND]
[lib_symbol_issues]: The current configuration does not include the symbol library 'elt'
    ; warning
    @(491.49 mm, 195.58 mm): Symbol #PWR80 [GND]
[lib_symbol_issues]: The current configuration does not include the symbol library 'elt'
    ; warning
    @(496.57 mm, 81.28 mm): Symbol #PWR42 [GND]
[footprint_link_issues]: The current configuration does not include the footprint library 'Capacitor_SMD'
    ; warning
    @(497.84 mm, 53.34 mm): Symbol C30 [SYM_C30]
[lib_symbol_issues]: The current configuration does not include the symbol library 'elt'
    ; warning
    @(497.84 mm, 53.34 mm): Symbol C30 [SYM_C30]
[lib_symbol_issues]: The current configuration does not include the symbol library 'elt'
    ; warning
    @(506.73 mm, 53.34 mm): Symbol #PWR24 [GND]
[footprint_link_issues]: The current configuration does not include the footprint library 'Capacitor_SMD'
    ; warning
    @(513.08 mm, 26.67 mm): Symbol C11 [SYM_C11]
[lib_symbol_issues]: The current configuration does not include the symbol library 'elt'
    ; warning
    @(513.08 mm, 26.67 mm): Symbol C11 [SYM_C11]
[lib_symbol_issues]: The current configuration does not include the symbol library 'elt'
    ; warning
    @(521.97 mm, 26.67 mm): Symbol #PWR08 [GND]
[footprint_link_issues]: The current configuration does not include the footprint library 'Package_SO'
    ; warning
    @(521.97 mm, 115.57 mm): Symbol Q6 [SYM_Q6]
[lib_symbol_issues]: The current configuration does not include the symbol library 'elt'
    ; warning
    @(521.97 mm, 115.57 mm): Symbol Q6 [SYM_Q6]
[lib_symbol_issues]: The current configuration does not include the symbol library 'elt'
    ; warning
    @(524.51 mm, 187.96 mm): Symbol #PWR81 [GND]
[footprint_link_issues]: The current configuration does not include the footprint library 'Resistor_SMD'
    ; warning
    @(530.86 mm, 160.02 mm): Symbol R17 [SYM_R17]
[lib_symbol_issues]: The current configuration does not include the symbol library 'elt'
    ; warning
    @(530.86 mm, 160.02 mm): Symbol R17 [SYM_R17]
[footprint_link_issues]: The current configuration does not include the footprint library 'Diode_SMD'
    ; warning
    @(533.40 mm, 81.28 mm): Symbol D2 [SYM_D2]
[lib_symbol_issues]: The current configuration does not include the symbol library 'elt'
    ; warning
    @(533.40 mm, 81.28 mm): Symbol D2 [SYM_D2]
[footprint_link_issues]: The current configuration does not include the footprint library 'Package_SON'
    ; warning
    @(533.40 mm, 193.04 mm): Symbol U5 [SYM_U5]
[lib_symbol_issues]: The current configuration does not include the symbol library 'elt'
    ; warning
    @(533.40 mm, 193.04 mm): Symbol U5 [SYM_U5]
[footprint_link_issues]: The current configuration does not include the footprint library 'Capacitor_SMD'
    ; warning
    @(542.29 mm, 53.34 mm): Symbol C31 [SYM_C31]
[lib_symbol_issues]: The current configuration does not include the symbol library 'elt'
    ; warning
    @(542.29 mm, 53.34 mm): Symbol C31 [SYM_C31]
[lib_symbol_issues]: The current configuration does not include the symbol library 'elt'
    ; warning
    @(542.29 mm, 195.58 mm): Symbol #PWR82 [GND]
[lib_symbol_issues]: The current configuration does not include the symbol library 'elt'
    ; warning
    @(551.18 mm, 53.34 mm): Symbol #PWR25 [GND]
[footprint_link_issues]: The current configuration does not include the footprint library 'Capacitor_SMD'
    ; warning
    @(557.53 mm, 26.67 mm): Symbol C12 [SYM_C12]
[lib_symbol_issues]: The current configuration does not include the symbol library 'elt'
    ; warning
    @(557.53 mm, 26.67 mm): Symbol C12 [SYM_C12]
[lib_symbol_issues]: The current configuration does not include the symbol library 'elt'
    ; warning
    @(562.61 mm, 115.57 mm): Symbol #PWR56 [GND]
[lib_symbol_issues]: The current configuration does not include the symbol library 'elt'
    ; warning
    @(566.42 mm, 26.67 mm): Symbol #PWR09 [GND]
[footprint_link_issues]: The current configuration does not include the footprint library 'Package_TO_SOT_SMD'
    ; warning
    @(571.50 mm, 114.30 mm): Symbol Q7 [SYM_Q7]
[lib_symbol_issues]: The current configuration does not include the symbol library 'elt'
    ; warning
    @(571.50 mm, 114.30 mm): Symbol Q7 [SYM_Q7]
[lib_symbol_issues]: The current configuration does not include the symbol library 'elt'
    ; warning
    @(574.04 mm, 190.50 mm): Symbol #PWR83 [GND]
[footprint_link_issues]: The current configuration does not include the footprint library 'Resistor_SMD'
    ; warning
    @(580.39 mm, 160.02 mm): Symbol R18 [SYM_R18]
[lib_symbol_issues]: The current configuration does not include the symbol library 'elt'
    ; warning
    @(580.39 mm, 160.02 mm): Symbol R18 [SYM_R18]
[footprint_link_issues]: The current configuration does not include the footprint library 'Diode_SMD'
    ; warning
    @(582.93 mm, 81.28 mm): Symbol D3 [SYM_D3]
[lib_symbol_issues]: The current configuration does not include the symbol library 'elt'
    ; warning
    @(582.93 mm, 81.28 mm): Symbol D3 [SYM_D3]
[footprint_link_issues]: The current configuration does not include the footprint library 'Package_TO_SOT_SMD'
    ; warning
    @(582.93 mm, 190.50 mm): Symbol U6 [SYM_U6]
[lib_symbol_issues]: The current configuration does not include the symbol library 'elt'
    ; warning
    @(582.93 mm, 190.50 mm): Symbol U6 [SYM_U6]
[footprint_link_issues]: The current configuration does not include the footprint library 'Capacitor_SMD'
    ; warning
    @(586.74 mm, 53.34 mm): Symbol C32 [SYM_C32]
[lib_symbol_issues]: The current configuration does not include the symbol library 'elt'
    ; warning
    @(586.74 mm, 53.34 mm): Symbol C32 [SYM_C32]
[lib_symbol_issues]: The current configuration does not include the symbol library 'elt'
    ; warning
    @(595.63 mm, 53.34 mm): Symbol #PWR26 [GND]
[footprint_link_issues]: The current configuration does not include the footprint library 'Capacitor_SMD'
    ; warning
    @(601.98 mm, 26.67 mm): Symbol C13 [SYM_C13]
[lib_symbol_issues]: The current configuration does not include the symbol library 'elt'
    ; warning
    @(601.98 mm, 26.67 mm): Symbol C13 [SYM_C13]
[lib_symbol_issues]: The current configuration does not include the symbol library 'elt'
    ; warning
    @(610.87 mm, 26.67 mm): Symbol #PWR10 [GND]
[footprint_link_issues]: The current configuration does not include the footprint library 'Resistor_SMD'
    ; warning
    @(621.03 mm, 113.03 mm): Symbol R1 [SYM_R1]
[lib_symbol_issues]: The current configuration does not include the symbol library 'elt'
    ; warning
    @(621.03 mm, 113.03 mm): Symbol R1 [SYM_R1]
[lib_symbol_issues]: The current configuration does not include the symbol library 'elt'
    ; warning
    @(621.03 mm, 160.02 mm): Symbol #PWR65 [GND]
[lib_symbol_issues]: The current configuration does not include the symbol library 'elt'
    ; warning
    @(622.30 mm, 190.50 mm): Symbol #PWR84 [GND]
[lib_symbol_issues]: The current configuration does not include the symbol library 'elt'
    ; warning
    @(629.92 mm, 113.03 mm): Symbol #PWR57 [GND]
[footprint_link_issues]: The current configuration does not include the footprint library 'Resistor_SMD'
    ; warning
    @(629.92 mm, 160.02 mm): Symbol R19 [SYM_R19]
[lib_symbol_issues]: The current configuration does not include the symbol library 'elt'
    ; warning
    @(629.92 mm, 160.02 mm): Symbol R19 [SYM_R19]
[footprint_link_issues]: The current configuration does not include the footprint library 'Capacitor_SMD'
    ; warning
    @(631.19 mm, 53.34 mm): Symbol C33 [SYM_C33]
[lib_symbol_issues]: The current configuration does not include the symbol library 'elt'
    ; warning
    @(631.19 mm, 53.34 mm): Symbol C33 [SYM_C33]
[footprint_link_issues]: The current configuration does not include the footprint library 'Package_TO_SOT_SMD'
    ; warning
    @(631.19 mm, 190.50 mm): Symbol U7 [SYM_U7]
[lib_symbol_issues]: The current configuration does not include the symbol library 'elt'
    ; warning
    @(631.19 mm, 190.50 mm): Symbol U7 [SYM_U7]
[footprint_link_issues]: The current configuration does not include the footprint library 'Diode_SMD'
    ; warning
    @(633.73 mm, 81.28 mm): Symbol D4 [SYM_D4]
[lib_symbol_issues]: The current configuration does not include the symbol library 'elt'
    ; warning
    @(633.73 mm, 81.28 mm): Symbol D4 [SYM_D4]
[lib_symbol_issues]: The current configuration does not include the symbol library 'elt'
    ; warning
    @(640.08 mm, 53.34 mm): Symbol #PWR27 [GND]
[footprint_link_issues]: The current configuration does not include the footprint library 'Capacitor_SMD'
    ; warning
    @(646.43 mm, 26.67 mm): Symbol C14 [SYM_C14]
[lib_symbol_issues]: The current configuration does not include the symbol library 'elt'
    ; warning
    @(646.43 mm, 26.67 mm): Symbol C14 [SYM_C14]
[lib_symbol_issues]: The current configuration does not include the symbol library 'elt'
    ; warning
    @(655.32 mm, 26.67 mm): Symbol #PWR11 [GND]
[footprint_link_issues]: The current configuration does not include the footprint library 'Resistor_SMD'
    ; warning
    @(669.29 mm, 113.03 mm): Symbol R2 [SYM_R2]
[lib_symbol_issues]: The current configuration does not include the symbol library 'elt'
    ; warning
    @(669.29 mm, 113.03 mm): Symbol R2 [SYM_R2]
[lib_symbol_issues]: The current configuration does not include the symbol library 'elt'
    ; warning
    @(671.83 mm, 190.50 mm): Symbol #PWR85 [GND]
[footprint_link_issues]: The current configuration does not include the footprint library 'Capacitor_SMD'
    ; warning
    @(674.37 mm, 53.34 mm): Symbol C34 [SYM_C34]
[lib_symbol_issues]: The current configuration does not include the symbol library 'elt'
    ; warning
    @(674.37 mm, 53.34 mm): Symbol C34 [SYM_C34]
[lib_symbol_issues]: The current configuration does not include the symbol library 'elt'
    ; warning
    @(678.18 mm, 113.03 mm): Symbol #PWR58 [GND]
[footprint_link_issues]: The current configuration does not include the footprint library 'Resistor_SMD'
    ; warning
    @(679.45 mm, 160.02 mm): Symbol R20 [SYM_R20]
[lib_symbol_issues]: The current configuration does not include the symbol library 'elt'
    ; warning
    @(679.45 mm, 160.02 mm): Symbol R20 [SYM_R20]
[footprint_link_issues]: The current configuration does not include the footprint library 'Package_TO_SOT_SMD'
    ; warning
    @(680.72 mm, 190.50 mm): Symbol U8 [SYM_U8]
[lib_symbol_issues]: The current configuration does not include the symbol library 'elt'
    ; warning
    @(680.72 mm, 190.50 mm): Symbol U8 [SYM_U8]
[lib_symbol_issues]: The current configuration does not include the symbol library 'elt'
    ; warning
    @(683.26 mm, 53.34 mm): Symbol #PWR28 [GND]
[footprint_link_issues]: The current configuration does not include the footprint library 'Diode_SMD'
    ; warning
    @(683.26 mm, 81.28 mm): Symbol D5 [SYM_D5]
[lib_symbol_issues]: The current configuration does not include the symbol library 'elt'
    ; warning
    @(683.26 mm, 81.28 mm): Symbol D5 [SYM_D5]
[lib_symbol_issues]: The current configuration does not include the symbol library 'elt'
    ; warning
    @(688.34 mm, 160.02 mm): Symbol #PWR66 [GND]
[footprint_link_issues]: The current configuration does not include the footprint library 'Capacitor_SMD'
    ; warning
    @(690.88 mm, 26.67 mm): Symbol C15 [SYM_C15]
[lib_symbol_issues]: The current configuration does not include the symbol library 'elt'
    ; warning
    @(690.88 mm, 26.67 mm): Symbol C15 [SYM_C15]
[lib_symbol_issues]: The current configuration does not include the symbol library 'elt'
    ; warning
    @(692.15 mm, 81.28 mm): Symbol #PWR43 [GND]
[lib_symbol_issues]: The current configuration does not include the symbol library 'elt'
    ; warning
    @(699.77 mm, 26.67 mm): Symbol #PWR12 [GND]
[footprint_link_issues]: The current configuration does not include the footprint library 'Resistor_SMD'
    ; warning
    @(715.01 mm, 113.03 mm): Symbol R3 [SYM_R3]
[lib_symbol_issues]: The current configuration does not include the symbol library 'elt'
    ; warning
    @(715.01 mm, 113.03 mm): Symbol R3 [SYM_R3]
[footprint_link_issues]: The current configuration does not include the footprint library 'Capacitor_SMD'
    ; warning
    @(718.82 mm, 53.34 mm): Symbol C35 [SYM_C35]
[lib_symbol_issues]: The current configuration does not include the symbol library 'elt'
    ; warning
    @(718.82 mm, 53.34 mm): Symbol C35 [SYM_C35]
[lib_symbol_issues]: The current configuration does not include the symbol library 'elt'
    ; warning
    @(722.63 mm, 190.50 mm): Symbol #PWR86 [GND]
[lib_symbol_issues]: The current configuration does not include the symbol library 'elt'
    ; warning
    @(727.71 mm, 53.34 mm): Symbol #PWR29 [GND]
[footprint_link_issues]: The current configuration does not include the footprint library 'Resistor_SMD'
    ; warning
    @(727.71 mm, 160.02 mm): Symbol R21 [SYM_R21]
[lib_symbol_issues]: The current configuration does not include the symbol library 'elt'
    ; warning
    @(727.71 mm, 160.02 mm): Symbol R21 [SYM_R21]
[footprint_link_issues]: The current configuration does not include the footprint library 'Package_TO_SOT_SMD'
    ; warning
    @(731.52 mm, 190.50 mm): Symbol U9 [SYM_U9]
[lib_symbol_issues]: The current configuration does not include the symbol library 'elt'
    ; warning
    @(731.52 mm, 190.50 mm): Symbol U9 [SYM_U9]
[footprint_link_issues]: The current configuration does not include the footprint library 'Fuse'
    ; warning
    @(734.06 mm, 81.28 mm): Symbol F1 [SYM_F1]
[lib_symbol_issues]: The current configuration does not include the symbol library 'elt'
    ; warning
    @(734.06 mm, 81.28 mm): Symbol F1 [SYM_F1]
[footprint_link_issues]: The current configuration does not include the footprint library 'Capacitor_SMD'
    ; warning
    @(735.33 mm, 26.67 mm): Symbol C16 [SYM_C16]
[lib_symbol_issues]: The current configuration does not include the symbol library 'elt'
    ; warning
    @(735.33 mm, 26.67 mm): Symbol C16 [SYM_C16]
[lib_symbol_issues]: The current configuration does not include the symbol library 'elt'
    ; warning
    @(736.60 mm, 160.02 mm): Symbol #PWR67 [GND]
[lib_symbol_issues]: The current configuration does not include the symbol library 'elt'
    ; warning
    @(744.22 mm, 26.67 mm): Symbol #PWR13 [GND]
[footprint_link_issues]: The current configuration does not include the footprint library 'Resistor_SMD'
    ; warning
    @(762.00 mm, 113.03 mm): Symbol R4 [SYM_R4]
[lib_symbol_issues]: The current configuration does not include the symbol library 'elt'
    ; warning
    @(762.00 mm, 113.03 mm): Symbol R4 [SYM_R4]
[footprint_link_issues]: The current configuration does not include the footprint library 'Capacitor_SMD'
    ; warning
    @(763.27 mm, 53.34 mm): Symbol C36 [SYM_C36]
[lib_symbol_issues]: The current configuration does not include the symbol library 'elt'
    ; warning
    @(763.27 mm, 53.34 mm): Symbol C36 [SYM_C36]
[lib_symbol_issues]: The current configuration does not include the symbol library 'elt'
    ; warning
    @(770.89 mm, 113.03 mm): Symbol #PWR59 [GND]
[lib_symbol_issues]: The current configuration does not include the symbol library 'elt'
    ; warning
    @(772.16 mm, 53.34 mm): Symbol #PWR30 [GND]
[lib_symbol_issues]: The current configuration does not include the symbol library 'elt'
    ; warning
    @(772.16 mm, 190.50 mm): Symbol #PWR87 [GND]
[footprint_link_issues]: The current configuration does not include the footprint library 'Resistor_SMD'
    ; warning
    @(775.97 mm, 160.02 mm): Symbol R22 [SYM_R22]
[lib_symbol_issues]: The current configuration does not include the symbol library 'elt'
    ; warning
    @(775.97 mm, 160.02 mm): Symbol R22 [SYM_R22]
[footprint_link_issues]: The current configuration does not include the footprint library 'Capacitor_SMD'
    ; warning
    @(778.51 mm, 26.67 mm): Symbol C17 [SYM_C17]
[lib_symbol_issues]: The current configuration does not include the symbol library 'elt'
    ; warning
    @(778.51 mm, 26.67 mm): Symbol C17 [SYM_C17]
[footprint_link_issues]: The current configuration does not include the footprint library 'Package_TO_SOT_SMD'
    ; warning
    @(781.05 mm, 190.50 mm): Symbol U10 [SYM_U10]
[lib_symbol_issues]: The current configuration does not include the symbol library 'elt'
    ; warning
    @(781.05 mm, 190.50 mm): Symbol U10 [SYM_U10]
[lib_symbol_issues]: The current configuration does not include the symbol library 'elt'
    ; warning
    @(784.86 mm, 160.02 mm): Symbol #PWR68 [GND]
[footprint_link_issues]: The current configuration does not include the footprint library 'Fuse'
    ; warning
    @(786.13 mm, 81.28 mm): Symbol F2 [SYM_F2]
[lib_symbol_issues]: The current configuration does not include the symbol library 'elt'
    ; warning
    @(786.13 mm, 81.28 mm): Symbol F2 [SYM_F2]
[lib_symbol_issues]: The current configuration does not include the symbol library 'elt'
    ; warning
    @(787.40 mm, 26.67 mm): Symbol #PWR14 [GND]
[footprint_link_issues]: The current configuration does not include the footprint library 'Capacitor_SMD'
    ; warning
    @(807.72 mm, 53.34 mm): Symbol C37 [SYM_C37]
[lib_symbol_issues]: The current configuration does not include the symbol library 'elt'
    ; warning
    @(807.72 mm, 53.34 mm): Symbol C37 [SYM_C37]
[footprint_link_issues]: The current configuration does not include the footprint library 'Resistor_SMD'
    ; warning
    @(810.26 mm, 113.03 mm): Symbol R5 [SYM_R5]
[lib_symbol_issues]: The current configuration does not include the symbol library 'elt'
    ; warning
    @(810.26 mm, 113.03 mm): Symbol R5 [SYM_R5]
[lib_symbol_issues]: The current configuration does not include the symbol library 'elt'
    ; warning
    @(816.61 mm, 53.34 mm): Symbol #PWR31 [GND]
[footprint_link_issues]: The current configuration does not include the footprint library 'Resistor_SMD'
    ; warning
    @(821.69 mm, 160.02 mm): Symbol R27 [SYM_R27]
[lib_symbol_issues]: The current configuration does not include the symbol library 'elt'
    ; warning
    @(821.69 mm, 160.02 mm): Symbol R27 [SYM_R27]
[lib_symbol_issues]: The current configuration does not include the symbol library 'elt'
    ; warning
    @(822.96 mm, 200.66 mm): Symbol #PWR88 [GND]
[lib_symbol_issues]: The current configuration does not include the symbol library 'elt'
    ; warning
    @(822.96 mm, 213.36 mm): Symbol #PWR89 [GND]
[lib_symbol_issues]: The current configuration does not include the symbol library 'elt'
    ; warning
    @(825.50 mm, 81.28 mm): Symbol #PWR44 [GND]
[footprint_link_issues]: The current configuration does not include the footprint library 'Capacitor_SMD'
    ; warning
    @(826.77 mm, 26.67 mm): Symbol C18 [SYM_C18]
[lib_symbol_issues]: The current configuration does not include the symbol library 'elt'
    ; warning
    @(826.77 mm, 26.67 mm): Symbol C18 [SYM_C18]
[footprint_link_issues]: The current configuration does not include the footprint library 'Package_SO'
    ; warning
    @(831.85 mm, 200.66 mm): Symbol U11 [SYM_U11]
[lib_symbol_issues]: The current configuration does not include the symbol library 'elt'
    ; warning
    @(831.85 mm, 200.66 mm): Symbol U11 [SYM_U11]
[footprint_link_issues]: The current configuration does not include the footprint library 'usb_hub_3s'
    ; warning
    @(834.39 mm, 81.28 mm): Symbol J1 [SYM_J1]
[lib_symbol_issues]: The current configuration does not include the symbol library 'elt'
    ; warning
    @(834.39 mm, 81.28 mm): Symbol J1 [SYM_J1]
[lib_symbol_issues]: The current configuration does not include the symbol library 'elt'
    ; warning
    @(835.66 mm, 26.67 mm): Symbol #PWR15 [GND]
[lib_symbol_issues]: The current configuration does not include the symbol library 'elt'
    ; warning
    @(840.74 mm, 193.04 mm): Symbol #PWR90 [GND]
[lib_symbol_issues]: The current configuration does not include the symbol library 'elt'
    ; warning
    @(840.74 mm, 200.66 mm): Symbol #PWR91 [GND]
[lib_symbol_issues]: The current configuration does not include the symbol library 'elt'
    ; warning
    @(840.74 mm, 210.82 mm): Symbol #PWR92 [GND]
[footprint_link_issues]: The current configuration does not include the footprint library 'Capacitor_SMD'
    ; warning
    @(854.71 mm, 53.34 mm): Symbol C38 [SYM_C38]
[lib_symbol_issues]: The current configuration does not include the symbol library 'elt'
    ; warning
    @(854.71 mm, 53.34 mm): Symbol C38 [SYM_C38]
[footprint_link_issues]: The current configuration does not include the footprint library 'Resistor_SMD'
    ; warning
    @(861.06 mm, 113.03 mm): Symbol R6 [SYM_R6]
[lib_symbol_issues]: The current configuration does not include the symbol library 'elt'
    ; warning
    @(861.06 mm, 113.03 mm): Symbol R6 [SYM_R6]
[lib_symbol_issues]: The current configuration does not include the symbol library 'elt'
    ; warning
    @(863.60 mm, 53.34 mm): Symbol #PWR32 [GND]
[footprint_link_issues]: The current configuration does not include the footprint library 'Resistor_SMD'
    ; warning
    @(868.68 mm, 160.02 mm): Symbol R28 [SYM_R28]
[lib_symbol_issues]: The current configuration does not include the symbol library 'elt'
    ; warning
    @(868.68 mm, 160.02 mm): Symbol R28 [SYM_R28]
[lib_symbol_issues]: The current configuration does not include the symbol library 'elt'
    ; warning
    @(872.49 mm, 190.50 mm): Symbol #PWR93 [GND]
[footprint_link_issues]: The current configuration does not include the footprint library 'Capacitor_SMD'
    ; warning
    @(876.30 mm, 26.67 mm): Symbol C19 [SYM_C19]
[lib_symbol_issues]: The current configuration does not include the symbol library 'elt'
    ; warning
    @(876.30 mm, 26.67 mm): Symbol C19 [SYM_C19]
[footprint_link_issues]: The current configuration does not include the footprint library 'Package_TO_SOT_SMD'
    ; warning
    @(881.38 mm, 190.50 mm): Symbol U12 [SYM_U12]
[lib_symbol_issues]: The current configuration does not include the symbol library 'elt'
    ; warning
    @(881.38 mm, 190.50 mm): Symbol U12 [SYM_U12]
[footprint_link_issues]: The current configuration does not include the footprint library 'usb_hub_3s'
    ; warning
    @(882.65 mm, 83.82 mm): Symbol J2 [SYM_J2]
[lib_symbol_issues]: The current configuration does not include the symbol library 'elt'
    ; warning
    @(882.65 mm, 83.82 mm): Symbol J2 [SYM_J2]
[lib_symbol_issues]: The current configuration does not include the symbol library 'elt'
    ; warning
    @(891.54 mm, 81.28 mm): Symbol #PWR45 [GND]
[lib_symbol_issues]: The current configuration does not include the symbol library 'elt'
    ; warning
    @(891.54 mm, 83.82 mm): Symbol #PWR46 [GND]

 ** ERC messages: 314  Errors 0  Warnings 314

 ** Ignored checks:
    - Global label only appears once in the schematic
    - Four connection points are joined together
    - SPICE model issue
    - Assigned footprint doesn't match footprint filters
