** Drc report for usb_hub_3s.kicad_pcb **
** Created on 2026-07-22T06:55:59 **
** Report includes: Errors, Warnings, Exclusions **

** Found 15 DRC violations **
[silk_overlap]: Silkscreen clearance
    Rule: board setup constraints silk; warning
    @(35.8000 mm, 52.3000 mm): PCB text 'PROTECTED 3S PACK' on F.Silkscreen
    @(29.9600 mm, 53.6900 mm): Segment of J1 on F.Silkscreen
[silk_overlap]: Silkscreen clearance
    Rule: board setup constraints silk; warning
    @(103.8000 mm, 99.6000 mm): PCB text 'USB-C PD 5-20V 5A MAX' on F.Silkscreen
    @(105.7400 mm, 101.0600 mm): Segment of Q11 on F.Silkscreen
[silk_overlap]: Silkscreen clearance
    Rule: board setup constraints silk; warning
    @(107.8000 mm, 99.8800 mm): Polygon of Q11 on F.Silkscreen
    @(103.8000 mm, 99.6000 mm): PCB text 'USB-C PD 5-20V 5A MAX' on F.Silkscreen
[silk_over_copper]: Silkscreen clipped by solder mask
    Local override; warning
    @(35.8000 mm, 54.3000 mm): PCB text 'ONLY - 9-12.6V IN' on F.Silkscreen
    @(28.0000 mm, 56.0000 mm): PTH pad 1 [GND] of J1
[silk_over_copper]: Silkscreen clipped by solder mask
    Local override; warning
    @(103.8000 mm, 99.6000 mm): PCB text 'USB-C PD 5-20V 5A MAX' on F.Silkscreen
    @(105.5625 mm, 99.5000 mm): Pad 3 [CC2] of Q11 on F.Cu
[silk_over_copper]: Silkscreen clipped by solder mask
    Local override; warning
    @(103.8000 mm, 99.6000 mm): PCB text 'USB-C PD 5-20V 5A MAX' on F.Silkscreen
    @(103.3250 mm, 99.8000 mm): Pad 2 [VCONN_G2] of R26 on F.Cu
[silk_over_copper]: Silkscreen clipped by solder mask
    Local override; warning
    @(103.8000 mm, 99.6000 mm): PCB text 'USB-C PD 5-20V 5A MAX' on F.Silkscreen
    @(101.6750 mm, 99.8000 mm): Pad 1 [VCONN5V] of R26 on F.Cu
[hole_to_hole]: Drilled hole too close to other hole (board setup constraints min 0.2495 mm; actual 0.0000 mm)
    Rule: board setup constraints; warning
    @(71.4500 mm, 65.2500 mm): Via [GND] on F.Cu - B.Cu
    @(71.5400 mm, 65.2500 mm): Via [GND] on F.Cu - B.Cu
[hole_to_hole]: Drilled hole too close to other hole (board setup constraints min 0.2495 mm; actual 0.0000 mm)
    Rule: board setup constraints; warning
    @(58.8620 mm, 37.0250 mm): Via [GND] on F.Cu - B.Cu
    @(58.8600 mm, 37.0200 mm): Via [GND] on F.Cu - B.Cu
[hole_to_hole]: Drilled hole too close to other hole (board setup constraints min 0.2495 mm; actual 0.0000 mm)
    Rule: board setup constraints; warning
    @(71.4500 mm, 64.2500 mm): Via [GND] on F.Cu - B.Cu
    @(71.5400 mm, 64.2500 mm): Via [GND] on F.Cu - B.Cu
[hole_to_hole]: Drilled hole too close to other hole (board setup constraints min 0.2495 mm; actual 0.0000 mm)
    Rule: board setup constraints; warning
    @(64.4600 mm, 66.2500 mm): Via [GND] on F.Cu - B.Cu
    @(64.5500 mm, 66.2500 mm): Via [GND] on F.Cu - B.Cu
[hole_to_hole]: Drilled hole too close to other hole (board setup constraints min 0.2495 mm; actual 0.0000 mm)
    Rule: board setup constraints; warning
    @(71.4500 mm, 65.7500 mm): Via [VIN] on F.Cu - B.Cu
    @(71.5400 mm, 65.7500 mm): Via [VIN] on F.Cu - B.Cu
[holes_co_located]: Drilled holes co-located
    Local override; warning
    @(116.1000 mm, 100.5000 mm): Via [DPC] on F.Cu - B.Cu
    @(116.1000 mm, 100.5000 mm): Via [DPC] on F.Cu - B.Cu
[holes_co_located]: Drilled holes co-located
    Local override; warning
    @(116.1000 mm, 98.0000 mm): Via [DMC] on F.Cu - B.Cu
    @(116.1000 mm, 98.0000 mm): Via [DMC] on F.Cu - B.Cu
[isolated_copper]: Isolated copper fill
    Local override; warning
    @(62.0000 mm, 33.0000 mm): Zone [CS_A] on B.Cu, priority 2

** Found 83 unconnected pads **
[unconnected_items]: Missing connection between items
    Local override; error
    @(20.0000 mm, 20.0000 mm): Zone [GND] on F.Cu, priority 0
    @(20.0000 mm, 20.0000 mm): Zone [GND] on B.Cu, priority 0
[unconnected_items]: Missing connection between items
    Local override; error
    @(20.0000 mm, 20.0000 mm): Zone [GND] on B.Cu, priority 0
    @(20.0000 mm, 20.0000 mm): Zone [GND] on F.Cu, priority 0
[unconnected_items]: Missing connection between items
    Local override; error
    @(20.0000 mm, 20.0000 mm): Zone [GND] on F.Cu, priority 0
    @(20.0000 mm, 20.0000 mm): Zone [GND] on B.Cu, priority 0
[unconnected_items]: Missing connection between items
    Local override; error
    @(20.0000 mm, 20.0000 mm): Zone [GND] on F.Cu, priority 0
    @(20.0000 mm, 20.0000 mm): Zone [GND] on F.Cu, priority 0
[unconnected_items]: Missing connection between items
    Local override; error
    @(20.0000 mm, 20.0000 mm): Zone [GND] on F.Cu, priority 0
    @(20.0000 mm, 20.0000 mm): Zone [GND] on F.Cu, priority 0
[unconnected_items]: Missing connection between items
    Local override; error
    @(20.0000 mm, 20.0000 mm): Zone [GND] on B.Cu, priority 0
    @(20.0000 mm, 20.0000 mm): Zone [GND] on F.Cu, priority 0
[unconnected_items]: Missing connection between items
    Local override; error
    @(20.0000 mm, 20.0000 mm): Zone [GND] on F.Cu, priority 0
    @(20.0000 mm, 20.0000 mm): Zone [GND] on F.Cu, priority 0
[unconnected_items]: Missing connection between items
    Local override; error
    @(20.0000 mm, 20.0000 mm): Zone [GND] on F.Cu, priority 0
    @(20.0000 mm, 20.0000 mm): Zone [GND] on F.Cu, priority 0
[unconnected_items]: Missing connection between items
    Local override; error
    @(20.0000 mm, 20.0000 mm): Zone [GND] on F.Cu, priority 0
    @(20.0000 mm, 20.0000 mm): Zone [GND] on F.Cu, priority 0
[unconnected_items]: Missing connection between items
    Local override; error
    @(20.0000 mm, 20.0000 mm): Zone [GND] on F.Cu, priority 0
    @(20.0000 mm, 20.0000 mm): Zone [GND] on F.Cu, priority 0
[unconnected_items]: Missing connection between items
    Local override; error
    @(20.0000 mm, 20.0000 mm): Zone [GND] on F.Cu, priority 0
    @(20.0000 mm, 20.0000 mm): Zone [GND] on F.Cu, priority 0
[unconnected_items]: Missing connection between items
    Local override; error
    @(20.0000 mm, 20.0000 mm): Zone [GND] on B.Cu, priority 0
    @(20.0000 mm, 20.0000 mm): Zone [GND] on F.Cu, priority 0
[unconnected_items]: Missing connection between items
    Local override; error
    @(20.0000 mm, 20.0000 mm): Zone [GND] on F.Cu, priority 0
    @(20.0000 mm, 20.0000 mm): Zone [GND] on F.Cu, priority 0
[unconnected_items]: Missing connection between items
    Local override; error
    @(20.0000 mm, 20.0000 mm): Zone [GND] on F.Cu, priority 0
    @(20.0000 mm, 20.0000 mm): Zone [GND] on F.Cu, priority 0
[unconnected_items]: Missing connection between items
    Local override; error
    @(20.0000 mm, 20.0000 mm): Zone [GND] on F.Cu, priority 0
    @(20.0000 mm, 20.0000 mm): Zone [GND] on F.Cu, priority 0
[unconnected_items]: Missing connection between items
    Local override; error
    @(20.0000 mm, 20.0000 mm): Zone [GND] on F.Cu, priority 0
    @(20.0000 mm, 20.0000 mm): Zone [GND] on F.Cu, priority 0
[unconnected_items]: Missing connection between items
    Local override; error
    @(20.0000 mm, 20.0000 mm): Zone [GND] on B.Cu, priority 0
    @(20.0000 mm, 20.0000 mm): Zone [GND] on F.Cu, priority 0
[unconnected_items]: Missing connection between items
    Local override; error
    @(20.0000 mm, 20.0000 mm): Zone [GND] on F.Cu, priority 0
    @(20.0000 mm, 20.0000 mm): Zone [GND] on F.Cu, priority 0
[unconnected_items]: Missing connection between items
    Local override; error
    @(20.0000 mm, 20.0000 mm): Zone [GND] on F.Cu, priority 0
    @(20.0000 mm, 20.0000 mm): Zone [GND] on F.Cu, priority 0
[unconnected_items]: Missing connection between items
    Local override; error
    @(20.0000 mm, 20.0000 mm): Zone [GND] on F.Cu, priority 0
    @(20.0000 mm, 20.0000 mm): Zone [GND] on F.Cu, priority 0
[unconnected_items]: Missing connection between items
    Local override; error
    @(20.0000 mm, 20.0000 mm): Zone [GND] on F.Cu, priority 0
    @(20.0000 mm, 20.0000 mm): Zone [GND] on F.Cu, priority 0
[unconnected_items]: Missing connection between items
    Local override; error
    @(20.0000 mm, 20.0000 mm): Zone [GND] on F.Cu, priority 0
    @(20.0000 mm, 20.0000 mm): Zone [GND] on F.Cu, priority 0
[unconnected_items]: Missing connection between items
    Local override; error
    @(20.0000 mm, 20.0000 mm): Zone [GND] on F.Cu, priority 0
    @(20.0000 mm, 20.0000 mm): Zone [GND] on F.Cu, priority 0
[unconnected_items]: Missing connection between items
    Local override; error
    @(20.0000 mm, 20.0000 mm): Zone [GND] on F.Cu, priority 0
    @(20.0000 mm, 20.0000 mm): Zone [GND] on F.Cu, priority 0
[unconnected_items]: Missing connection between items
    Local override; error
    @(20.0000 mm, 20.0000 mm): Zone [GND] on F.Cu, priority 0
    @(20.0000 mm, 20.0000 mm): Zone [GND] on F.Cu, priority 0
[unconnected_items]: Missing connection between items
    Local override; error
    @(20.0000 mm, 20.0000 mm): Zone [GND] on F.Cu, priority 0
    @(20.0000 mm, 20.0000 mm): Zone [GND] on B.Cu, priority 0
[unconnected_items]: Missing connection between items
    Local override; error
    @(20.0000 mm, 20.0000 mm): Zone [GND] on F.Cu, priority 0
    @(20.0000 mm, 20.0000 mm): Zone [GND] on F.Cu, priority 0
[unconnected_items]: Missing connection between items
    Local override; error
    @(20.0000 mm, 20.0000 mm): Zone [GND] on F.Cu, priority 0
    @(20.0000 mm, 20.0000 mm): Zone [GND] on F.Cu, priority 0
[unconnected_items]: Missing connection between items
    Local override; error
    @(20.0000 mm, 20.0000 mm): Zone [GND] on B.Cu, priority 0
    @(20.0000 mm, 20.0000 mm): Zone [GND] on F.Cu, priority 0
[unconnected_items]: Missing connection between items
    Local override; error
    @(20.0000 mm, 20.0000 mm): Zone [GND] on F.Cu, priority 0
    @(20.0000 mm, 20.0000 mm): Zone [GND] on F.Cu, priority 0
[unconnected_items]: Missing connection between items
    Local override; error
    @(20.0000 mm, 20.0000 mm): Zone [GND] on F.Cu, priority 0
    @(20.0000 mm, 20.0000 mm): Zone [GND] on F.Cu, priority 0
[unconnected_items]: Missing connection between items
    Local override; error
    @(20.0000 mm, 20.0000 mm): Zone [GND] on F.Cu, priority 0
    @(20.0000 mm, 20.0000 mm): Zone [GND] on F.Cu, priority 0
[unconnected_items]: Missing connection between items
    Local override; error
    @(20.0000 mm, 20.0000 mm): Zone [GND] on F.Cu, priority 0
    @(98.5500 mm, 32.0250 mm): Pad 1 [GND] of U3 on F.Cu
[unconnected_items]: Missing connection between items
    Local override; error
    @(20.0000 mm, 20.0000 mm): Zone [GND] on F.Cu, priority 0
    @(98.5500 mm, 50.0250 mm): Pad 1 [GND] of U4 on F.Cu
[unconnected_items]: Missing connection between items
    Local override; error
    @(20.0000 mm, 20.0000 mm): Zone [GND] on F.Cu, priority 0
    @(98.5500 mm, 68.0250 mm): Pad 1 [GND] of U5 on F.Cu
[unconnected_items]: Missing connection between items
    Local override; error
    @(20.0000 mm, 20.0000 mm): Zone [GND] on F.Cu, priority 0
    @(20.0000 mm, 20.0000 mm): Zone [GND] on F.Cu, priority 0
[unconnected_items]: Missing connection between items
    Local override; error
    @(20.0000 mm, 20.0000 mm): Zone [GND] on F.Cu, priority 0
    @(20.0000 mm, 20.0000 mm): Zone [GND] on F.Cu, priority 0
[unconnected_items]: Missing connection between items
    Local override; error
    @(98.5500 mm, 32.0250 mm): Pad 1 [GND] of U3 on F.Cu
    @(20.0000 mm, 20.0000 mm): Zone [GND] on F.Cu, priority 0
[unconnected_items]: Missing connection between items
    Local override; error
    @(20.0000 mm, 20.0000 mm): Zone [GND] on F.Cu, priority 0
    @(20.0000 mm, 20.0000 mm): Zone [GND] on F.Cu, priority 0
[unconnected_items]: Missing connection between items
    Local override; error
    @(20.0000 mm, 20.0000 mm): Zone [GND] on F.Cu, priority 0
    @(20.0000 mm, 20.0000 mm): Zone [GND] on F.Cu, priority 0
[unconnected_items]: Missing connection between items
    Local override; error
    @(20.0000 mm, 20.0000 mm): Zone [GND] on F.Cu, priority 0
    @(20.0000 mm, 20.0000 mm): Zone [GND] on F.Cu, priority 0
[unconnected_items]: Missing connection between items
    Local override; error
    @(20.0000 mm, 20.0000 mm): Zone [GND] on F.Cu, priority 0
    @(20.0000 mm, 20.0000 mm): Zone [GND] on F.Cu, priority 0
[unconnected_items]: Missing connection between items
    Local override; error
    @(20.0000 mm, 20.0000 mm): Zone [GND] on F.Cu, priority 0
    @(20.0000 mm, 20.0000 mm): Zone [GND] on F.Cu, priority 0
[unconnected_items]: Missing connection between items
    Local override; error
    @(20.0000 mm, 20.0000 mm): Zone [GND] on F.Cu, priority 0
    @(20.0000 mm, 20.0000 mm): Zone [GND] on F.Cu, priority 0
[unconnected_items]: Missing connection between items
    Local override; error
    @(20.0000 mm, 20.0000 mm): Zone [GND] on F.Cu, priority 0
    @(20.0000 mm, 20.0000 mm): Zone [GND] on F.Cu, priority 0
[unconnected_items]: Missing connection between items
    Local override; error
    @(20.0000 mm, 20.0000 mm): Zone [GND] on F.Cu, priority 0
    @(20.0000 mm, 20.0000 mm): Zone [GND] on F.Cu, priority 0
[unconnected_items]: Missing connection between items
    Local override; error
    @(20.0000 mm, 20.0000 mm): Zone [GND] on F.Cu, priority 0
    @(20.0000 mm, 20.0000 mm): Zone [GND] on F.Cu, priority 0
[unconnected_items]: Missing connection between items
    Local override; error
    @(20.0000 mm, 20.0000 mm): Zone [GND] on F.Cu, priority 0
    @(20.0000 mm, 20.0000 mm): Zone [GND] on F.Cu, priority 0
[unconnected_items]: Missing connection between items
    Local override; error
    @(20.0000 mm, 20.0000 mm): Zone [GND] on F.Cu, priority 0
    @(20.0000 mm, 20.0000 mm): Zone [GND] on F.Cu, priority 0
[unconnected_items]: Missing connection between items
    Local override; error
    @(20.0000 mm, 20.0000 mm): Zone [GND] on F.Cu, priority 0
    @(20.0000 mm, 20.0000 mm): Zone [GND] on F.Cu, priority 0
[unconnected_items]: Missing connection between items
    Local override; error
    @(20.0000 mm, 20.0000 mm): Zone [GND] on F.Cu, priority 0
    @(20.0000 mm, 20.0000 mm): Zone [GND] on F.Cu, priority 0
[unconnected_items]: Missing connection between items
    Local override; error
    @(117.5000 mm, 100.5000 mm): Pad 2 [GND] of D8 on F.Cu
    @(20.0000 mm, 20.0000 mm): Zone [GND] on F.Cu, priority 0
[unconnected_items]: Missing connection between items
    Local override; error
    @(20.0000 mm, 20.0000 mm): Zone [GND] on B.Cu, priority 0
    @(20.0000 mm, 20.0000 mm): Zone [GND] on F.Cu, priority 0
[unconnected_items]: Missing connection between items
    Local override; error
    @(20.0000 mm, 20.0000 mm): Zone [GND] on B.Cu, priority 0
    @(20.0000 mm, 20.0000 mm): Zone [GND] on F.Cu, priority 0
[unconnected_items]: Missing connection between items
    Local override; error
    @(69.7000 mm, 70.9000 mm): Zone [LX2] on F.Cu, priority 2
    @(69.7000 mm, 70.9000 mm): Zone [LX2] on F.Cu, priority 2
[unconnected_items]: Missing connection between items
    Local override; error
    @(69.7000 mm, 70.9000 mm): Zone [LX2] on F.Cu, priority 2
    @(69.7000 mm, 70.9000 mm): Zone [LX2] on F.Cu, priority 2
[unconnected_items]: Missing connection between items
    Local override; error
    @(45.3000 mm, 80.5000 mm): Zone [VOUT_PD] on F.Cu, priority 2
    @(45.3000 mm, 80.5000 mm): Zone [VOUT_PD] on F.Cu, priority 2
[unconnected_items]: Missing connection between items
    Local override; error
    @(45.3000 mm, 80.5000 mm): Zone [VOUT_PD] on F.Cu, priority 2
    @(45.3000 mm, 80.5000 mm): Zone [VOUT_PD] on F.Cu, priority 2
[unconnected_items]: Missing connection between items
    Local override; error
    @(63.0500 mm, 66.7500 mm): Track [VOUT_PD] on F.Cu, length 1.0000 mm
    @(47.5000 mm, 83.4625 mm): Pad 2 [VOUT_PD] of RS3 on F.Cu
[unconnected_items]: Missing connection between items
    Local override; error
    @(43.4500 mm, 66.1000 mm): Pad 1 [VIN] of D5 on F.Cu
    @(41.0000 mm, 78.7000 mm): Zone [VIN] on F.Cu, priority 3
[unconnected_items]: Missing connection between items
    Local override; error
    @(50.6750 mm, 44.4000 mm): Pad 1 [VIN] of R9 on F.Cu
    @(46.6750 mm, 44.4000 mm): Pad 1 [VIN] of R5 on F.Cu
[unconnected_items]: Missing connection between items
    Local override; error
    @(50.6750 mm, 44.4000 mm): Pad 1 [VIN] of R9 on F.Cu
    @(53.1375 mm, 35.0750 mm): Pad 1 [VIN] of U2 on F.Cu
[unconnected_items]: Missing connection between items
    Local override; error
    @(54.6250 mm, 26.7000 mm): Pad 1 [VIN] of C5 on F.Cu
    @(53.1375 mm, 35.0750 mm): Pad 1 [VIN] of U2 on F.Cu
[unconnected_items]: Missing connection between items
    Local override; error
    @(56.0000 mm, 22.5000 mm): Zone [VIN] on F.Cu, priority 2
    @(54.6250 mm, 26.7000 mm): Pad 1 [VIN] of C5 on F.Cu
[unconnected_items]: Missing connection between items
    Local override; error
    @(73.6250 mm, 23.3000 mm): Pad 1 [VIN] of C8 on F.Cu
    @(72.0000 mm, 26.9000 mm): Via [VIN] on F.Cu - B.Cu
[unconnected_items]: Missing connection between items
    Local override; error
    @(84.6000 mm, 56.5000 mm): Zone [VIN] on F.Cu, priority 2
    @(84.6000 mm, 56.5000 mm): Zone [VIN] on F.Cu, priority 2
[unconnected_items]: Missing connection between items
    Local override; error
    @(84.6000 mm, 56.5000 mm): Zone [VIN] on F.Cu, priority 2
    @(84.6000 mm, 56.5000 mm): Zone [VIN] on F.Cu, priority 2
[unconnected_items]: Missing connection between items
    Local override; error
    @(52.6000 mm, 80.4000 mm): Zone [LX1] on F.Cu, priority 3
    @(57.4000 mm, 85.6000 mm): Pad 2 [LX1] of L1 on F.Cu
[unconnected_items]: Missing connection between items
    Local override; error
    @(67.7500 mm, 67.4500 mm): Pad 18 [LX1] of U1 on F.Cu
    @(57.6000 mm, 67.9000 mm): Zone [LX1] on F.Cu, priority 3
[unconnected_items]: Missing connection between items
    Local override; error
    @(86.0000 mm, 24.0000 mm): Zone [5VA] on F.Cu, priority 2
    @(86.0000 mm, 24.0000 mm): Zone [5VA] on F.Cu, priority 2
[unconnected_items]: Missing connection between items
    Local override; error
    @(86.0000 mm, 24.0000 mm): Zone [5VA] on F.Cu, priority 2
    @(86.0000 mm, 24.0000 mm): Zone [5VA] on F.Cu, priority 2
[unconnected_items]: Missing connection between items
    Local override; error
    @(86.0000 mm, 24.0000 mm): Zone [5VA] on F.Cu, priority 2
    @(86.0000 mm, 24.0000 mm): Zone [5VA] on F.Cu, priority 2
[unconnected_items]: Missing connection between items
    Local override; error
    @(86.0000 mm, 24.0000 mm): Zone [5VA] on F.Cu, priority 2
    @(86.0000 mm, 24.0000 mm): Zone [5VA] on F.Cu, priority 2
[unconnected_items]: Missing connection between items
    Local override; error
    @(86.0000 mm, 24.0000 mm): Zone [5VA] on F.Cu, priority 2
    @(86.0000 mm, 24.0000 mm): Zone [5VA] on F.Cu, priority 2
[unconnected_items]: Missing connection between items
    Local override; error
    @(99.0000 mm, 79.5000 mm): Pad 2 [5VA] of D2 on F.Cu
    @(86.0000 mm, 24.0000 mm): Zone [5VA] on F.Cu, priority 2
[unconnected_items]: Missing connection between items
    Local override; error
    @(99.2250 mm, 63.4000 mm): Pad 1 [5VA] of C43 on F.Cu
    @(86.0000 mm, 24.0000 mm): Zone [5VA] on F.Cu, priority 2
[unconnected_items]: Missing connection between items
    Local override; error
    @(77.9000 mm, 68.9000 mm): Zone [VIN_S] on F.Cu, priority 2
    @(77.6000 mm, 70.5000 mm): Zone [VIN_S] on B.Cu, priority 2
[unconnected_items]: Missing connection between items
    Local override; error
    @(77.9000 mm, 68.9000 mm): Zone [VIN_S] on F.Cu, priority 2
    @(77.9000 mm, 68.9000 mm): Zone [VIN_S] on F.Cu, priority 2
[unconnected_items]: Missing connection between items
    Local override; error
    @(45.5000 mm, 68.4000 mm): Zone [VOUT_PDS] on F.Cu, priority 2
    @(45.5000 mm, 68.4000 mm): Zone [VOUT_PDS] on F.Cu, priority 2
[unconnected_items]: Missing connection between items
    Local override; error
    @(47.5000 mm, 77.5375 mm): Track [VOUT_PDS] on F.Cu, length 3.5038 mm
    @(48.7050 mm, 74.9050 mm): Pad 5 [VOUT_PDS] of Q6 on F.Cu
[unconnected_items]: Missing connection between items
    Local override; error
    @(66.2500 mm, 67.4500 mm): Pad 15 [VOUT_PDS] of U1 on F.Cu
    @(45.5000 mm, 68.4000 mm): Zone [VOUT_PDS] on F.Cu, priority 2
[unconnected_items]: Missing connection between items
    Local override; error
    @(100.0000 mm, 65.0000 mm): Zone [VBUSA3] on F.Cu, priority 2
    @(100.0000 mm, 65.0000 mm): Zone [VBUSA3] on F.Cu, priority 2
[unconnected_items]: Missing connection between items
    Local override; error
    @(100.0000 mm, 65.0000 mm): Zone [VBUSA3] on F.Cu, priority 2
    @(100.0000 mm, 65.0000 mm): Zone [VBUSA3] on F.Cu, priority 2

** Found 0 Footprint errors **

** Ignored checks **
    - Footprint has no courtyard defined
    - Track endpoint not centered on via
    - Tuning profile track geometries
    - Footprint doesn't match symbol's footprint filters
    - Footprint component type doesn't match footprint pads

** End of Report **
